Component: ARM Compiler 5.06 update 4 (build 422) Tool: armlink [4d35d2]

==============================================================================

Section Cross References

    main.o(i.SpeTask) refers to aeabi_sdivfast.o(.text) for __aeabi_idivmod
    main.o(i.SpeTask) refers to diagtask.o(i.__DiagTask_EEPTask) for __DiagTask_EEPTask
    main.o(i.SpeTask) refers to main.o(.data) for ucPoll
    main.o(i.SpeTask) refers to stat.o(.data) for Stat
    main.o(i.SysInit) refers to interrupt_manager.o(i.INT_SYS_DisableIRQGlobal) for INT_SYS_DisableIRQGlobal
    main.o(i.SysInit) refers to sys.o(i.SYS_Init) for SYS_Init
    main.o(i.SysInit) refers to adc.o(i.ADC_Init) for ADC_Init
    main.o(i.SysInit) refers to sys.o(i.PORT_Init) for PORT_Init
    main.o(i.SysInit) refers to bsp_uart.o(i.BSP_UART_Init) for BSP_UART_Init
    main.o(i.SysInit) refers to diagtask.o(i.__DiagTask_Init) for __DiagTask_Init
    main.o(i.SysInit) refers to time.o(i.Time_Init) for Time_Init
    main.o(i.SysInit) refers to stat.o(i.Stat_Init) for Stat_Init
    main.o(i.SysInit) refers to flag.o(i.Flag_Init) for Flag_Init
    main.o(i.SysInit) refers to bsp_eeprom.o(i.BSP_EEPROM_Initialize) for BSP_EEPROM_Initialize
    main.o(i.SysInit) refers to interrupt_manager.o(i.INT_SYS_EnableIRQGlobal) for INT_SYS_EnableIRQGlobal
    main.o(i.SysInit) refers to stat.o(.data) for Stat
    main.o(i.SysInit) refers to globe.o(.bss) for gstRDsysTick
    main.o(i.SysMonitor) refers to wdog_driver.o(i.WDOG_DRV_Trigger) for WDOG_DRV_Trigger
    main.o(i.SysMonitor) refers to time.o(i.Time_Out) for Time_Out
    main.o(i.SysMonitor) refers to diagtask.o(i.__DiagTask_HandleTask) for __DiagTask_HandleTask
    main.o(i.SysMonitor) refers to updatacanmessage.o(i.UpdataCanMessage) for UpdataCanMessage
    main.o(i.SysMonitor) refers to rte.o(i.__RTE_AppFillPriodicMsg) for __RTE_AppFillPriodicMsg
    main.o(i.SysMonitor) refers to diagtask.o(i.__DiagTask_Period2msTask) for __DiagTask_Period2msTask
    main.o(i.SysMonitor) refers to adc.o(i.ADC_GetADC0Task) for ADC_GetADC0Task
    main.o(i.SysMonitor) refers to diagtask.o(i.__DiagTask_Period10msTask) for __DiagTask_Period10msTask
    main.o(i.SysMonitor) refers to rte.o(i.__RTE_AppPWADCValue) for __RTE_AppPWADCValue
    main.o(i.SysMonitor) refers to sysrun.o(i.CAN_22_2E_FillData) for CAN_22_2E_FillData
    main.o(i.SysMonitor) refers to diagtask.o(i.__DiagTask_Period100msTask) for __DiagTask_Period100msTask
    main.o(i.SysMonitor) refers to time.o(.bss) for Time
    main.o(i.SysMonitor) refers to flag.o(.data) for Flag
    main.o(i.SysMonitor) refers to time.o(.data) for SysTickNms
    main.o(i.SysTask) refers to main.o(i.SysMonitor) for SysMonitor
    main.o(i.SysTask) refers to flag.o(.data) for Flag
    main.o(i.main) refers to main.o(i.SysInit) for SysInit
    main.o(i.main) refers to wdog_driver.o(i.WDOG_DRV_Trigger) for WDOG_DRV_Trigger
    main.o(i.main) refers to main.o(i.SysTask) for SysTask
    main.o(i.main) refers to main.o(i.SpeTask) for SpeTask
    main.o(i.main) refers to sysrun.o(i.sysRuning) for sysRuning
    main.o(i.main) refers to time.o(.data) for SysTickCnt
    main.o(i.main) refers to globe.o(.bss) for gbFlagData
    main.o(i.main) refers to globe.o(.data) for gPauseCnt
    rte.o(i.__RTE_2FModeOnSt) refers to diagtask.o(i.__DiagTask_Rcv2FCheck) for __DiagTask_Rcv2FCheck
    rte.o(i.__RTE_5sAppMsgTriggerByLocalEvent_Start) refers to diagtask.o(i.__DiagTask_5sAppMsg_Start) for __DiagTask_5sAppMsg_Start
    rte.o(i.__RTE_AppEepromRead) refers to diagtask.o(i.__DiagTask_EEPRead) for __DiagTask_EEPRead
    rte.o(i.__RTE_AppEepromWrite) refers to diagtask.o(i.__DiagTask_EEPWrite) for __DiagTask_EEPWrite
    rte.o(i.__RTE_AppFillPriodicMsg) refers to diagtask.o(i.__DiagTask_UpdatePriodicMsg) for __DiagTask_UpdatePriodicMsg
    rte.o(i.__RTE_AppPWADCValue) refers to diagtask.o(i.__DiagTask_SetPowerValue) for __DiagTask_SetPowerValue
    rte.o(i.__RTE_AppPWADCValue) refers to globe.o(.bss) for ADtable
    rte.o(i.__RTE_AppPWADCValue) refers to rte.o(.data) for __g_rtc_adctempvalue
    rte.o(i.__RTE_AppRxPriodicMsg) refers to diagtask.o(i.__DiagTask_RxPeriodMsg) for __DiagTask_RxPeriodMsg
    rte.o(i.__RTE_ClrRcv2FMsgSt) refers to diagtask.o(i.__DiagTask_Clr2FRcvFlag) for __DiagTask_Clr2FRcvFlag
    rte.o(i.__RTE_ClrRcvCDCMsgSt) refers to diagtask.o(i.__DiagTask_ClrRcvCDCFlag) for __DiagTask_ClrRcvCDCFlag
    rte.o(i.__RTE_ClrRcvTELMsgSt) refers to diagtask.o(i.__DiagTask_ClrRcvTELFlag) for __DiagTask_ClrRcvTELFlag
    rte.o(i.__RTE_RcvCDCMsgSt) refers to diagtask.o(i.__DiagTask_RcvCDCCheck) for __DiagTask_RcvCDCCheck
    rte.o(i.__RTE_RcvTELMsgSt) refers to diagtask.o(i.__DiagTask_RcvTELCheck) for __DiagTask_RcvTELCheck
    rte.o(i.__RTE_SendAppMsg) refers to diagtask.o(i.__DiagTask_SendAppMsg) for __DiagTask_SendAppMsg
    rte.o(i.__RTE_SetDidVIBData) refers to diagtask.o(i.__DiagTask_DidVibDataSet) for __DiagTask_DidVibDataSet
[...]
    SysTickCnt                               0x20000124   Data           4  time.o(.data)
    SysTickNms                               0x20000128   Data           4  time.o(.data)
    SysTick10ms                              0x2000012c   Data           4  time.o(.data)
    SysTick100ms                             0x20000130   Data           4  time.o(.data)
    SysTick1s                                0x20000134   Data           4  time.o(.data)
    adc_context                              0x20000138   Data           4  bsp_adcollect.o(.data)
    gTempAD_Cnt                              0x2000013c   Data           1  bsp_adcollect.o(.data)
    gTempAD_Ntc1                             0x2000013e   Data           2  bsp_adcollect.o(.data)
    gTempAD_Ntc2                             0x20000140   Data           2  bsp_adcollect.o(.data)
    gAD_HeatCoolCurent                       0x20000142   Data           2  bsp_adcollect.o(.data)
    gADLedCurent                             0x20000144   Data           2  bsp_adcollect.o(.data)
    gADOzneCurent                            0x20000146   Data           2  bsp_adcollect.o(.data)
    gADVin                                   0x20000148   Data           2  bsp_adcollect.o(.data)
    gstAD_Aversage                           0x2000014c   Data          48  bsp_adcollect.o(.data)
    gKeyValue                                0x2000017f   Data           1  bsp_uart.o(.data)
    stBuzzerTab                              0x20000188   Data          40  buzzer.o(.data)
    stBuzzerTab1                             0x200001b0   Data          40  buzzer.o(.data)
    stBuzzerTab2                             0x200001d8   Data          56  buzzer.o(.data)
    stBuzzerTab31                            0x20000210   Data          80  buzzer.o(.data)
    stBuzzerTab32                            0x20000260   Data          16  buzzer.o(.data)
    stBuzzerTab33                            0x20000270   Data          16  buzzer.o(.data)
    stBuzzerTab34                            0x20000280   Data          16  buzzer.o(.data)
    stBuzzerTab35                            0x20000290   Data          16  buzzer.o(.data)
    stBuzzerTab36                            0x200002a0   Data          24  buzzer.o(.data)
    gstLingMinConfig                         0x200002cb   Data          12  functab.o(.data)
    ImageTemprertureTab                      0x200002d7   Data          24  functab.o(.data)
    TemprertureTab                           0x200002ef   Data          24  functab.o(.data)
    gLightAdjust                             0x20000308   Data           1  globe.o(.data)
    gtab                                     0x20000309   Data           8  globe.o(.data)
    gErrorCode                               0x20000311   Data           1  globe.o(.data)
    gstPushPop                               0x20000312   Data           2  globe.o(.data)
    gSendData                                0x20000314   Data           3  globe.o(.data)
    gTempHeat                                0x20000317   Data           1  globe.o(.data)
    gTempAD                                  0x20000318   Data           1  globe.o(.data)
    gEEpromData                              0x20000319   Data           3  globe.o(.data)
    gHeatCool                                0x2000031c   Data           8  globe.o(.data)
    gPwmDuty                                 0x20000324   Data           1  globe.o(.data)
    gVCU_VIBModeCfg                          0x20000325   Data           1  globe.o(.data)
    gHeatCoolTemp                            0x20000328   Data           4  globe.o(.data)
    gstTempCompensation                      0x2000032c   Data           5  globe.o(.data)
    stBusState                               0x20000331   Data           1  globe.o(.data)
    gst22_2EMessage                          0x20000332   Data           7  globe.o(.data)
    gUartSingnalCnt                          0x20000339   Data           1  globe.o(.data)
    gForceOutputFlag                         0x2000033a   Data           1  globe.o(.data)
    gstFactory                               0x2000033b   Data           4  globe.o(.data)
    gstDisplayCode                           0x2000033f   Data           4  globe.o(.data)
    gPauseCnt                                0x20000344   Data           2  globe.o(.data)
    gChouTiOpenCnt                           0x20000346   Data           2  globe.o(.data)
    gstCanMessage                            0x20000348   Data           8  globe.o(.data)
    gLightByte                               0x20000350   Data           1  globe.o(.data)
    TempTab                                  0x20000352   Data         282  globe.o(.data)
    peripheralClockConfig0                   0x2000049c   Data          70  clockman1.o(.data)
    clockMan1_InitConfig0                    0x200004e4   Data         120  clockman1.o(.data)
    g_clockManConfigsArr                     0x2000055c   Data           4  clockman1.o(.data)
    g_clockManCallbacksArr                   0x20000560   Data           4  clockman1.o(.data)
    flexTimer_pwm1_IndependentChannelsConfig 0x20000564   Data          10  flextimer_pwm1.o(.data)
    flexTimer_pwm1_PwmConfig                 0x20000570   Data          24  flextimer_pwm1.o(.data)
    flexTimer_pwm1_InitConfig                0x20000588   Data          18  flextimer_pwm1.o(.data)
    g_RtcClkInFreq                           0x2000059c   Data           4  clock_s32k1xx.o(.data)
    g_xtal0ClkFreq                           0x200005a0   Data           4  clock_s32k1xx.o(.data)
    g_lpspiBase                              0x20000618   Data           4  lpspi_shared_function.o(.data)
    g_lpspiIrqId                             0x2000061c   Data           1  lpspi_shared_function.o(.data)
    g_lpspiStatePtr                          0x20000620   Data           4  lpspi_shared_function.o(.data)
    ftmStatePtr                              0x20000628   Data           8  ftm_common.o(.data)
    __g_rcvtelflag                           0x20000630   Data           1  diagtask.o(.data)
    __g_rcvcdcflag                           0x20000631   Data           1  diagtask.o(.data)
    __g_rcv2fflag                            0x20000632   Data           1  diagtask.o(.data)
    __g_2fonflag                             0x20000633   Data           1  diagtask.o(.data)
    __g_2fctrldata                           0x20000634   Data           2  diagtask.o(.data)
    __g_poweradcvalue                        0x20000636   Data           2  diagtask.o(.data)
    __g_poweradcvaluemax                     0x20000638   Data           2  diagtask.o(.data)
    __g_poweradcvalue12V                     0x2000063a   Data           2  diagtask.o(.data)
    __g_didvibdatabuf                        0x2000063c   Data           8  diagtask.o(.data)
    __g_send5sflag                           0x20000644   Data           1  canapp.o(.data)
    __g_send5scnt                            0x20000646   Data           2  canapp.o(.data)
    __g_factorymode                          0x20000648   Data           1  candiag.o(.data)
    DID2FList                                0x2000064c   Data           8  diagdid.o(.data)
    sBox                                     0x20000657   Data         256  aes.o(.data)
    invsBox                                  0x20000757   Data         256  aes.o(.data)
    Image$$RW_m_data$$Limit                  0x20000858   Number         0  anon$$obj.o ABSOLUTE
    MbInfo                                   0x20000858   Data          16  flexcan.o(.bss)
    ftmStateStruct                           0x20000868   Data          96  sys.o(.bss)
    Time                                     0x200008c8   Data          48  time.o(.bss)
    uart_txbuffer                            0x200008f8   Data          10  globe.o(.bss)
    ADtable                                  0x20000902   Data          12  globe.o(.bss)
    gstADCollect                             0x20000910   Data          24  globe.o(.bss)
    gstRDsysTick                             0x20000928   Data          20  globe.o(.bss)
    gEventBuffer                             0x2000093c   Data          20  globe.o(.bss)
    gbNoInitFlagData                         0x20000950   Data          10  globe.o(.bss)
    gbFlagData                               0x2000095a   Data          10  globe.o(.bss)
    gstYaSuoJiErrow                          0x20000964   Data          10  globe.o(.bss)
    gstTELMessage                            0x2000096e   Data          50  globe.o(.bss)
    gstCDCMessage                            0x200009a0   Data          50  globe.o(.bss)
    gstCANDtcCnt                             0x200009d2   Data          10  globe.o(.bss)
    Stab                                     0x200009dc   Data          10  factory.o(.bss)
    flexTimer_pwm1_FaultConfig               0x200009e6   Data          16  flextimer_pwm1.o(.bss)
    g_TClkFreq                               0x20000a08   Data          12  clock_s32k1xx.o(.bss)
    CarInfo                                  0x20000a14   Data          52  carsign.o(.bss)
    CanRcvBuf                                0x20000a48   Data         264  canall.o(.bss)
    CanInfo                                  0x20000b50   Data          24  canall.o(.bss)
    Nm2Info                                  0x20000b68   Data          28  cannm2.o(.bss)
    CanRcvMsgApp                             0x20000b84   Data          16  canapp.o(.bss)
    CanSenMsgApp                             0x20000b94   Data          16  canapp.o(.bss)
    CanRcvMsgBCM318                          0x20000ba4   Data          16  canapp.o(.bss)
    CanRcvMsgACU35A                          0x20000bb4   Data          16  canapp.o(.bss)
    CanRcvMsgICM31E                          0x20000bc4   Data          16  canapp.o(.bss)
    CanRcvMsgCDC093                          0x20000bd4   Data          16  canapp.o(.bss)
    CanRcvMsgTEL097                          0x20000be4   Data          16  canapp.o(.bss)
    CanSenMsgVIB383                          0x20000bf4   Data          16  canapp.o(.bss)
    CanRcvMsgVCU3F2                          0x20000c04   Data          16  canapp.o(.bss)
    AppInfo                                  0x20000c14   Data         100  canapp.o(.bss)
    CanRcvMsgDiag                            0x20000c78   Data          16  candiag.o(.bss)
    CanSenMsgDiag                            0x20000c88   Data          16  candiag.o(.bss)
    DiagContext                              0x20000c98   Data          20  candiag.o(.bss)
    DiagResBuf                               0x20000cac   Data         516  candiag.o(.bss)
    DiagInfo                                 0x20000eb0   Data          52  candiag.o(.bss)
    TpPhyBuf                                 0x20000ee4   Data         524  cantp.o(.bss)
    TpFunBuf                                 0x200010f0   Data          12  cantp.o(.bss)
    TpSenBuf                                 0x200010fc   Data         524  cantp.o(.bss)
    CanSenMsgTp                              0x20001308   Data          16  cantp.o(.bss)
    TpInfo                                   0x20001318   Data          52  cantp.o(.bss)
    DtcBuf                                   0x2000134c   Data         288  dtc.o(.bss)
    DtcInfo                                  0x2000146c   Data          44  dtc.o(.bss)
    EepWrtBuf                                0x20001498   Data         904  eepall.o(.bss)
    EepWrtMsg                                0x20001820   Data          28  eepall.o(.bss)
    EepRadMsg                                0x2000183c   Data          20  eepall.o(.bss)
    EepInfo                                  0x20001850   Data          12  eepall.o(.bss)
    DID22List                                0x2000185c   Data         152  diagdid.o(.bss)
    DID2EList                                0x200018f4   Data          40  diagdid.o(.bss)
    Sbox                                     0x2000191c   Data         256  aes.o(.bss)
    InvSbox                                  0x20001a1c   Data         256  aes.o(.bss)
    w                                        0x20001b1c   Data         176  aes.o(.bss)
    Image$$RW_m_code$$Base                   0x20001bcc   Number         0  anon$$obj.o ABSOLUTE
    Long Thumb to Thumb Veneer to INT_SYS_DisableIRQGlobal 0x20001c3d   Thumb Code    12  anon$$obj.o(Veneer$$Code)
    Long Thumb to Thumb Veneer to INT_SYS_EnableIRQGlobal 0x20001c49   Thumb Code    12  anon$$obj.o(Veneer$$Code)
    Image$$RW_m_code$$Limit                  0x20001c54   Number         0  anon$$obj.o ABSOLUTE
    Image$$ARM_LIB_HEAP$$ZI$$Base            0x20002000   Number         0  anon$$obj.o ABSOLUTE
    Image$$RW_m_data_2$$ZI$$Base             0x20002000   Number         0  anon$$obj.o ABSOLUTE
    Image$$RW_m_data_2$$ZI$$Limit            0x20002000   Number         0  anon$$obj.o ABSOLUTE
    Image$$ARM_LIB_HEAP$$ZI$$Limit           0x20002200   Number         0  anon$$obj.o ABSOLUTE
    Image$$ARM_LIB_STACK$$Limit              0x20003600   Number         0  anon$$obj.o ABSOLUTE
    Image$$ARM_LIB_STACK$$ZI$$Limit          0x20003800   Number         0  anon$$obj.o ABSOLUTE



==============================================================================

Memory Map of the image

  Image Entry point : 0x0000a9e9

  Load Region LR_m_text (Base: 0x0000a0c0, Size: 0x000111f8, Max: 0x00014f40, ABSOLUTE, COMPRESSED[0x00010f10])

    Execution Region ER_m_text_const (Base: 0x0000a0c0, Size: 0x00000928, Max: 0xffffffff, ABSOLUTE)

    Base Addr    Size         Type   Attr      Idx    E Section Name        Object

    0x0000a0c0   0x000000d4   Data   RO          645    .constdata          flexcan.o
    0x0000a194   0x0000004c   Data   RO          768    .constdata          flexcan_hw_access.o
    0x0000a1e0   0x0000000c   Data   RO          969    .constdata          lpuart.o
    0x0000a1ec   0x00000200   Data   RO         1267    .constdata          crc.o
    0x0000a3ec   0x00000026   Data   RO         2300    .constdata          adconv1.o
    0x0000a412   0x00000002   PAD
    0x0000a414   0x00000240   Data   RO         2452    .constdata          pin_mux.o
    0x0000a654   0x0000000e   Data   RO         2476    .constdata          watchdog1.o
    0x0000a662   0x00000002   PAD
    0x0000a664   0x00000004   Data   RO         2489    .constdata          startup.o
    0x0000a668   0x00000005   Data   RO         2593    .constdata          adc_driver.o
    0x0000a66d   0x00000003   PAD
    0x0000a670   0x000001cd   Data   RO         2862    .constdata          clock_s32k1xx.o
    0x0000a83d   0x00000003   PAD
    0x0000a840   0x00000005   Data   RO         3448    .constdata          wdog_driver.o
    0x0000a845   0x00000003   PAD
    0x0000a848   0x0000000d   Data   RO         4222    .constdata          edma_driver.o
    0x0000a855   0x00000003   PAD
    0x0000a858   0x00000022   Data   RO         4842    .constdata          ftm_common.o
    0x0000a87a   0x00000002   PAD
    0x0000a87c   0x0000004c   Data   RO         5511    .constdata          VIB_Diag.lib(canapp.o)
    0x0000a8c8   0x00000020   Data   RO         5637    .constdata          VIB_Diag.lib(dtc.o)
    0x0000a8e8   0x00000048   Data   RO         5638    .constdata          VIB_Diag.lib(dtc.o)
    0x0000a930   0x00000077   Data   RO         5717    .constdata          VIB_Diag.lib(diagdid.o)
    0x0000a9a7   0x00000010   Data   RO         5804    .constdata          VIB_Diag.lib(seedkey.o)
    0x0000a9b7   0x00000001   PAD
    0x0000a9b8   0x00000030   Data   RO         6073    Region$$Table       anon$$obj.o


    Execution Region ER_m_text (Base: 0x0000a9e8, Size: 0x000100b0, Max: 0x00014f40, ABSOLUTE)

    Base Addr    Size         Type   Attr      Idx    E Section Name        Object

    0x0000a9e8   0x00000008   Code   RO         5850  * !!!main             c_p.l(__main.o)
    0x0000a9f0   0x0000003c   Code   RO         6077    !!!scatter          c_p.l(__scatter.o)
    0x0000aa2c   0x0000001a   Code   RO         6079    !!handler_copy      c_p.l(__scatter_copy.o)
    0x0000aa46   0x00000002   PAD
    0x0000aa48   0x0000001c   Code   RO         6081    !!handler_zi        c_p.l(__scatter_zi.o)
    0x0000aa64   0x00000002   Code   RO         5936    .ARM.Collect$$libinit$$00000000  c_p.l(libinit.o)
    0x0000aa66   0x00000000   Code   RO         5954    .ARM.Collect$$libinit$$00000002  c_p.l(libinit2.o)
    0x0000aa66   0x00000000   Code   RO         5956    .ARM.Collect$$libinit$$00000004  c_p.l(libinit2.o)
    0x0000aa66   0x00000000   Code   RO         5959    .ARM.Collect$$libinit$$0000000A  c_p.l(libinit2.o)
    0x0000aa66   0x00000000   Code   RO         5961    .ARM.Collect$$libinit$$0000000C  c_p.l(libinit2.o)
    0x0000aa66   0x00000000   Code   RO         5963    .ARM.Collect$$libinit$$0000000E  c_p.l(libinit2.o)
    0x0000aa66   0x00000000   Code   RO         5966    .ARM.Collect$$libinit$$00000011  c_p.l(libinit2.o)
    0x0000aa66   0x00000000   Code   RO         5968    .ARM.Collect$$libinit$$00000013  c_p.l(libinit2.o)
    0x0000aa66   0x00000000   Code   RO         5970    .ARM.Collect$$libinit$$00000015  c_p.l(libinit2.o)
    0x0000aa66   0x00000000   Code   RO         5972    .ARM.Collect$$libinit$$00000017  c_p.l(libinit2.o)
    0x0000aa66   0x00000000   Code   RO         5974    .ARM.Collect$$libinit$$00000019  c_p.l(libinit2.o)
    0x0000aa66   0x00000000   Code   RO         5976    .ARM.Collect$$libinit$$0000001B  c_p.l(libinit2.o)
    0x0000aa66   0x00000000   Code   RO         5978    .ARM.Collect$$libinit$$0000001D  c_p.l(libinit2.o)
    0x0000aa66   0x00000000   Code   RO         5980    .ARM.Collect$$libinit$$0000001F  c_p.l(libinit2.o)
    0x0000aa66   0x00000000   Code   RO         5982    .ARM.Collect$$libinit$$00000021  c_p.l(libinit2.o)
    0x0000aa66   0x00000000   Code   RO         5984    .ARM.Collect$$libinit$$00000023  c_p.l(libinit2.o)
    0x0000aa66   0x00000000   Code   RO         5986    .ARM.Collect$$libinit$$00000025  c_p.l(libinit2.o)
    0x0000aa66   0x00000000   Code   RO         5990    .ARM.Collect$$libinit$$0000002C  c_p.l(libinit2.o)
    0x0000aa66   0x00000000   Code   RO         5992    .ARM.Collect$$libinit$$0000002E  c_p.l(libinit2.o)
    0x0000aa66   0x00000000   Code   RO         5994    .ARM.Collect$$libinit$$00000030  c_p.l(libinit2.o)
    0x0000aa66   0x00000000   Code   RO         5996    .ARM.Collect$$libinit$$00000032  c_p.l(libinit2.o)
    0x0000aa66   0x00000002   Code   RO         5997    .ARM.Collect$$libinit$$00000033  c_p.l(libinit2.o)
    0x0000aa68   0x00000002   Code   RO         6032    .ARM.Collect$$libshutdown$$00000000  c_p.l(libshutdown.o)
    0x0000aa6a   0x00000000   Code   RO         6058    .ARM.Collect$$libshutdown$$00000002  c_p.l(libshutdown2.o)
    0x0000aa6a   0x00000000   Code   RO         6060    .ARM.Collect$$libshutdown$$00000004  c_p.l(libshutdown2.o)
    0x0000aa6a   0x00000000   Code   RO         6063    .ARM.Collect$$libshutdown$$00000007  c_p.l(libshutdown2.o)
    0x0000aa6a   0x00000000   Code   RO         6066    .ARM.Collect$$libshutdown$$0000000A  c_p.l(libshutdown2.o)
    0x0000aa6a   0x00000000   Code   RO         6068    .ARM.Collect$$libshutdown$$0000000C  c_p.l(libshutdown2.o)
    0x0000aa6a   0x00000000   Code   RO         6071    .ARM.Collect$$libshutdown$$0000000F  c_p.l(libshutdown2.o)
    0x0000aa6a   0x00000002   Code   RO         6072    .ARM.Collect$$libshutdown$$00000010  c_p.l(libshutdown2.o)
    0x0000aa6c   0x00000000   Code   RO         5880    .ARM.Collect$$rtentry$$00000000  c_p.l(__rtentry.o)
    0x0000aa6c   0x00000000   Code   RO         5895    .ARM.Collect$$rtentry$$00000002  c_p.l(__rtentry2.o)
    0x0000aa6c   0x00000004   Code   RO         5909    .ARM.Collect$$rtentry$$00000007  c_p.l(__rtentry7.o)
    0x0000aa70   0x00000000   Code   RO         5897    .ARM.Collect$$rtentry$$00000009  c_p.l(__rtentry2.o)
    0x0000aa70   0x00000004   Code   RO         5898    .ARM.Collect$$rtentry$$0000000A  c_p.l(__rtentry2.o)
    0x0000aa74   0x00000000   Code   RO         5900    .ARM.Collect$$rtentry$$0000000C  c_p.l(__rtentry2.o)
    0x0000aa74   0x00000008   Code   RO         5901    .ARM.Collect$$rtentry$$0000000D  c_p.l(__rtentry2.o)
    0x0000aa7c   0x00000004   Code   RO         5910    .ARM.Collect$$rtentry$$00002718  c_p.l(__rtentry7.o)
    0x0000aa80   0x00000002   Code   RO         5945    .ARM.Collect$$rtexit$$00000000  c_p.l(rtexit.o)
    0x0000aa82   0x00000000   Code   RO         6008    .ARM.Collect$$rtexit$$00000002  c_p.l(rtexit2.o)
    0x0000aa82   0x00000004   Code   RO         6009    .ARM.Collect$$rtexit$$00000003  c_p.l(rtexit2.o)
    0x0000aa86   0x00000006   Code   RO         6010    .ARM.Collect$$rtexit$$00000004  c_p.l(rtexit2.o)
    0x0000aa8c   0x00000038   Code   RO         5840    .emb_text           c_p.l(rt_memcpy.o)
    0x0000aac4   0x000000b8   Code   RO         5337    .text               startup_s32k116.o
    0x0000ab7c   0x00000082   Code   RO         5841    .text               c_p.l(rt_memcpy.o)
    0x0000abfe   0x00000040   Code   RO         5844    .text               c_p.l(rt_memclr.o)
    0x0000ac3e   0x000001e8   Code   RO         5846    .text               c_p.l(aeabi_sdivfast.o)
    0x0000ae26   0x00000002   PAD
    0x0000ae28   0x0000007c   Code   RO         5852    .text               fz_ps.l(d2f.o)
    0x0000aea4   0x00000048   Code   RO         5854    .text               fz_ps.l(dfixui.o)
    0x0000aeec   0x00000058   Code   RO         5856    .text               fz_ps.l(dflti.o)
    0x0000af44   0x00000248   Code   RO         5860    .text               fz_ps.l(dmul.o)
    0x0000b18c   0x00000054   Code   RO         5864    .text               fz_ps.l(f2d.o)
    0x0000b1e0   0x00000030   Code   RO         5874    .text               fz_ps.l(ffixui.o)
    0x0000b210   0x00000090   Code   RO         5889    .text               fz_ps.l(dcmpin.o)
    0x0000b2a0   0x00000064   Code   RO         5891    .text               fz_ps.l(fcmpin.o)
    0x0000b304   0x0000002e   Code   RO         5916    .text               fz_ps.l(cmpret.o)
    0x0000b332   0x00000002   PAD
    0x0000b334   0x00000014   Code   RO         5918    .text               fz_ps.l(dnan2.o)
    0x0000b348   0x00000010   Code   RO         5920    .text               fz_ps.l(fnan2.o)
    0x0000b358   0x00000010   Code   RO         5925    .text               c_p.l(exit.o)
    0x0000b368   0x0000005e   Code   RO         5937    .text               fz_ps.l(retnan.o)
    0x0000b3c6   0x00000002   PAD
    0x0000b3c8   0x0000000c   Code   RO         6002    .text               c_p.l(sys_exit.o)
    0x0000b3d4   0x00000002   Code   RO         6004    .text               c_p.l(use_no_semi.o)
    0x0000b3d6   0x00000000   Code   RO         6006    .text               c_p.l(indicate_semi.o)
    0x0000b3d6   0x00000056   Code   RO         6075    .text               c_p.l(__dczerorl2.o)
    0x0000b42c   0x0000000c   Ven    RO         6083    Veneer$$Code        anon$$obj.o
    0x0000b438   0x00000020   Code   RO         2555    i.ADC_DRV_ConfigChan  adc_driver.o
    0x0000b458   0x000000e8   Code   RO         2556    i.ADC_DRV_ConfigConverter  adc_driver.o
    0x0000b540   0x00000024   Code   RO         2557    i.ADC_DRV_ConfigHwAverage  adc_driver.o
    0x0000b564   0x00000020   Code   RO         2561    i.ADC_DRV_GetChanResult  adc_driver.o
    0x0000b584   0x00000028   Code   RO         2576    i.ADC_DRV_WaitConvDone  adc_driver.o
    0x0000b5ac   0x00000094   Code   RO         1194    i.ADC_GetADC0Task   adc.o
    0x0000b640   0x00000044   Code   RO         1195    i.ADC_Init          adc.o
    0x0000b684   0x00000018   Code   RO         2583    i.ADC_SetClockDivide  adc_driver.o
    0x0000b69c   0x0000001c   Code   RO         2584    i.ADC_SetHwAverageEnableFlag  adc_driver.o
    0x0000b6b8   0x00000016   Code   RO         2585    i.ADC_SetHwAverageMode  adc_driver.o
    0x0000b6ce   0x00000002   PAD
    0x0000b6d0   0x00000070   Code   RO         2586    i.ADC_SetInputChannel  adc_driver.o
    0x0000b740   0x0000004c   Code   RO         2587    i.ADC_SetPretriggerSelect  adc_driver.o
    0x0000b78c   0x0000001e   Code   RO         2588    i.ADC_SetSampleTime  adc_driver.o
    0x0000b7aa   0x0000001a   Code   RO         2589    i.ADC_SetSupplyMonitoringEnableFlag  adc_driver.o
    0x0000b7c4   0x0000001c   Code   RO         2590    i.ADC_SetTriggerMode  adc_driver.o
    0x0000b7e0   0x00000048   Code   RO         2591    i.ADC_SetTriggerSelect  adc_driver.o
    0x0000b828   0x0000005c   Code   RO         1577    i.ADCollectProcess  bsp_adcollect.o
    0x0000b884   0x00000084   Code   RO         1578    i.ADDoorCollect     bsp_adcollect.o
    0x0000b908   0x00000090   Code   RO         1579    i.ADHeatCollCollect  bsp_adcollect.o
    0x0000b998   0x00000030   Code   RO         1580    i.ADLedCollect      bsp_adcollect.o
    0x0000b9c8   0x00000030   Code   RO         1581    i.ADOzneCollect     bsp_adcollect.o
    0x0000b9f8   0x000000dc   Code   RO         1582    i.ADPowerColect     bsp_adcollect.o
    0x0000bad4   0x0000007c   Code   RO         5806    i.AES_Cipher        VIB_Diag.lib(aes.o)
    0x0000bb50   0x0000003c   Code   RO         5807    i.AES_Init          VIB_Diag.lib(aes.o)
    0x0000bb8c   0x00000024   Code   RO         5809    i.AddRoundKey       VIB_Diag.lib(aes.o)
    0x0000bbb0   0x00000168   Code   RO         2185    i.AuxHeatProcess    sysrun.o
    0x0000bd18   0x0000000c   Code   RO         1657    i.BSP_EEPROM_Initialize  bsp_eeprom.o
    0x0000bd24   0x00000008   Code   RO         1800    i.BSP_UART_Init     bsp_uart.o
    0x0000bd2c   0x000002b0   Code   RO         1834    i.BuzzerProcess     buzzer.o
    0x0000bfdc   0x000001a8   Code   RO         1835    i.BuzzerStart       buzzer.o
    0x0000c184   0x00000068   Code   RO          628    i.CAN0_ORed_0_31_MB_IRQHandler  flexcan.o
    0x0000c1ec   0x00000048   Code   RO          629    i.CAN0_ORed_Err_Wakeup_IRQHandler  flexcan.o
    0x0000c234   0x0000048c   Code   RO         2186    i.CAN_22_2E_FillData  sysrun.o
    0x0000c6c0   0x00000008   Code   RO          600    i.CAN_Init          can.o
    0x0000c6c8   0x000000dc   Code   RO          601    i.CAN_RcvMsg        can.o
    0x0000c7a4   0x00000024   Code   RO          602    i.CAN_SenMsg        can.o
    0x0000c7c8   0x00000604   Code   RO         1999    i.CDCProcess        cdcmessage.o
    0x0000cdcc   0x0000003c   Code   RO         2793    i.CLOCK_DRV_GetFreq  clock_s32k1xx.o
    0x0000ce08   0x0000003e   Code   RO         2795    i.CLOCK_DRV_Init    clock_s32k1xx.o
    0x0000ce46   0x00000002   PAD
    0x0000ce48   0x00000040   Code   RO         2799    i.CLOCK_SYS_CheckPCCClock  clock_s32k1xx.o
    0x0000ce88   0x0000010c   Code   RO         2800    i.CLOCK_SYS_ConfigureFIRC  clock_s32k1xx.o
    0x0000cf94   0x00000104   Code   RO         2801    i.CLOCK_SYS_ConfigureModulesFromScg  clock_s32k1xx.o
    0x0000d098   0x000000f0   Code   RO         2802    i.CLOCK_SYS_ConfigureSIRC  clock_s32k1xx.o
    0x0000d188   0x00000138   Code   RO         2803    i.CLOCK_SYS_ConfigureSOSC  clock_s32k1xx.o
    0x0000d2c0   0x00000054   Code   RO         2804    i.CLOCK_SYS_ConfigureTemporarySystemClock  clock_s32k1xx.o
    0x0000d314   0x0000002c   Code   RO         2807    i.CLOCK_SYS_GetCurrentRunMode  clock_s32k1xx.o
    0x0000d340   0x00000148   Code   RO         2809    i.CLOCK_SYS_GetDefaultConfiguration  clock_s32k1xx.o
    0x0000d488   0x0000003c   Code   RO         2813    i.CLOCK_SYS_GetFircFreq  clock_s32k1xx.o
    0x0000d4c4   0x00000010   Code   RO         2814    i.CLOCK_SYS_GetFreq  clock_s32k1xx.o
    0x0000d4d4   0x00000064   Code   RO         2815    i.CLOCK_SYS_GetLpoFreq  clock_s32k1xx.o
    0x0000d538   0x000000d0   Code   RO         2816    i.CLOCK_SYS_GetPccClockFreq  clock_s32k1xx.o
    0x0000d608   0x000000a4   Code   RO         2817    i.CLOCK_SYS_GetPeripheralClock  clock_s32k1xx.o
    0x0000d6ac   0x00000054   Code   RO         2818    i.CLOCK_SYS_GetScgClkOutFreq  clock_s32k1xx.o
    0x0000d700   0x000000cc   Code   RO         2819    i.CLOCK_SYS_GetScgClockFreq  clock_s32k1xx.o
    0x0000d7cc   0x000000bc   Code   RO         2820    i.CLOCK_SYS_GetSimClkOutFreq  clock_s32k1xx.o
    0x0000d888   0x0000019c   Code   RO         2821    i.CLOCK_SYS_GetSimClockFreq  clock_s32k1xx.o
    0x0000da24   0x00000068   Code   RO         2822    i.CLOCK_SYS_GetSimRtcClkFreq  clock_s32k1xx.o
    0x0000da8c   0x00000030   Code   RO         2823    i.CLOCK_SYS_GetSircFreq  clock_s32k1xx.o
    0x0000dabc   0x00000036   Code   RO         2824    i.CLOCK_SYS_GetSrcFreq  clock_s32k1xx.o
    0x0000daf2   0x00000002   PAD
    0x0000daf4   0x000000e8   Code   RO         2825    i.CLOCK_SYS_GetSysAsyncFreq  clock_s32k1xx.o
    0x0000dbdc   0x00000024   Code   RO         2828    i.CLOCK_SYS_GetSysOscFreq  clock_s32k1xx.o
    0x0000dc00   0x00000094   Code   RO         2829    i.CLOCK_SYS_GetSystemClockFreq  clock_s32k1xx.o
    0x0000dc94   0x00000018   Code   RO         2830    i.CLOCK_SYS_Init    clock_s32k1xx.o
    0x0000dcac   0x0000000c   Code   RO         2832    i.CLOCK_SYS_SetConfiguration  clock_s32k1xx.o
    0x0000dcb8   0x0000006c   Code   RO         2834    i.CLOCK_SYS_SetPccConfiguration  clock_s32k1xx.o
    0x0000dd24   0x00000040   Code   RO         2835    i.CLOCK_SYS_SetPmcConfiguration  clock_s32k1xx.o
    0x0000dd64   0x00000088   Code   RO         2836    i.CLOCK_SYS_SetScgConfiguration  clock_s32k1xx.o
    0x0000ddec   0x00000114   Code   RO         2837    i.CLOCK_SYS_SetSimConfiguration  clock_s32k1xx.o
    0x0000df00   0x0000015c   Code   RO         2840    i.CLOCK_SYS_SetSystemClockConfig  clock_s32k1xx.o
    0x0000e05c   0x00000040   Code   RO         2841    i.CLOCK_SYS_TransitionSystemClock  clock_s32k1xx.o
    0x0000e09c   0x00000114   Code   RO         2843    i.CLOCK_SYS_UpdateConfiguration  clock_s32k1xx.o
    0x0000e1b0   0x00000034   Code   RO         5777    i.CalculateRandom   VIB_Diag.lib(diagsub.o)
    0x0000e1e4   0x00000064   Code   RO         5383    i.CanAll_CancelSenMsg  VIB_Diag.lib(canall.o)
    0x0000e248   0x00000010   Code   RO         5384    i.CanAll_ClrMsgData  VIB_Diag.lib(canall.o)
    0x0000e258   0x00000014   Code   RO         5385    i.CanAll_CopyDataToMsg  VIB_Diag.lib(canall.o)
    0x0000e26c   0x000000b8   Code   RO         5386    i.CanAll_DealRcvBuf  VIB_Diag.lib(canall.o)
    0x0000e324   0x000000cc   Code   RO         5387    i.CanAll_Init       VIB_Diag.lib(canall.o)
    0x0000e3f0   0x00000026   Code   RO         5388    i.CanAll_InitBuf    VIB_Diag.lib(canall.o)
    0x0000e416   0x0000001c   Code   RO         5389    i.CanAll_InitMsg    VIB_Diag.lib(canall.o)
    0x0000e432   0x00000022   Code   RO         5390    i.CanAll_MsgCopyToMsg  VIB_Diag.lib(canall.o)
    0x0000e454   0x00000014   Code   RO         5391    i.CanAll_OffLine    VIB_Diag.lib(canall.o)
    0x0000e468   0x00000014   Code   RO         5392    i.CanAll_OnLine     VIB_Diag.lib(canall.o)
    0x0000e47c   0x00000060   Code   RO         5393    i.CanAll_ReqSenMsg  VIB_Diag.lib(canall.o)
    0x0000e4dc   0x00000024   Code   RO         5394    i.CanAll_SenMsg     VIB_Diag.lib(canall.o)
    0x0000e500   0x00000054   Code   RO         5395    i.CanAll_TxConfirm  VIB_Diag.lib(canall.o)
    0x0000e554   0x00000090   Code   RO         5396    i.CanAll_TxTask     VIB_Diag.lib(canall.o)
    0x0000e5e4   0x00000010   Code   RO         5471    i.CanApp_5sAppPeriodMsg_Start  VIB_Diag.lib(canapp.o)
    0x0000e5f4   0x000000e0   Code   RO         5472    i.CanApp_DealRcvMsg  VIB_Diag.lib(canapp.o)
    0x0000e6d4   0x000001a8   Code   RO         5473    i.CanApp_DealRcvMsgACU35A  VIB_Diag.lib(canapp.o)
    0x0000e87c   0x00000090   Code   RO         5474    i.CanApp_DealRcvMsgBCM318  VIB_Diag.lib(canapp.o)
    0x0000e90c   0x00000034   Code   RO         5475    i.CanApp_DealRcvMsgCDC093  VIB_Diag.lib(canapp.o)
    0x0000e940   0x0000009c   Code   RO         5476    i.CanApp_DealRcvMsgICM31E  VIB_Diag.lib(canapp.o)
    0x0000e9dc   0x00000034   Code   RO         5477    i.CanApp_DealRcvMsgTEL097  VIB_Diag.lib(canapp.o)
    0x0000ea10   0x00000064   Code   RO         5478    i.CanApp_DealRcvMsgVCU3F2  VIB_Diag.lib(canapp.o)
    0x0000ea74   0x00000110   Code   RO         5479    i.CanApp_Init       VIB_Diag.lib(canapp.o)
    0x0000eb84   0x00000036   Code   RO         5480    i.CanApp_MsgCopyToMsg  VIB_Diag.lib(canapp.o)
    0x0000ebba   0x0000001a   Code   RO         5481    i.CanApp_ReqSenMsg  VIB_Diag.lib(canapp.o)
    0x0000ebd4   0x00000012   Code   RO         5482    i.CanApp_RxConfirmACU35A  VIB_Diag.lib(canapp.o)
    0x0000ebe6   0x00000012   Code   RO         5483    i.CanApp_RxConfirmBCM318  VIB_Diag.lib(canapp.o)
    0x0000ebf8   0x00000018   Code   RO         5484    i.CanApp_RxConfirmCDC093  VIB_Diag.lib(canapp.o)
    0x0000ec10   0x00000012   Code   RO         5485    i.CanApp_RxConfirmICM31E  VIB_Diag.lib(canapp.o)
    0x0000ec22   0x00000002   PAD
    0x0000ec24   0x00000018   Code   RO         5486    i.CanApp_RxConfirmTEL097  VIB_Diag.lib(canapp.o)
    0x0000ec3c   0x00000012   Code   RO         5487    i.CanApp_RxConfirmVCU3F2  VIB_Diag.lib(canapp.o)
    0x0000ec4e   0x00000002   PAD
    0x0000ec50   0x0000004c   Code   RO         5488    i.CanApp_RxContinCntInc  VIB_Diag.lib(canapp.o)
    0x0000ec9c   0x00000002   Code   RO         5490    i.CanApp_RxStatTask  VIB_Diag.lib(canapp.o)
    0x0000ec9e   0x00000002   Code   RO         5491    i.CanApp_RxTimeOutACU35A  VIB_Diag.lib(canapp.o)
    0x0000eca0   0x00000002   Code   RO         5492    i.CanApp_RxTimeOutBCM318  VIB_Diag.lib(canapp.o)
    0x0000eca2   0x00000002   PAD
    0x0000eca4   0x00000058   Code   RO         5494    i.CanApp_RxTimeOutFlagClr  VIB_Diag.lib(canapp.o)
    0x0000ecfc   0x00000002   Code   RO         5496    i.CanApp_RxTimeOutICM31E  VIB_Diag.lib(canapp.o)
    0x0000ecfe   0x00000002   PAD
    0x0000ed00   0x00000040   Code   RO         5497    i.CanApp_RxTimeOutReload  VIB_Diag.lib(canapp.o)
    0x0000ed40   0x00000010   Code   RO         5498    i.CanApp_RxTimeOutVCU3F2  VIB_Diag.lib(canapp.o)
    0x0000ed50   0x000000d4   Code   RO         5499    i.CanApp_RxTimeTask  VIB_Diag.lib(canapp.o)
    0x0000ee24   0x00000002   Code   RO         5500    i.CanApp_TxConfirmVIB383  VIB_Diag.lib(canapp.o)
    0x0000ee26   0x00000002   PAD
    0x0000ee28   0x00000038   Code   RO         5501    i.CanApp_TxCycleEnable  VIB_Diag.lib(canapp.o)
    0x0000ee60   0x0000003c   Code   RO         5503    i.CanApp_TxEventCntSet  VIB_Diag.lib(canapp.o)
    0x0000ee9c   0x00000034   Code   RO         5504    i.CanApp_TxFastOnStart  VIB_Diag.lib(canapp.o)
    0x0000eed0   0x00000020   Code   RO         5505    i.CanApp_TxStartVIB383  VIB_Diag.lib(canapp.o)
    0x0000eef0   0x00000002   Code   RO         5506    i.CanApp_TxStatTask  VIB_Diag.lib(canapp.o)
    0x0000eef2   0x00000002   PAD
    0x0000eef4   0x00000128   Code   RO         5507    i.CanApp_TxTimeTask  VIB_Diag.lib(canapp.o)
    0x0000f01c   0x0000002c   Code   RO         5550    i.CanDiag_AccessDelayCheck  VIB_Diag.lib(candiag.o)
    0x0000f048   0x00000024   Code   RO         5551    i.CanDiag_AccessDelayClr  VIB_Diag.lib(candiag.o)
    0x0000f06c   0x00000024   Code   RO         5552    i.CanDiag_AccessDelaySet  VIB_Diag.lib(candiag.o)
    0x0000f090   0x00000028   Code   RO         5553    i.CanDiag_AccessInvalidRead  VIB_Diag.lib(candiag.o)
    0x0000f0b8   0x00000024   Code   RO         5554    i.CanDiag_AccessInvalidWrite  VIB_Diag.lib(candiag.o)
    0x0000f0dc   0x00000050   Code   RO         5555    i.CanDiag_DealRcvMsg  VIB_Diag.lib(candiag.o)
    0x0000f12c   0x000000e4   Code   RO         5556    i.CanDiag_Dispatcher  VIB_Diag.lib(candiag.o)
    0x0000f210   0x00000028   Code   RO         5557    i.CanDiag_FactoryModeCTRL  VIB_Diag.lib(candiag.o)
    0x0000f238   0x0000002c   Code   RO         5558    i.CanDiag_FactoryModeCheck  VIB_Diag.lib(candiag.o)
    0x0000f264   0x000000a4   Code   RO         5559    i.CanDiag_Init      VIB_Diag.lib(candiag.o)
    0x0000f308   0x00000094   Code   RO         5560    i.CanDiag_NegResponse  VIB_Diag.lib(candiag.o)
    0x0000f39c   0x0000000c   Code   RO         5561    i.CanDiag_PosResponse  VIB_Diag.lib(candiag.o)
    0x0000f3a8   0x00000020   Code   RO         5562    i.CanDiag_ProgReqSet  VIB_Diag.lib(candiag.o)
    0x0000f3c8   0x00000002   Code   RO         5563    i.CanDiag_ReadEepTask  VIB_Diag.lib(candiag.o)
    0x0000f3ca   0x00000002   PAD
    0x0000f3cc   0x00000064   Code   RO         5564    i.CanDiag_ReadFromEep  VIB_Diag.lib(candiag.o)
    0x0000f430   0x00000060   Code   RO         5565    i.CanDiag_ReqSenMsg  VIB_Diag.lib(candiag.o)
    0x0000f490   0x0000000c   Code   RO         5566    i.CanDiag_SecurityGet  VIB_Diag.lib(candiag.o)
    0x0000f49c   0x000000d8   Code   RO         5567    i.CanDiag_StatTask  VIB_Diag.lib(candiag.o)
    0x0000f574   0x00000074   Code   RO         5568    i.CanDiag_TimeTask  VIB_Diag.lib(candiag.o)
    0x0000f5e8   0x00000018   Code   RO         5569    i.CanDiag_TxConfirm  VIB_Diag.lib(candiag.o)
    0x0000f600   0x00000002   Code   RO         5570    i.CanDiag_TxStart   VIB_Diag.lib(candiag.o)
    0x0000f602   0x00000002   Code   RO         5571    i.CanDiag_WriteEepTask  VIB_Diag.lib(candiag.o)
    0x0000f604   0x00000040   Code   RO         5572    i.CanDiag_WriteToEep  VIB_Diag.lib(candiag.o)
    0x0000f644   0x00000080   Code   RO         5413    i.CanNm2_BusOffDeal  VIB_Diag.lib(cannm2.o)
    0x0000f6c4   0x0000003c   Code   RO         5414    i.CanNm2_BusOffEntry  VIB_Diag.lib(cannm2.o)
    0x0000f700   0x0000000c   Code   RO         5416    i.CanNm2_Init       VIB_Diag.lib(cannm2.o)
    0x0000f70c   0x00000002   Code   RO         5417    i.CanNm2_StatTask   VIB_Diag.lib(cannm2.o)
    0x0000f70e   0x00000002   PAD
    0x0000f710   0x00000024   Code   RO         5418    i.CanNm2_TimeTask   VIB_Diag.lib(cannm2.o)
    0x0000f734   0x00000040   Code   RO         5599    i.CanTp_DealFunTask  VIB_Diag.lib(cantp.o)
    0x0000f774   0x0000019c   Code   RO         5600    i.CanTp_DealPhyTask  VIB_Diag.lib(cantp.o)
    0x0000f910   0x00000338   Code   RO         5601    i.CanTp_DealRcvMsg  VIB_Diag.lib(cantp.o)
    0x0000fc48   0x00000024   Code   RO         5602    i.CanTp_DealSenBuf  VIB_Diag.lib(cantp.o)
    0x0000fc6c   0x0000007c   Code   RO         5603    i.CanTp_DealSenBufMF  VIB_Diag.lib(cantp.o)
    0x0000fce8   0x00000040   Code   RO         5604    i.CanTp_DealSenBufSF  VIB_Diag.lib(cantp.o)
    0x0000fd28   0x00000088   Code   RO         5605    i.CanTp_Init        VIB_Diag.lib(cantp.o)
    0x0000fdb0   0x0000000c   Code   RO         5606    i.CanTp_StatTask    VIB_Diag.lib(cantp.o)
    0x0000fdbc   0x00000060   Code   RO         5607    i.CanTp_TimeTask    VIB_Diag.lib(cantp.o)
    0x0000fe1c   0x00000108   Code   RO         5608    i.CanTp_TxConfirm   VIB_Diag.lib(cantp.o)
    0x0000ff24   0x00000002   Code   RO         5345    i.CarSign_DealSignFromCan  VIB_Diag.lib(carsign.o)
    0x0000ff26   0x00000002   PAD
    0x0000ff28   0x0000007c   Code   RO         5346    i.CarSign_Init      VIB_Diag.lib(carsign.o)
    0x0000ffa4   0x0000000c   Code   RO         5347    i.CarSign_ModeTesterStart  VIB_Diag.lib(carsign.o)
    0x0000ffb0   0x0000001c   Code   RO         5348    i.CarSign_ModeTesterStop  VIB_Diag.lib(carsign.o)
    0x0000ffcc   0x00000030   Code   RO         5350    i.CarSign_ReadEepTask  VIB_Diag.lib(carsign.o)
    0x0000fffc   0x00000028   Code   RO         5351    i.CarSign_ReadFromEep  VIB_Diag.lib(carsign.o)
    0x00010024   0x00000002   Code   RO         5354    i.CarSign_SleepBusAllowSet  VIB_Diag.lib(carsign.o)
    0x00010026   0x0000001c   Code   RO         5356    i.CarSign_StatTask  VIB_Diag.lib(carsign.o)
    0x00010042   0x00000002   Code   RO         5357    i.CarSign_TimeTask  VIB_Diag.lib(carsign.o)
    0x00010044   0x00000002   Code   RO         5358    i.CarSign_UpDateSignForCan  VIB_Diag.lib(carsign.o)
    0x00010046   0x00000002   PAD
    0x00010048   0x0000008c   Code   RO         5359    i.CarSign_UpDateSignFromCan  VIB_Diag.lib(carsign.o)
    0x000100d4   0x00000054   Code   RO         5360    i.CarSign_UpdateVehPower  VIB_Diag.lib(carsign.o)
    0x00010128   0x00000030   Code   RO         5361    i.CarSign_WriteEepTask  VIB_Diag.lib(carsign.o)
    0x00010158   0x00000028   Code   RO         5362    i.CarSign_WriteToEep  VIB_Diag.lib(carsign.o)
    0x00010180   0x00000022   Code   RO         5685    i.ChckDataIsSpecify  VIB_Diag.lib(diagdid.o)
    0x000101a2   0x00000002   PAD
    0x000101a4   0x00000148   Code   RO         2187    i.ChouTiMotor       sysrun.o
    0x000102ec   0x0000001c   Code   RO         2054    i.ClearDelayCnt     display.o
    0x00010308   0x00000390   Code   RO         2188    i.CoolProcess       sysrun.o
    0x00010698   0x00000020   Code   RO         1266    i.Crc_Crc8          crc.o
    0x000106b8   0x0000000a   Code   RO         4569    i.DMA0_IRQHandler   edma_irq.o
    0x000106c2   0x0000000a   Code   RO         4570    i.DMA1_IRQHandler   edma_irq.o
    0x000106cc   0x0000000a   Code   RO         4571    i.DMA2_IRQHandler   edma_irq.o
    0x000106d6   0x0000000a   Code   RO         4572    i.DMA3_IRQHandler   edma_irq.o
    0x000106e0   0x00000030   Code   RO         4573    i.DMA_Error_IRQHandler  edma_irq.o
    0x00010710   0x000000ec   Code   RO         2189    i.DTCDataCollect    sysrun.o
    0x000107fc   0x00000040   Code   RO         1510    i.DelayMS           time.o
    0x0001083c   0x0000001c   Code   RO         1511    i.DelayUS           time.o
    0x00010858   0x00000040   Code   RO         5687    i.DiagDid_IOCtrl_LampCtrl  VIB_Diag.lib(diagdid.o)
    0x00010898   0x00000154   Code   RO         5688    i.DiagDid_Init      VIB_Diag.lib(diagdid.o)
    0x000109ec   0x000000c8   Code   RO         5689    i.DiagDid_ReadFromEep  VIB_Diag.lib(diagdid.o)
    0x00010ab4   0x00000014   Code   RO         5690    i.DiagDid_Read_0110  VIB_Diag.lib(diagdid.o)
    0x00010ac8   0x00000034   Code   RO         5691    i.DiagDid_Read_0200  VIB_Diag.lib(diagdid.o)
    0x00010afc   0x00000034   Code   RO         5692    i.DiagDid_Read_0201  VIB_Diag.lib(diagdid.o)
    0x00010b30   0x0000001c   Code   RO         5693    i.DiagDid_Read_1000  VIB_Diag.lib(diagdid.o)
    0x00010b4c   0x0000001c   Code   RO         5694    i.DiagDid_Read_1002  VIB_Diag.lib(diagdid.o)
    0x00010b68   0x00000030   Code   RO         5695    i.DiagDid_Read_F102  VIB_Diag.lib(diagdid.o)
    0x00010b98   0x00000030   Code   RO         5696    i.DiagDid_Read_F103  VIB_Diag.lib(diagdid.o)
    0x00010bc8   0x00000012   Code   RO         5697    i.DiagDid_Read_F17F  VIB_Diag.lib(diagdid.o)
    0x00010bda   0x00000002   PAD
    0x00010bdc   0x00000014   Code   RO         5698    i.DiagDid_Read_F180  VIB_Diag.lib(diagdid.o)
    0x00010bf0   0x00000030   Code   RO         5699    i.DiagDid_Read_F184  VIB_Diag.lib(diagdid.o)
    0x00010c20   0x00000014   Code   RO         5700    i.DiagDid_Read_F186  VIB_Diag.lib(diagdid.o)
    0x00010c34   0x00000014   Code   RO         5701    i.DiagDid_Read_F187  VIB_Diag.lib(diagdid.o)
    0x00010c48   0x00000012   Code   RO         5702    i.DiagDid_Read_F189  VIB_Diag.lib(diagdid.o)
    0x00010c5a   0x00000002   PAD
    0x00010c5c   0x00000030   Code   RO         5703    i.DiagDid_Read_F18C  VIB_Diag.lib(diagdid.o)
    0x00010c8c   0x00000014   Code   RO         5704    i.DiagDid_Read_F18E  VIB_Diag.lib(diagdid.o)
    0x00010ca0   0x00000030   Code   RO         5705    i.DiagDid_Read_F190  VIB_Diag.lib(diagdid.o)
    0x00010cd0   0x00000014   Code   RO         5706    i.DiagDid_Read_F193  VIB_Diag.lib(diagdid.o)
    0x00010ce4   0x00000014   Code   RO         5707    i.DiagDid_Read_F195  VIB_Diag.lib(diagdid.o)
    0x00010cf8   0x00000030   Code   RO         5708    i.DiagDid_Read_F199  VIB_Diag.lib(diagdid.o)
    0x00010d28   0x000000a8   Code   RO         5709    i.DiagDid_WriteToEep  VIB_Diag.lib(diagdid.o)
    0x00010dd0   0x0000005c   Code   RO         5710    i.DiagDid_Write_0110  VIB_Diag.lib(diagdid.o)
    0x00010e2c   0x00000048   Code   RO         5711    i.DiagDid_Write_F102  VIB_Diag.lib(diagdid.o)
    0x00010e74   0x00000048   Code   RO         5712    i.DiagDid_Write_F103  VIB_Diag.lib(diagdid.o)
    0x00010ebc   0x0000005c   Code   RO         5713    i.DiagDid_Write_F18C  VIB_Diag.lib(diagdid.o)
    0x00010f18   0x00000048   Code   RO         5714    i.DiagDid_Write_F190  VIB_Diag.lib(diagdid.o)
    0x00010f60   0x00000190   Code   RO         5752    i.DiagSid_Deal10    VIB_Diag.lib(diagsid.o)
    0x000110f0   0x0000007c   Code   RO         5753    i.DiagSid_Deal11    VIB_Diag.lib(diagsid.o)
    0x0001116c   0x0000005c   Code   RO         5754    i.DiagSid_Deal14    VIB_Diag.lib(diagsid.o)
    0x000111c8   0x000001c8   Code   RO         5755    i.DiagSid_Deal19    VIB_Diag.lib(diagsid.o)
    0x00011390   0x00000054   Code   RO         5756    i.DiagSid_Deal22    VIB_Diag.lib(diagsid.o)
    0x000113e4   0x000001b4   Code   RO         5757    i.DiagSid_Deal27    VIB_Diag.lib(diagsid.o)
    0x00011598   0x00000104   Code   RO         5758    i.DiagSid_Deal28    VIB_Diag.lib(diagsid.o)
    0x0001169c   0x00000094   Code   RO         5759    i.DiagSid_Deal2E    VIB_Diag.lib(diagsid.o)
    0x00011730   0x00000158   Code   RO         5760    i.DiagSid_Deal2F    VIB_Diag.lib(diagsid.o)
    0x00011888   0x000000ac   Code   RO         5761    i.DiagSid_Deal31    VIB_Diag.lib(diagsid.o)
    0x00011934   0x00000064   Code   RO         5762    i.DiagSid_Deal3E    VIB_Diag.lib(diagsid.o)
    0x00011998   0x000000a8   Code   RO         5763    i.DiagSid_Deal85    VIB_Diag.lib(diagsid.o)
    0x00011a40   0x00000034   Code   RO         5778    i.DiagSub_Deal14    VIB_Diag.lib(diagsub.o)
    0x00011a74   0x00000060   Code   RO         5779    i.DiagSub_Deal1901  VIB_Diag.lib(diagsub.o)
    0x00011ad4   0x0000007c   Code   RO         5780    i.DiagSub_Deal1902  VIB_Diag.lib(diagsub.o)
    0x00011b50   0x00000440   Code   RO         5781    i.DiagSub_Deal1904  VIB_Diag.lib(diagsub.o)
    0x00011f90   0x000000b8   Code   RO         5782    i.DiagSub_Deal1906  VIB_Diag.lib(diagsub.o)
    0x00012048   0x00000068   Code   RO         5783    i.DiagSub_Deal190A  VIB_Diag.lib(diagsub.o)
    0x000120b0   0x000000d4   Code   RO         5784    i.DiagSub_Deal22    VIB_Diag.lib(diagsub.o)
    0x00012184   0x000000b8   Code   RO         5785    i.DiagSub_Deal2701  VIB_Diag.lib(diagsub.o)
    0x0001223c   0x000000b8   Code   RO         5786    i.DiagSub_Deal2702  VIB_Diag.lib(diagsub.o)
    0x000122f4   0x0000004c   Code   RO         5787    i.DiagSub_Deal2E    VIB_Diag.lib(diagsub.o)
    0x00012340   0x00000060   Code   RO         5788    i.DiagSub_Deal2F    VIB_Diag.lib(diagsub.o)
    0x000123a0   0x0000005c   Code   RO         5789    i.DiagSub_Deal31    VIB_Diag.lib(diagsub.o)
    0x000123fc   0x0000002c   Code   RO         2055    i.DisplayModeSet    display.o
    0x00012428   0x0000002c   Code   RO         2056    i.DisplayTempSet    display.o
    0x00012454   0x0000008c   Code   RO         5620    i.Dtc_ClrDtc        VIB_Diag.lib(dtc.o)
    0x000124e0   0x00000020   Code   RO         5621    i.Dtc_EnableMomentGet  VIB_Diag.lib(dtc.o)
    0x00012500   0x00000114   Code   RO         5622    i.Dtc_Init          VIB_Diag.lib(dtc.o)
    0x00012614   0x00000068   Code   RO         5623    i.Dtc_OprCycleStart  VIB_Diag.lib(dtc.o)
    0x0001267c   0x00000018   Code   RO         5624    i.Dtc_OprCycleStop  VIB_Diag.lib(dtc.o)
    0x00012694   0x00000068   Code   RO         5625    i.Dtc_ReadOneFromEep  VIB_Diag.lib(dtc.o)
    0x000126fc   0x00000040   Code   RO         5627    i.Dtc_ResetFlag     VIB_Diag.lib(dtc.o)
    0x0001273c   0x0000000a   Code   RO         5628    i.Dtc_StatTask      VIB_Diag.lib(dtc.o)
    0x00012746   0x00000008   Code   RO         5629    i.Dtc_TimeTask      VIB_Diag.lib(dtc.o)
    0x0001274e   0x00000002   PAD
    0x00012750   0x00000240   Code   RO         5630    i.Dtc_UpdateBattFlagTask  VIB_Diag.lib(dtc.o)
    0x00012990   0x00000078   Code   RO         5631    i.Dtc_UpdateCtrlFlagTask  VIB_Diag.lib(dtc.o)
    0x00012a08   0x00000264   Code   RO         5632    i.Dtc_UpdateDtcBuf  VIB_Diag.lib(dtc.o)
    0x00012c6c   0x00000060   Code   RO         5633    i.Dtc_UpdateDtcTask  VIB_Diag.lib(dtc.o)
    0x00012ccc   0x00000040   Code   RO         5634    i.Dtc_WriteEepTask  VIB_Diag.lib(dtc.o)
    0x00012d0c   0x00000054   Code   RO         5635    i.Dtc_WriteOneToEep  VIB_Diag.lib(dtc.o)
    0x00012d60   0x00000024   Code   RO         4174    i.EDMA_DRV_ClearIntStatus  edma_driver.o
    0x00012d84   0x00000054   Code   RO         4185    i.EDMA_DRV_ErrorIRQHandler  edma_driver.o
    0x00012dd8   0x00000010   Code   RO         4187    i.EDMA_DRV_GetDmaRegBaseAddr  edma_driver.o
    0x00012de8   0x0000002c   Code   RO         4189    i.EDMA_DRV_IRQHandler  edma_driver.o
    0x00012e14   0x0000000c   Code   RO         4480    i.EDMA_SetDmaRequestCmd  edma_hw_access.o
    0x00012e20   0x00000064   Code   RO         1225    i.EEPROM_Init       eeprom.o
    0x00012e84   0x0000002e   Code   RO         1226    i.EEPROM_ProgPartition  eeprom.o
    0x00012eb2   0x00000002   PAD
    0x00012eb4   0x00000044   Code   RO         1227    i.EEPROM_Read       eeprom.o
    0x00012ef8   0x00000024   Code   RO         1228    i.EEPROM_SetFlexRam  eeprom.o
    0x00012f1c   0x00000060   Code   RO         1229    i.EEPROM_Write      eeprom.o
    0x00012f7c   0x00000060   Code   RO         1658    i.EEpromInit        bsp_eeprom.o
    0x00012fdc   0x00000134   Code   RO         5656    i.EepAll_DealWrtBuf  VIB_Diag.lib(eepall.o)
    0x00013110   0x0000000a   Code   RO         5657    i.EepAll_GetWrtBufIdleSize  VIB_Diag.lib(eepall.o)
    0x0001311a   0x00000002   PAD
    0x0001311c   0x00000030   Code   RO         5658    i.EepAll_Init       VIB_Diag.lib(eepall.o)
    0x0001314c   0x0000000e   Code   RO         5659    i.EepAll_InitRadMsg  VIB_Diag.lib(eepall.o)
    0x0001315a   0x00000028   Code   RO         5660    i.EepAll_InitWrtBuf  VIB_Diag.lib(eepall.o)
    0x00013182   0x0000001e   Code   RO         5661    i.EepAll_InitWrtMsg  VIB_Diag.lib(eepall.o)
    0x000131a0   0x00000040   Code   RO         5662    i.EepAll_LoadRadMsg  VIB_Diag.lib(eepall.o)
    0x000131e0   0x0000005c   Code   RO         5663    i.EepAll_LoadWrtMsg  VIB_Diag.lib(eepall.o)
    0x0001323c   0x00000030   Code   RO         5664    i.EepAll_RadMsg     VIB_Diag.lib(eepall.o)
    0x0001326c   0x0000002c   Code   RO         5665    i.EepAll_WrtMsg     VIB_Diag.lib(eepall.o)
    0x00013298   0x00000068   Code   RO         5666    i.EepAll_WrtMsgCopyToBuf  VIB_Diag.lib(eepall.o)
    0x00013300   0x00000012   Code   RO         5679    i.EepApp_LoadRadMsg  VIB_Diag.lib(eepapp.o)
    0x00013312   0x00000002   PAD
    0x00013314   0x0000005c   Code   RO         5680    i.EepApp_LoadWrtMsg  VIB_Diag.lib(eepapp.o)
    0x00013370   0x00000060   Code   RO         1659    i.EepromProcess     bsp_eeprom.o
    0x000133d0   0x000000bc   Code   RO         1856    i.EventCollect      clib.o
    0x0001348c   0x00000042   Code   RO         5810    i.FFmul             VIB_Diag.lib(aes.o)
    0x000134ce   0x00000002   PAD
    0x000134d0   0x000001a4   Code   RO          634    i.FLEXCAN0_InitReg  flexcan.o
    0x00013674   0x00000042   Code   RO          735    i.FLEXCAN_ClearRAM  flexcan_hw_access.o
    0x000136b6   0x00000028   Code   RO          741    i.FLEXCAN_Disable   flexcan_hw_access.o
    0x000136de   0x00000038   Code   RO          742    i.FLEXCAN_Enable    flexcan_hw_access.o
    0x00013716   0x0000005a   Code   RO          744    i.FLEXCAN_EnterFreezeMode  flexcan_hw_access.o
    0x00013770   0x00000024   Code   RO          745    i.FLEXCAN_ExitFreezeMode  flexcan_hw_access.o
    0x00013794   0x0000002c   Code   RO          746    i.FLEXCAN_GetMaxMbNum  flexcan_hw_access.o
    0x000137c0   0x00000056   Code   RO          748    i.FLEXCAN_GetMsgBuffRegion  flexcan_hw_access.o
    0x00013816   0x0000002c   Code   RO          749    i.FLEXCAN_GetPayloadSize  flexcan_hw_access.o
    0x00013842   0x00000002   PAD
    0x00013844   0x0000004c   Code   RO          751    i.FLEXCAN_Init      flexcan_hw_access.o
    0x00013890   0x0000000c   Code   RO          636    i.FLEXCAN_IsEnabled  flexcan.o
    0x0001389c   0x0000000e   Code   RO          752    i.FLEXCAN_IsFDEnabled  flexcan_hw_access.o
    0x000138aa   0x00000002   PAD
    0x000138ac   0x000000c8   Code   RO          637    i.FLEXCAN_MbCfgForRx  flexcan.o
    0x00013974   0x00000080   Code   RO          638    i.FLEXCAN_MbCfgForTx  flexcan.o
    0x000139f4   0x00000014   Code   RO          639    i.FLEXCAN_MbLock    flexcan.o
    0x00013a08   0x00000004   Code   RO          640    i.FLEXCAN_MbUnLock  flexcan.o
    0x00013a0c   0x00000078   Code   RO          756    i.FLEXCAN_SetErrIntCmd  flexcan_hw_access.o
    0x00013a84   0x000000b8   Code   RO          757    i.FLEXCAN_SetMaxMsgBuffNum  flexcan_hw_access.o
    0x00013b3c   0x00000088   Code   RO          759    i.FLEXCAN_SetOperationMode  flexcan_hw_access.o
    0x00013bc4   0x0000002e   Code   RO          763    i.FLEXCAN_SetPayloadSize  flexcan_hw_access.o
    0x00013bf2   0x00000002   PAD
    0x00013bf4   0x00000168   Code   RO          642    i.FLEXCAN_TxData    flexcan.o
    0x00013d5c   0x00000050   Code   RO          643    i.FLEXCAN_UpdateMbInfo  flexcan.o
    0x00013dac   0x0000000e   Code   RO         1122    i.FTM0_Ovf_Reload_IRQHandler  sys.o
    0x00013dba   0x00000002   PAD
    0x00013dbc   0x00000034   Code   RO         1123    i.FTM_Config        sys.o
    0x00013df0   0x000000b4   Code   RO         4815    i.FTM_DRV_ClearStatusFlags  ftm_common.o
    0x00013ea4   0x00000020   Code   RO         4816    i.FTM_DRV_ConvertFreqToPeriodTicks  ftm_common.o
    0x00013ec4   0x0000001a   Code   RO         5080    i.FTM_DRV_EnablePwmChannelOutputs  ftm_pwm_driver.o
    0x00013ede   0x00000002   PAD
    0x00013ee0   0x0000009c   Code   RO         4824    i.FTM_DRV_GetFrequency  ftm_common.o
    0x00013f7c   0x00000104   Code   RO         4826    i.FTM_DRV_Init      ftm_common.o
    0x00014080   0x00000020   Code   RO         4988    i.FTM_DRV_InitModule  ftm_hw_access.o
    0x000140a0   0x00000268   Code   RO         5082    i.FTM_DRV_InitPwm   ftm_pwm_driver.o
    0x00014308   0x000001a8   Code   RO         5083    i.FTM_DRV_InitPwmCombinedChannel  ftm_pwm_driver.o
    0x000144b0   0x0000007a   Code   RO         5084    i.FTM_DRV_InitPwmDutyCycleChannel  ftm_pwm_driver.o
    0x0001452a   0x00000002   PAD
    0x0001452c   0x00000198   Code   RO         5085    i.FTM_DRV_InitPwmIndependentChannel  ftm_pwm_driver.o
    0x000146c4   0x0000009c   Code   RO         4989    i.FTM_DRV_Reset     ftm_hw_access.o
    0x00014760   0x0000000e   Code   RO         5086    i.FTM_DRV_SetChnCountVal  ftm_pwm_driver.o
    0x0001476e   0x00000042   Code   RO         5087    i.FTM_DRV_SetChnEdgeLevel  ftm_pwm_driver.o
    0x000147b0   0x00000042   Code   RO         5088    i.FTM_DRV_SetChnMSnBAMode  ftm_pwm_driver.o
    0x000147f2   0x0000001e   Code   RO         5089    i.FTM_DRV_SetChnOutputPolarityCmd  ftm_pwm_driver.o
    0x00014810   0x0000003c   Code   RO         4991    i.FTM_DRV_SetChnTriggerCmd  ftm_hw_access.o
    0x0001484c   0x00000014   Code   RO         5090    i.FTM_DRV_SetClockSource  ftm_pwm_driver.o
    0x00014860   0x00000014   Code   RO         5091    i.FTM_DRV_SetCpwms  ftm_pwm_driver.o
    0x00014874   0x00000010   Code   RO         5092    i.FTM_DRV_SetDeadtimeCount  ftm_pwm_driver.o
    0x00014884   0x00000014   Code   RO         5093    i.FTM_DRV_SetDeadtimePrescale  ftm_pwm_driver.o
    0x00014898   0x00000022   Code   RO         5094    i.FTM_DRV_SetDualChnCombineCmd  ftm_pwm_driver.o
    0x000148ba   0x00000022   Code   RO         5095    i.FTM_DRV_SetDualChnCompCmd  ftm_pwm_driver.o
    0x000148dc   0x00000022   Code   RO         5096    i.FTM_DRV_SetDualChnDeadtimeCmd  ftm_pwm_driver.o
    0x000148fe   0x00000022   Code   RO         5097    i.FTM_DRV_SetDualChnFaultCmd  ftm_pwm_driver.o
    0x00014920   0x00000022   Code   RO         5098    i.FTM_DRV_SetDualChnMofCombineCmd  ftm_pwm_driver.o
    0x00014942   0x00000022   Code   RO         5099    i.FTM_DRV_SetDualChnPwmSyncCmd  ftm_pwm_driver.o
    0x00014964   0x00000022   Code   RO         5100    i.FTM_DRV_SetDualEdgeCaptureCmd  ftm_pwm_driver.o
    0x00014986   0x00000014   Code   RO         5101    i.FTM_DRV_SetFaultControlMode  ftm_pwm_driver.o
    0x0001499a   0x00000014   Code   RO         5102    i.FTM_DRV_SetFaultInt  ftm_pwm_driver.o
    0x000149ae   0x0000001e   Code   RO         4831    i.FTM_DRV_SetHardwareSyncTriggerSrc  ftm_common.o
    0x000149cc   0x0000000e   Code   RO         5103    i.FTM_DRV_SetMod    ftm_pwm_driver.o
    0x000149da   0x00000014   Code   RO         5104    i.FTM_DRV_SetSoftwareTriggerCmd  ftm_pwm_driver.o
    0x000149ee   0x00000002   PAD
    0x000149f0   0x00000240   Code   RO         4840    i.FTM_DRV_SetSync   ftm_common.o
    0x00014c30   0x00000018   Code   RO         4841    i.FTM_DRV_SetTimerOverflowInt  ftm_common.o
    0x00014c48   0x0000015c   Code   RO         5105    i.FTM_DRV_UpdatePwmChannel  ftm_pwm_driver.o
    0x00014da4   0x00000898   Code   RO         2114    i.FactoryProcess    factory.o
    0x0001563c   0x0000001c   Code   RO         1444    i.Flag_Init         flag.o
    0x00015658   0x00000164   Code   RO         2190    i.ForceOutput       sysrun.o
    0x000157bc   0x00000018   Code   RO         5715    i.GetDataFromRom    VIB_Diag.lib(diagdid.o)
    0x000157d4   0x000000e4   Code   RO         1584    i.GetavergeADValue  bsp_adcollect.o
    0x000158b8   0x00000140   Code   RO         2191    i.HeatPWM_ioProcess  sysrun.o
    0x000159f8   0x000001c0   Code   RO         2192    i.HeatProcess       sysrun.o
    0x00015bb8   0x00000194   Code   RO         2193    i.HuoErIOProcess    sysrun.o
    0x00015d4c   0x00000018   Code   RO         3175    i.INT_SYS_DisableIRQ  interrupt_manager.o
    0x00015d64   0x00000014   Code   RO         3176    i.INT_SYS_DisableIRQGlobal  interrupt_manager.o
    0x00015d78   0x00000018   Code   RO         3177    i.INT_SYS_EnableIRQ  interrupt_manager.o
    0x00015d90   0x00000024   Code   RO         3178    i.INT_SYS_EnableIRQGlobal  interrupt_manager.o
    0x00015db4   0x00000044   Code   RO         1911    i.KeyChouTi         key.o
    0x00015df8   0x000001b4   Code   RO         1912    i.KeyCooL           key.o
    0x00015fac   0x0000006c   Code   RO         1913    i.KeyEnterFactory   key.o
    0x00016018   0x000000e4   Code   RO         5814    i.KeyExpansion      VIB_Diag.lib(aes.o)
    0x000160fc   0x000000d8   Code   RO         1914    i.KeyHeat           key.o
    0x000161d4   0x00000194   Code   RO         1915    i.KeyLongPressFunc  key.o
    0x00016368   0x000000cc   Code   RO         1916    i.KeyPower          key.o
    0x00016434   0x00000158   Code   RO         1917    i.KeyProcess        key.o
    0x0001658c   0x00000114   Code   RO         1918    i.KeyShortPressFunc  key.o
    0x000166a0   0x00000002   Code   RO         1919    i.KeyShortPressFunc_1  key.o
    0x000166a2   0x00000002   PAD
    0x000166a4   0x00000240   Code   RO         1920    i.KeyTempAdd        key.o
    0x000168e4   0x00000264   Code   RO         1921    i.KeyTempDec        key.o
    0x00016b48   0x00000048   Code   RO         2057    i.LED_Blink         display.o
    0x00016b90   0x00000054   Code   RO         1778    i.LED_ForceOutput   bsp_led.o
    0x00016be4   0x000000d8   Code   RO         1779    i.LED_Process       bsp_led.o
    0x00016cbc   0x0000000a   Code   RO         3893    i.LPSPI0_IRQHandler  lpspi_irq.o
    0x00016cc6   0x00000022   Code   RO         3806    i.LPSPI_ClearStatusFlag  lpspi_hw_access.o
    0x00016ce8   0x00000034   Code   RO         4032    i.LPSPI_DRV_DisableTEIEInterrupts  lpspi_shared_function.o
    0x00016d1c   0x000000d8   Code   RO         4033    i.LPSPI_DRV_FillupTxBuffer  lpspi_shared_function.o
    0x00016df4   0x00000030   Code   RO         4034    i.LPSPI_DRV_IRQHandler  lpspi_shared_function.o
    0x00016e24   0x0000002c   Code   RO         3905    i.LPSPI_DRV_MasterAbortTransfer  lpspi_master_driver.o
    0x00016e50   0x00000088   Code   RO         3908    i.LPSPI_DRV_MasterCompleteTransfer  lpspi_master_driver.o
    0x00016ed8   0x000000d0   Code   RO         3913    i.LPSPI_DRV_MasterIRQHandler  lpspi_master_driver.o
    0x00016fa8   0x0000009c   Code   RO         4035    i.LPSPI_DRV_ReadRXBuffer  lpspi_shared_function.o
    0x00017044   0x0000007c   Code   RO         4077    i.LPSPI_DRV_SlaveAbortTransfer  lpspi_slave_driver.o
    0x000170c0   0x000000f4   Code   RO         4082    i.LPSPI_DRV_SlaveIRQHandler  lpspi_slave_driver.o
    0x000171b4   0x0000000c   Code   RO         3921    i.LPSPI_GetStatusFlag  lpspi_master_driver.o
    0x000171c0   0x0000000c   Code   RO         4086    i.LPSPI_GetStatusFlag  lpspi_slave_driver.o
    0x000171cc   0x00000014   Code   RO         3812    i.LPSPI_SetFlushFifoCmd  lpspi_hw_access.o
    0x000171e0   0x0000001e   Code   RO         3923    i.LPSPI_SetIntMode  lpspi_master_driver.o
    0x000171fe   0x0000001e   Code   RO         4036    i.LPSPI_SetIntMode  lpspi_shared_function.o
    0x0001721c   0x0000001e   Code   RO         4087    i.LPSPI_SetIntMode  lpspi_slave_driver.o
    0x0001723a   0x0000000e   Code   RO         3924    i.LPSPI_SetRxDmaCmd  lpspi_master_driver.o
    0x00017248   0x0000000e   Code   RO         4088    i.LPSPI_SetRxDmaCmd  lpspi_slave_driver.o
    0x00017256   0x0000000c   Code   RO         3925    i.LPSPI_SetTxDmaCmd  lpspi_master_driver.o
    0x00017262   0x0000000c   Code   RO         4090    i.LPSPI_SetTxDmaCmd  lpspi_slave_driver.o
    0x0001726e   0x00000002   PAD
    0x00017270   0x00000098   Code   RO          958    i.LPUART0_InitReg   lpuart.o
    0x00017308   0x000000b4   Code   RO          961    i.LPUART0_RxTx_IRQHandler  lpuart.o
    0x000173bc   0x000000e0   Code   RO          964    i.LPUART0_SetBaudRate  lpuart.o
    0x0001749c   0x0000012c   Code   RO         1041    i.LPUART_ClearStatusFlag  lpuart_hw_access.o
    0x000175c8   0x00000048   Code   RO         1042    i.LPUART_GetIntMode  lpuart_hw_access.o
    0x00017610   0x00000048   Code   RO         1043    i.LPUART_GetStatusFlag  lpuart_hw_access.o
    0x00017658   0x00000024   Code   RO         1046    i.LPUART_Init       lpuart_hw_access.o
    0x0001767c   0x00000008   Code   RO          966    i.LPUART_Putchar    lpuart.o
    0x00017684   0x00000008   Code   RO         2058    i.LPUART_Putchar    display.o
    0x0001768c   0x00000034   Code   RO         1049    i.LPUART_SetBitCountPerChar  lpuart_hw_access.o
    0x000176c0   0x00000070   Code   RO         1051    i.LPUART_SetIntMode  lpuart_hw_access.o
    0x00017730   0x0000001e   Code   RO         1052    i.LPUART_SetParityMode  lpuart_hw_access.o
    0x0001774e   0x00000020   Code   RO          967    i.LPUART_SetReceiverCmd  lpuart.o
    0x0001776e   0x00000020   Code   RO          968    i.LPUART_SetTransmitterCmd  lpuart.o
    0x0001778e   0x00000086   Code   RO         5815    i.MixColumns        VIB_Diag.lib(aes.o)
    0x00017814   0x0000002a   Code   RO         5268    i.OSIF_SemaPost     osif_baremetal.o
    0x0001783e   0x00000002   PAD
    0x00017840   0x00000060   Code   RO         2194    i.OpenYaSuoJi_1     sysrun.o
    0x000178a0   0x00000028   Code   RO         2844    i.PCC_GetClockMode  clock_s32k1xx.o
    0x000178c8   0x00000044   Code   RO         2845    i.PCC_SetClockMode  clock_s32k1xx.o
    0x0001790c   0x00000038   Code   RO         2846    i.PCC_SetPeripheralClockControl  clock_s32k1xx.o
    0x00017944   0x00000008   Code   RO         3244    i.PINS_DRV_ClearPins  pins_driver.o
    0x0001794c   0x0000000e   Code   RO         3245    i.PINS_DRV_ClearPortIntFlagCmd  pins_driver.o
    0x0001795a   0x0000001e   Code   RO         3253    i.PINS_DRV_Init     pins_driver.o
    0x00017978   0x0000000c   Code   RO         3254    i.PINS_DRV_ReadPins  pins_driver.o
    0x00017984   0x00000020   Code   RO         3259    i.PINS_DRV_SetPinIntSel  pins_driver.o
    0x000179a4   0x0000001e   Code   RO         3264    i.PINS_DRV_WritePin  pins_driver.o
    0x000179c2   0x0000013e   Code   RO         3398    i.PINS_Init         pins_port_hw_access.o
    0x00017b00   0x00000016   Code   RO         2847    i.PMC_GetLpoMode    clock_s32k1xx.o
    0x00017b16   0x0000001a   Code   RO         2848    i.PMC_SetLpoMode    clock_s32k1xx.o
    0x00017b30   0x00000018   Code   RO         1125    i.PORT_IRQHandler   sys.o
    0x00017b48   0x00000018   Code   RO         1126    i.PORT_Init         sys.o
    0x00017b60   0x00000058   Code   RO         1857    i.PopEvent          clib.o
    0x00017bb8   0x0000005c   Code   RO         1858    i.PushEvent         clib.o
    0x00017c14   0x000001b0   Code   RO         1802    i.RDUART0_RcvByte   bsp_uart.o
    0x00017dc4   0x00000090   Code   RO         1660    i.ReadBingXangState  bsp_eeprom.o
    0x00017e54   0x0000027c   Code   RO         2023    i.ReadBusState_318  updatacanmessage.o
    0x000180d0   0x00000194   Code   RO         1661    i.ReadTempEeprom    bsp_eeprom.o
    0x00018264   0x000000fc   Code   RO         2195    i.ReadYaSuoJiData   sysrun.o
    0x00018360   0x0000003c   Code   RO         2196    i.Rest_YaSuoJiData  sysrun.o
    0x0001839c   0x0000000c   Code   RO         2849    i.SCG_GetCurrentBusClockDividerRatio  clock_s32k1xx.o
    0x000183a8   0x0000000e   Code   RO         2850    i.SCG_GetCurrentCoreClockDividerRatio  clock_s32k1xx.o
    0x000183b6   0x0000000e   Code   RO         2851    i.SCG_GetCurrentSystemClockSource  clock_s32k1xx.o
    0x000183c4   0x00000028   Code   RO         2852    i.SCG_SetSoscControl  clock_s32k1xx.o
    0x000183ec   0x0000000c   Code   RO         2853    i.SIM_GetLpo32KStatus  clock_s32k1xx.o
    0x000183f8   0x00000018   Code   RO         2854    i.SIM_SetDmaClockGate  clock_s32k1xx.o
    0x00018410   0x00000018   Code   RO         2855    i.SIM_SetEimClockGate  clock_s32k1xx.o
    0x00018428   0x00000018   Code   RO         2856    i.SIM_SetErmClockGate  clock_s32k1xx.o
    0x00018440   0x0000002c   Code   RO         2857    i.SIM_SetLpoClocks  clock_s32k1xx.o
    0x0001846c   0x00000018   Code   RO         2858    i.SIM_SetMpuClockGate  clock_s32k1xx.o
    0x00018484   0x00000012   Code   RO         2859    i.SIM_SetMscmClockGate  clock_s32k1xx.o
    0x00018496   0x0000001c   Code   RO         2860    i.SIM_SetTraceClockConfig  clock_s32k1xx.o
    0x000184b2   0x00000002   PAD
    0x000184b4   0x00000038   Code   RO         1128    i.SYS_Init          sys.o
    0x000184ec   0x0000009c   Code   RO         5803    i.Seed2Key          VIB_Diag.lib(seedkey.o)
    0x00018588   0x000006fc   Code   RO         2060    i.SendDataDiaplay   display.o
    0x00018c84   0x00000010   Code   RO         2197    i.SetPause          sysrun.o
    0x00018c94   0x0000006c   Code   RO         1922    i.SetValidJudgment  key.o
    0x00018d00   0x0000003a   Code   RO         5816    i.ShiftRows         VIB_Diag.lib(aes.o)
    0x00018d3a   0x00000002   PAD
    0x00018d3c   0x00000038   Code   RO            3    i.SpeTask           main.o
    0x00018d74   0x00000010   Code   RO         1467    i.Stat_Init         stat.o
    0x00018d84   0x00000028   Code   RO         5817    i.SubBytes          VIB_Diag.lib(aes.o)
    0x00018dac   0x00000060   Code   RO            4    i.SysInit           main.o
    0x00018e0c   0x00000120   Code   RO            5    i.SysMonitor        main.o
    0x00018f2c   0x00000018   Code   RO         1923    i.SysRest           key.o
    0x00018f44   0x00000048   Code   RO            6    i.SysTask           main.o
    0x00018f8c   0x00000038   Code   RO         1129    i.SysTick_Config    sys.o
    0x00018fc4   0x0000049c   Code   RO         1130    i.SysTick_Handler   sys.o
    0x00019460   0x00000024   Code   RO         2523    i.SystemInit        system_s32k116.o
    0x00019484   0x0000001c   Code   RO         2524    i.SystemSoftwareReset  system_s32k116.o
    0x000194a0   0x00000440   Code   RO         2011    i.TELProcess        telmessage.o
    0x000198e0   0x0000006c   Code   RO         2198    i.TemCompasationProcess  sysrun.o
    0x0001994c   0x0000017c   Code   RO         1585    i.TemperatureCollect  bsp_adcollect.o
    0x00019ac8   0x0000000c   Code   RO         1512    i.Time_GetSysTick   time.o
    0x00019ad4   0x00000048   Code   RO         1513    i.Time_Init         time.o
    0x00019b1c   0x0000002a   Code   RO         1514    i.Time_Out          time.o
    0x00019b46   0x0000000c   Code   RO         1516    i.Time_Reset        time.o
    0x00019b52   0x00000002   PAD
    0x00019b54   0x00000034   Code   RO         2199    i.UartSingnalCollect  sysrun.o
    0x00019b88   0x00000154   Code   RO         2024    i.UpdataCanMessage  updatacanmessage.o
    0x00019cdc   0x00000168   Code   RO         2026    i.Updata_TCL_TEL_CanMessage  updatacanmessage.o
    0x00019e44   0x00000134   Code   RO         3528    i.WDOG_Config       wdog_hw_access.o
    0x00019f78   0x00000054   Code   RO         3440    i.WDOG_DRV_Init     wdog_driver.o
    0x00019fcc   0x0000003c   Code   RO         3446    i.WDOG_DRV_Trigger  wdog_driver.o
    0x0001a008   0x0000000e   Code   RO         3531    i.WDOG_IsReconfigurationComplete  wdog_hw_access.o
    0x0001a016   0x0000000e   Code   RO         3532    i.WDOG_IsUnlocked   wdog_hw_access.o
    0x0001a024   0x0000003c   Code   RO         1662    i.WriteTempEeprom   bsp_eeprom.o
    0x0001a060   0x00000050   Code   RO         2200    i.YaSuoJiErrowTimeCnt  sysrun.o
    0x0001a0b0   0x00000070   Code   RO         2201    i.YaSuoJiProcess    sysrun.o
    0x0001a120   0x0000001c   Code   RO          937    i.__ARM_common_switch8  flexcan_hw_access.o
    0x0001a13c   0x00000008   Code   RO         5428    i.__DiagTask_5sAppMsg_Start  VIB_Diag.lib(diagtask.o)
    0x0001a144   0x00000010   Code   RO         5429    i.__DiagTask_Clr2FRcvFlag  VIB_Diag.lib(diagtask.o)
    0x0001a154   0x00000010   Code   RO         5430    i.__DiagTask_ClrRcvCDCFlag  VIB_Diag.lib(diagtask.o)
    0x0001a164   0x00000010   Code   RO         5431    i.__DiagTask_ClrRcvTELFlag  VIB_Diag.lib(diagtask.o)
    0x0001a174   0x00000018   Code   RO         5432    i.__DiagTask_DidVibDataSet  VIB_Diag.lib(diagtask.o)
    0x0001a18c   0x00000030   Code   RO         5433    i.__DiagTask_EEPRead  VIB_Diag.lib(diagtask.o)
    0x0001a1bc   0x00000010   Code   RO         5434    i.__DiagTask_EEPTask  VIB_Diag.lib(diagtask.o)
    0x0001a1cc   0x00000030   Code   RO         5435    i.__DiagTask_EEPWrite  VIB_Diag.lib(diagtask.o)
    0x0001a1fc   0x00000034   Code   RO         5436    i.__DiagTask_HandleTask  VIB_Diag.lib(diagtask.o)
    0x0001a230   0x00000016   Code   RO         5437    i.__DiagTask_Init   VIB_Diag.lib(diagtask.o)
    0x0001a246   0x00000008   Code   RO         5438    i.__DiagTask_Period100msTask  VIB_Diag.lib(diagtask.o)
    0x0001a24e   0x0000000c   Code   RO         5439    i.__DiagTask_Period10msTask  VIB_Diag.lib(diagtask.o)
    0x0001a25a   0x00000018   Code   RO         5440    i.__DiagTask_Period2msTask  VIB_Diag.lib(diagtask.o)
    0x0001a272   0x00000002   PAD
    0x0001a274   0x00000044   Code   RO         5441    i.__DiagTask_Rcv2FCheck  VIB_Diag.lib(diagtask.o)
    0x0001a2b8   0x00000038   Code   RO         5442    i.__DiagTask_RcvCDCCheck  VIB_Diag.lib(diagtask.o)
    0x0001a2f0   0x00000038   Code   RO         5443    i.__DiagTask_RcvTELCheck  VIB_Diag.lib(diagtask.o)
    0x0001a328   0x0000009c   Code   RO         5444    i.__DiagTask_RxPeriodMsg  VIB_Diag.lib(diagtask.o)
    0x0001a3c4   0x00000004   Code   RO         5445    i.__DiagTask_SendAppMsg  VIB_Diag.lib(diagtask.o)
    0x0001a3c8   0x00000018   Code   RO         5446    i.__DiagTask_SetPowerValue  VIB_Diag.lib(diagtask.o)
    0x0001a3e0   0x00000012   Code   RO         5447    i.__DiagTask_UpdateDTC  VIB_Diag.lib(diagtask.o)
    0x0001a3f2   0x00000002   PAD
    0x0001a3f4   0x00000010   Code   RO         5448    i.__DiagTask_UpdatePriodicMsg  VIB_Diag.lib(diagtask.o)
    0x0001a404   0x00000010   Code   RO          339    i.__RTE_2FModeOnSt  rte.o
    0x0001a414   0x00000008   Code   RO          340    i.__RTE_5sAppMsgTriggerByLocalEvent_Start  rte.o
    0x0001a41c   0x00000014   Code   RO          341    i.__RTE_AppEepromRead  rte.o
    0x0001a430   0x00000014   Code   RO          342    i.__RTE_AppEepromWrite  rte.o
    0x0001a444   0x0000000c   Code   RO          343    i.__RTE_AppFillPriodicMsg  rte.o
    0x0001a450   0x0000001c   Code   RO          344    i.__RTE_AppPWADCValue  rte.o
    0x0001a46c   0x00000010   Code   RO          345    i.__RTE_AppRxPriodicMsg  rte.o
    0x0001a47c   0x00000008   Code   RO          346    i.__RTE_ClrRcv2FMsgSt  rte.o
    0x0001a484   0x00000008   Code   RO          347    i.__RTE_ClrRcvCDCMsgSt  rte.o
    0x0001a48c   0x00000008   Code   RO          348    i.__RTE_ClrRcvTELMsgSt  rte.o
    0x0001a494   0x0000000c   Code   RO          349    i.__RTE_RcvCDCMsgSt  rte.o
    0x0001a4a0   0x0000000c   Code   RO          350    i.__RTE_RcvTELMsgSt  rte.o
    0x0001a4ac   0x0000000c   Code   RO          351    i.__RTE_SendAppMsg  rte.o
    0x0001a4b8   0x0000000e   Code   RO          352    i.__RTE_SetDidVIBData  rte.o
    0x0001a4c6   0x00000010   Code   RO          353    i.__RTE_UpdateDTC   rte.o
    0x0001a4d6   0x00000002   PAD
    0x0001a4d8   0x00000068   Code   RO         1586    i.adc_get_average   bsp_adcollect.o
    0x0001a540   0x00000044   Code   RO         2488    i.init_data_bss     startup.o
    0x0001a584   0x00000048   Code   RO            7    i.main              main.o
    0x0001a5cc   0x000001a4   Code   RO         2202    i.sysRuning         sysrun.o
    0x0001a770   0x00000064   Code   RO         5858    x$fpl$dleqf         fz_ps.l(dlef.o)
    0x0001a7d4   0x00000068   Code   RO         5862    x$fpl$drleqf        fz_ps.l(drlef.o)
    0x0001a83c   0x0000008c   Code   RO         5866    x$fpl$fadd          fz_ps.l(faddsub.o)
    0x0001a8c8   0x00000054   Code   RO         5872    x$fpl$feqf          fz_ps.l(feqf.o)
    0x0001a91c   0x00000054   Code   RO         5876    x$fpl$fleqf         fz_ps.l(flef.o)
    0x0001a970   0x00000058   Code   RO         5878    x$fpl$frleqf        fz_ps.l(frlef.o)
    0x0001a9c8   0x000000d0   Code   RO         5868    x$fpl$fsub          fz_ps.l(faddsub.o)
    0x0001aa98   0x00000000   Code   RO         5893    x$fpl$usenofp       fz_ps.l(usenofp.o)


    Execution Region RW_m_custom_section (Base: 0x1ffffc00, Size: 0x00000000, Max: 0xffffffff, ABSOLUTE)

    **** No section assigned to this execution region ****


    Execution Region VECTOR_RAM (Base: 0x20000000, Size: 0x00000000, Max: 0x000000c0, ABSOLUTE)

    **** No section assigned to this execution region ****


    Execution Region RW_m_data (Base: 0x200000c0, Size: 0x00001b0c, Max: 0xffffffff, ABSOLUTE, COMPRESSED[0x000004b0])

    Base Addr    Size         Type   Attr      Idx    E Section Name        Object

    0x200000c0   0x00000002   Data   RW            9    .data               main.o
    0x200000c2   0x00000006   Data   RW          357    .data               rte.o
    0x200000c8   0x00000001   Data   RW          970    .data               lpuart.o
    0x200000c9   0x00000002   Data   RW         1132    .data               sys.o
    0x200000cb   0x00000001   PAD
    0x200000cc   0x0000001a   Data   RW         1196    .data               adc.o
    0x200000e6   0x00000002   PAD
    0x200000e8   0x00000030   Data   RW         1230    .data               eeprom.o
    0x20000118   0x00000005   Data   RW         1445    .data               flag.o
    0x2000011d   0x00000006   Data   RW         1468    .data               stat.o
    0x20000123   0x00000001   PAD
    0x20000124   0x00000014   Data   RW         1520    .data               time.o
    0x20000138   0x00000046   Data   RW         1587    .data               bsp_adcollect.o
    0x2000017e   0x00000001   Data   RW         1780    .data               bsp_led.o
    0x2000017f   0x00000009   Data   RW         1803    .data               bsp_uart.o
    0x20000188   0x00000143   Data   RW         1836    .data               buzzer.o
    0x200002cb   0x0000003c   Data   RW         1885    .data               functab.o
    0x20000307   0x00000001   PAD
    0x20000308   0x00000164   Data   RW         1898    .data               globe.o
    0x2000046c   0x00000009   Data   RW         1924    .data               key.o
    0x20000475   0x00000001   Data   RW         2027    .data               updatacanmessage.o
    0x20000476   0x0000000a   Data   RW         2062    .data               display.o
    0x20000480   0x00000002   Data   RW         2116    .data               factory.o
    0x20000482   0x00000002   PAD
    0x20000484   0x00000016   Data   RW         2203    .data               sysrun.o
    0x2000049a   0x00000002   PAD
    0x2000049c   0x000000c8   Data   RW         2366    .data               clockman1.o
    0x20000564   0x00000036   Data   RW         2415    .data               flextimer_pwm1.o
    0x2000059a   0x00000002   PAD
    0x2000059c   0x00000076   Data   RW         2863    .data               clock_s32k1xx.o
    0x20000612   0x00000002   PAD
    0x20000614   0x00000004   Data   RW         3184    .data               interrupt_manager.o
    0x20000618   0x0000000c   Data   RW         4038    .data               lpspi_shared_function.o
    0x20000624   0x00000004   Data   RW         4223    .data               edma_driver.o
    0x20000628   0x00000008   Data   RW         4843    .data               ftm_common.o
    0x20000630   0x00000014   Data   RW         5449    .data               VIB_Diag.lib(diagtask.o)
    0x20000644   0x00000004   Data   RW         5512    .data               VIB_Diag.lib(canapp.o)
    0x20000648   0x00000001   Data   RW         5575    .data               VIB_Diag.lib(candiag.o)
    0x20000649   0x00000003   PAD
    0x2000064c   0x00000008   Data   RW         5718    .data               VIB_Diag.lib(diagdid.o)
    0x20000654   0x00000003   Data   RW         5764    .data               VIB_Diag.lib(diagsid.o)
    0x20000657   0x00000200   Data   RW         5819    .data               VIB_Diag.lib(aes.o)
    0x20000857   0x00000001   PAD
    0x20000858   0x00000010   Zero   RW          644    .bss                flexcan.o
    0x20000868   0x00000060   Zero   RW         1131    .bss                sys.o
    0x200008c8   0x00000030   Zero   RW         1519    .bss                time.o
    0x200008f8   0x000000e4   Zero   RW         1897    .bss                globe.o
    0x200009dc   0x0000000a   Zero   RW         2115    .bss                factory.o
    0x200009e6   0x00000010   Zero   RW         2414    .bss                flextimer_pwm1.o
    0x200009f6   0x00000002   PAD
    0x200009f8   0x0000001c   Zero   RW         2861    .bss                clock_s32k1xx.o
    0x20000a14   0x00000034   Zero   RW         5363    .bss                VIB_Diag.lib(carsign.o)
    0x20000a48   0x00000120   Zero   RW         5397    .bss                VIB_Diag.lib(canall.o)
    0x20000b68   0x0000001c   Zero   RW         5420    .bss                VIB_Diag.lib(cannm2.o)
    0x20000b84   0x00000010   Zero   RW         5508    .bss                VIB_Diag.lib(canapp.o)
    0x20000b94   0x00000010   Zero   RW         5509    .bss                VIB_Diag.lib(canapp.o)
    0x20000ba4   0x000000d4   Zero   RW         5510    .bss                VIB_Diag.lib(canapp.o)
    0x20000c78   0x00000010   Zero   RW         5573    .bss                VIB_Diag.lib(candiag.o)
    0x20000c88   0x0000025c   Zero   RW         5574    .bss                VIB_Diag.lib(candiag.o)
    0x20000ee4   0x00000468   Zero   RW         5609    .bss                VIB_Diag.lib(cantp.o)
    0x2000134c   0x0000014c   Zero   RW         5636    .bss                VIB_Diag.lib(dtc.o)
    0x20001498   0x000003c4   Zero   RW         5667    .bss                VIB_Diag.lib(eepall.o)
    0x2000185c   0x000000c0   Zero   RW         5716    .bss                VIB_Diag.lib(diagdid.o)
    0x2000191c   0x000002b0   Zero   RW         5818    .bss                VIB_Diag.lib(aes.o)


    Execution Region RW_m_code (Base: 0x20001bcc, Size: 0x00000088, Max: 0x00001f40, ABSOLUTE)

    Base Addr    Size         Type   Attr      Idx    E Section Name        Object

    0x20001bcc   0x00000070   Code   RO         1224    .code_ram           eeprom.o
    0x20001c3c   0x0000000c   Ven    RO         6084    Veneer$$Code        anon$$obj.o
    0x20001c48   0x0000000c   Ven    RO         6085    Veneer$$Code        anon$$obj.o


    Execution Region RW_m_data_2 (Base: 0x20002000, Size: 0x00000000, Max: 0x00001400, ABSOLUTE)

    **** No section assigned to this execution region ****


    Execution Region ARM_LIB_HEAP (Base: 0x20002000, Size: 0x00000200, Max: 0x00000200, ABSOLUTE)

    Base Addr    Size         Type   Attr      Idx    E Section Name        Object

    0x20002000   0x00000200   Zero   RW            1    ARM_LIB_HEAP.bss    anon$$obj.o


    Execution Region ARM_LIB_STACK (Base: 0x20003600, Size: 0x00000200, Max: 0x00000200, ABSOLUTE)

    Base Addr    Size         Type   Attr      Idx    E Section Name        Object

    0x20003600   0x00000200   Zero   RW            2    ARM_LIB_STACK.bss   anon$$obj.o



  Load Region LR_m_interrupts (Base: 0x0000a000, Size: 0x000000c0, Max: 0x000000c0, ABSOLUTE)

    Execution Region VECTOR_ROM (Base: 0x0000a000, Size: 0x000000c0, Max: 0x000000c0, ABSOLUTE)

    Base Addr    Size         Type   Attr      Idx    E Section Name        Object

    0x0000a000   0x000000c0   Data   RO         5338    RESET               startup_s32k116.o



  Load Region LR_m_flash_config (Base: 0x00000400, Size: 0x00000000, Max: 0x00000010, ABSOLUTE)

    Execution Region ER_m_flash_config (Base: 0x00000400, Size: 0x00000000, Max: 0x00000010, ABSOLUTE, FIXED)

    Base Addr    Size         Type   Attr      Idx    E Section Name        Object

    0x00000400   0x00000000   Data   RO         5339    FlashConfig         startup_s32k116.o



  Load Region LR_m_interrupts2 (Base: 0x00000000, Size: 0x00000000, Max: 0x00000008, ABSOLUTE)

    Execution Region ER_m_interrupts2_const (Base: 0x00000000, Size: 0x00000000, Max: 0xffffffff, ABSOLUTE)

    **** No section assigned to this execution region ****



  Load Region LR_m_AppTbl1 (Base: 0x0001f400, Size: 0x00000034, Max: 0x00000400, ABSOLUTE)

    Execution Region ER_m_AppTbl1 (Base: 0x0001f400, Size: 0x00000034, Max: 0x00000400, ABSOLUTE)

    Base Addr    Size         Type   Attr      Idx    E Section Name        Object

    0x0001f400   0x00000011   Data   RO          354    .ARM.__AT_0x0001F400  rte.o
    0x0001f411   0x0000000f   PAD
    0x0001f420   0x00000004   Data   RO          355    .ARM.__AT_0x0001F420  rte.o
    0x0001f424   0x0000000c   PAD
    0x0001f430   0x00000004   Data   RO          356    .ARM.__AT_0x0001F430  rte.o



  Load Region LR_m_AppTbl2 (Base: 0x0001f800, Size: 0x00000008, Max: 0x00000800, ABSOLUTE)

    Execution Region ER_m_AppTbl2 (Base: 0x0001f800, Size: 0x00000008, Max: 0x00000800, ABSOLUTE)

    Base Addr    Size         Type   Attr      Idx    E Section Name        Object

    0x0001f800   0x00000008   Data   RO            8    .ARM.__AT_0x0001F800  main.o


==============================================================================

Image component sizes


      Code (inc. data)   RO Data    RW Data    ZI Data      Debug   Object Name

       216         36          0         26          0       1558   adc.o
       790         48          5          0          0      14697   adc_driver.o
         0          0         38          0          0      16671   adconv1.o
      1396        208          0         70          0      15034   bsp_adcollect.o
       812         62          0          0          0      12138   bsp_eeprom.o
       300         20          0          1          0       1088   bsp_led.o
       440         30          0          9          0       4070   bsp_uart.o
      1112        106          0        323          0       3674   buzzer.o
       264         12          0          0          0       1833   can.o
      1540         36          0          0          0       1165   cdcmessage.o
       368         24          0          0          0       1538   clib.o
      5578        298        461        118         28      59750   clock_s32k1xx.o
         0          0          0        200          0        739   clockman1.o
        32          4        512          0          0       1199   crc.o
      1984        132          0         10          0       7412   display.o
       180         26         13          4          0       6214   edma_driver.o
        12          0          0          0          0       1024   edma_hw_access.o
        88          0          0          0          0       5795   edma_irq.o
       458         46          0         48          0       4443   eeprom.o
      2200        144          0          2         10       2602   factory.o
        28          6          0          5          0       1463   flag.o
      1400         78        212          0         16      17718   flexcan.o
      1066         22         76          0          0     384561   flexcan_hw_access.o
         0          0          0         54         16        797   flextimer_pwm1.o
      1258         42         34          8          0      23485   ftm_common.o
       248          6          0          0          0       9448   ftm_hw_access.o
      2508         32          0          0          0      34336   ftm_pwm_driver.o
         0          0          0         60          0        646   functab.o
         0          0          0        356        228       9639   globe.o
       104         22          0          4          0       2258   interrupt_manager.o
      3378        180          0          9          0       7502   key.o
        54          0          0          0          0       4668   lpspi_hw_access.o
        10          0          0          0          0        472   lpspi_irq.o
       456         24          0          0          0       7961   lpspi_master_driver.o
       502         24          0         12          0       9356   lpspi_shared_function.o
       436         20          0          0          0       7303   lpspi_slave_driver.o
       628         40         12          1          0       6844   lpuart.o
       674         38          0          0          0       7317   lpuart_hw_access.o
       584         82          8          2          0     418653   main.o
        42          0          0          0          0       1796   osif_baremetal.o
         0          0        576          0          0        757   pin_mux.o
       126          0          0          0          0       6564   pins_driver.o
       318          0          0          0          0       2520   pins_port_hw_access.o
       210         10         25          6          0      41675   rte.o
        68         18          4          0          0       1364   startup.o
       184        114        192          0          0        688   startup_s32k116.o
        16          4          0          6          0       1951   stat.o
      1406         84          0          2         96       4423   sys.o
      5724        384          0         22          0      10904   sysrun.o
        64         24          0          0          0        999   system_s32k116.o
      1088         24          0          0          0       1033   telmessage.o
       230         12          0         20         48       4958   time.o
      1336         98          0          1          0       2818   updatacanmessage.o
         0          0         14          0          0        516   watchdog1.o
       144         26          5          0          0       3567   wdog_driver.o
       336         16          0          0          0       3822   wdog_hw_access.o

    ----------------------------------------------------------------------
     42466       2674       2280       1392       1468    1207426   Object Totals
        36         12         48          0       1024          0   (incl. Generated)
        34          0         45         13          2          0   (incl. Padding)

    ----------------------------------------------------------------------

      Code (inc. data)   RO Data    RW Data    ZI Data      Debug   Library Member Name

       746         50          0        512        688        612   aes.o
      1024        130          0          0        288        964   canall.o
      2604        262         76          4        244       2240   canapp.o
      1574        250          0          1        620       1580   candiag.o
       238         30          0          0         28        336   cannm2.o
      2032        190          0          0       1128        776   cantp.o
       600        116          0          0         52        920   carsign.o
      1854        316        119          8        192       2160   diagdid.o
      2784         90          0          3          0        876   diagsid.o
      2544        108          0          0          0       1040   diagsub.o
       708        112          0         20          0       1364   diagtask.o
      2314        146        104          0        332       1068   dtc.o
       802         70          0          0        964        788   eepall.o
       110          6          0          0          0        144   eepapp.o
       156          6         16          0          0         88   seedkey.o
        86          0          0          0          0          0   __dczerorl2.o
         8          0          0          0          0         68   __main.o
         0          0          0          0          0          0   __rtentry.o
        12          0          0          0          0          0   __rtentry2.o
         8          4          0          0          0          0   __rtentry7.o
        60          8          0          0          0          0   __scatter.o
        26          0          0          0          0          0   __scatter_copy.o
        28          0          0          0          0          0   __scatter_zi.o
       488          0          0          0          0         92   aeabi_sdivfast.o
        16          0          0          0          0         68   exit.o
         0          0          0          0          0          0   indicate_semi.o
         2          0          0          0          0          0   libinit.o
         2          0          0          0          0          0   libinit2.o
         2          0          0          0          0          0   libshutdown.o
         2          0          0          0          0          0   libshutdown2.o
        64          0          0          0          0        108   rt_memclr.o
       186          0          0          0          0        144   rt_memcpy.o
         2          0          0          0          0          0   rtexit.o
        10          0          0          0          0          0   rtexit2.o
        12          4          0          0          0         60   sys_exit.o
         2          0          0          0          0         68   use_no_semi.o
        46          0          0          0          0         60   cmpret.o
       124          4          0          0          0         72   d2f.o
       144          4          0          0          0         76   dcmpin.o
        72          4          0          0          0         68   dfixui.o
        88          0          0          0          0         92   dflti.o
       100          4          0          0          0         92   dlef.o
       584         26          0          0          0         84   dmul.o
        20          6          0          0          0         68   dnan2.o
       104          4          0          0          0        104   drlef.o
        84          4          0          0          0         60   f2d.o
       348          8          0          0          0        160   faddsub.o
       100          4          0          0          0         68   fcmpin.o
        84          4          0          0          0         76   feqf.o
        48          0          0          0          0         60   ffixui.o
        84          4          0          0          0         76   flef.o
        16          6          0          0          0         68   fnan2.o
        88          4          0          0          0         76   frlef.o
        94          0          0          0          0         68   retnan.o
         0          0          0          0          0          0   usenofp.o

    ----------------------------------------------------------------------
     23382       1984        316        552       4536      16992   Library Totals
        48          0          1          4          0          0   (incl. Padding)

    ----------------------------------------------------------------------

      Code (inc. data)   RO Data    RW Data    ZI Data      Debug   Library Name

     20090       1882        315        548       4536      14956   VIB_Diag.lib
      1016         16          0          0          0        608   c_p.l
      2228         86          0          0          0       1428   fz_ps.l

    ----------------------------------------------------------------------
     23382       1984        316        552       4536      16992   Library Totals

    ----------------------------------------------------------------------

==============================================================================


      Code (inc. data)   RO Data    RW Data    ZI Data      Debug   

     65848       4658       2596       1944       6004    1200978   Grand Totals
     65848       4658       2596       1200       6004    1200978   ELF Image Totals (compressed)
     65848       4658       2596       1200          0          0   ROM Totals

==============================================================================

    Total RO  Size (Code + RO Data)                68444 (  66.84kB)
    Total RW  Size (RW Data + ZI Data)              7948 (   7.76kB)
    Total ROM Size (Code + RO Data + RW Data)      69644 (  68.01kB)

==============================================================================

