<html>
<body>
<pre>
<h1>µVision Build Log</h1>
<h2>Tool Versions:</h2>
IDE-Version: ¦ÌVision V5.23.0.0
Copyright (C) 2017 ARM Ltd and ARM Germany GmbH. All rights reserved.
License Information: 11 ÐìÌú·æ, 11, LIC=BUURY-IE97C-JJZ6S-LI4FS-BAKNV-94D1V
 
Tool Versions:
Toolchain:       MDK-ARM Plus  Version: 5.23
Toolchain Path:  C:\Keil_v5\ARM\ARMCC\Bin
C Compiler:      Armcc.exe V5.06 update 4 (build 422)
Assembler:       Armasm.exe V5.06 update 4 (build 422)
Linker/Locator:  ArmLink.exe V5.06 update 4 (build 422)
Library Manager: ArmAr.exe V5.06 update 4 (build 422)
Hex Converter:   FromElf.exe V5.06 update 4 (build 422)
CPU DLL:         SARMCM3.DLL V5.23
Dialog DLL:      DARMCM1.DLL V1.17.0.0
Target DLL:      Segger\JL2CM3.dll V2.99.23.0
Dialog DLL:      TARMCM1.DLL V1.12.0.0
 
<h2>Project:</h2>
D:\RuiDe\soft\VIB_RD_APP_Heat_PWM\Keil_Project\VIB_APP.uvprojx
Project File Date:  11/08/2023

<h2>Output:</h2>
*** Using Compiler 'V5.06 update 4 (build 422)', folder: 'C:\Keil_v5\ARM\ARMCC\Bin'
Rebuild target 'Sources'
compiling lpuart_hw_access.c...
compiling flexcan_hw_access.c...
compiling LPUART.c...
compiling Crc.c...
compiling CAN.c...
compiling ADC.c...
compiling Rte.c...
compiling EEPROM.c...
compiling SYS.c...
compiling Main.c...
compiling FLEXCAN.c...
compiling Flag.c...
compiling Stat.c...
compiling bsp_ADCollect.c...
compiling Time.c...
compiling bsp_eeprom.c...
compiling bsp_Led.c...
compiling bsp_uart.c...
compiling buzzer.c...
compiling clib.c...
compiling FuncTab.c...
compiling globe.c...
compiling CDCMessage.c...
compiling key.c...
compiling TELMessage.c...
compiling Display.c...
compiling UpdataCanMessage.c...
compiling clockMan1.c...
compiling factory.c...
compiling adConv1.c...
compiling Cpu.c...
compiling dmaController1.c...
compiling sysRun.c...
compiling flexTimer_mc1.c...
compiling pin_mux.c...
compiling flexTimer_pwm1.c...
compiling lpspiCom1.c...
compiling lpTmr1.c...
compiling pwrMan1.c...
compiling watchdog1.c...
compiling startup.c...
compiling system_S32K116.c...
compiling interrupt_manager.c...
compiling adc_driver.c...
compiling clock_S32K1xx.c...
compiling pins_driver.c...
compiling pins_port_hw_access.c...
compiling wdog_driver.c...
compiling wdog_hw_access.c...
compiling lptmr_driver.c...
compiling lptmr_hw_access.c...
compiling lpspi_hw_access.c...
compiling lpspi_irq.c...
compiling lpspi_master_driver.c...
compiling lpspi_shared_function.c...
compiling lpspi_slave_driver.c...
compiling edma_hw_access.c...
compiling edma_driver.c...
compiling edma_irq.c...
compiling power_manager_S32K1xx.c...
compiling power_smc_hw_access.c...
compiling power_manager.c...
assembling startup_S32K116.S...
compiling ftm_hw_access.c...
compiling ftm_common.c...
compiling ftm_mc_driver.c...
compiling osif_baremetal.c...
compiling ftm_pwm_driver.c...
linking...
Program Size: Code=65848 RO-data=2596 RW-data=1944 ZI-data=6004  
FromELF: creating hex file...
".\Objects\VIB_APP.axf" - 0 Error(s), 0 Warning(s).

<h2>Collection of Component include folders:</h2>
  .\RTE\_Sources
  C:\Keil_v5\ARM\PACK\Keil\S32K116_SDK_DFP\1.0.0\platform\devices

<h2>Collection of Component Files used:</h2>
Build Time Elapsed:  00:00:12
</pre>
</body>
</html>
