<!doctype html public "-//w3c//dtd html 4.0 transitional//en">
<html><head>
<title>Static Call Graph - [.\Objects\VIB_APP.axf]</title></head>
<body><HR>
<H1>Static Call Graph for image .\Objects\VIB_APP.axf</H1><HR>
<BR><P>#&#060CALLGRAPH&#062# ARM Linker, 5060422: Last Updated: Thu Jan 18 08:08:18 2024
<BR><P>
<H3>Maximum Stack Usage =        560 bytes + Unknown(Cycles, Untraceable Function Pointers)</H3><H3>
Call chain for Maximum Stack Depth:</H3>
DiagSid_Deal22 &rArr; DiagSub_Deal22
<P>
<H3>
Mutually Recursive functions
</H3> <LI><a href="#[33]">NMI_Handler</a>&nbsp;&nbsp;&nbsp;&rArr;&nbsp;&nbsp;&nbsp;<a href="#[33]">NMI_Handler</a><BR>
 <LI><a href="#[34]">HardFault_Handler</a>&nbsp;&nbsp;&nbsp;&rArr;&nbsp;&nbsp;&nbsp;<a href="#[34]">HardFault_Handler</a><BR>
 <LI><a href="#[35]">SVC_Handler</a>&nbsp;&nbsp;&nbsp;&rArr;&nbsp;&nbsp;&nbsp;<a href="#[35]">SVC_Handler</a><BR>
 <LI><a href="#[36]">PendSV_Handler</a>&nbsp;&nbsp;&nbsp;&rArr;&nbsp;&nbsp;&nbsp;<a href="#[36]">PendSV_Handler</a><BR>
 <LI><a href="#[54]">ADC0_IRQHandler</a>&nbsp;&nbsp;&nbsp;&rArr;&nbsp;&nbsp;&nbsp;<a href="#[54]">ADC0_IRQHandler</a><BR>
</UL>
<P>
<H3>
Function Pointers
</H3><UL>
 <LI><a href="#[54]">ADC0_IRQHandler</a> from startup_s32k116.o(.text) referenced from startup_s32k116.o(RESET)
 <LI><a href="#[43]">CAN0_ORed_0_31_MB_IRQHandler</a> from flexcan.o(i.CAN0_ORed_0_31_MB_IRQHandler) referenced from startup_s32k116.o(RESET)
 <LI><a href="#[42]">CAN0_ORed_Err_Wakeup_IRQHandler</a> from flexcan.o(i.CAN0_ORed_Err_Wakeup_IRQHandler) referenced from startup_s32k116.o(RESET)
 <LI><a href="#[55]">CMP0_IRQHandler</a> from startup_s32k116.o(.text) referenced from startup_s32k116.o(RESET)
 <LI><a href="#[7]">CanApp_RxTimeOutACU35A</a> from canapp.o(i.CanApp_RxTimeOutACU35A) referenced from canapp.o(.constdata)
 <LI><a href="#[6]">CanApp_RxTimeOutBCM318</a> from canapp.o(i.CanApp_RxTimeOutBCM318) referenced from canapp.o(.constdata)
 <LI><a href="#[8]">CanApp_RxTimeOutICM31E</a> from canapp.o(i.CanApp_RxTimeOutICM31E) referenced from canapp.o(.constdata)
 <LI><a href="#[9]">CanApp_RxTimeOutVCU3F2</a> from canapp.o(i.CanApp_RxTimeOutVCU3F2) referenced 3 times from canapp.o(.constdata)
 <LI><a href="#[38]">DMA0_IRQHandler</a> from edma_irq.o(i.DMA0_IRQHandler) referenced from startup_s32k116.o(RESET)
 <LI><a href="#[39]">DMA1_IRQHandler</a> from edma_irq.o(i.DMA1_IRQHandler) referenced from startup_s32k116.o(RESET)
 <LI><a href="#[3a]">DMA2_IRQHandler</a> from edma_irq.o(i.DMA2_IRQHandler) referenced from startup_s32k116.o(RESET)
 <LI><a href="#[3b]">DMA3_IRQHandler</a> from edma_irq.o(i.DMA3_IRQHandler) referenced from startup_s32k116.o(RESET)
 <LI><a href="#[3c]">DMA_Error_IRQHandler</a> from edma_irq.o(i.DMA_Error_IRQHandler) referenced from startup_s32k116.o(RESET)
 <LI><a href="#[31]">DiagDid_IOCtrl_LampCtrl</a> from diagdid.o(i.DiagDid_IOCtrl_LampCtrl) referenced from diagdid.o(i.DiagDid_Init)
 <LI><a href="#[19]">DiagDid_Read_0110</a> from diagdid.o(i.DiagDid_Read_0110) referenced from diagdid.o(i.DiagDid_Init)
 <LI><a href="#[1a]">DiagDid_Read_0200</a> from diagdid.o(i.DiagDid_Read_0200) referenced from diagdid.o(i.DiagDid_Init)
 <LI><a href="#[1b]">DiagDid_Read_0201</a> from diagdid.o(i.DiagDid_Read_0201) referenced from diagdid.o(i.DiagDid_Init)
 <LI><a href="#[2a]">DiagDid_Read_1000</a> from diagdid.o(i.DiagDid_Read_1000) referenced from diagdid.o(i.DiagDid_Init)
 <LI><a href="#[2b]">DiagDid_Read_1002</a> from diagdid.o(i.DiagDid_Read_1002) referenced from diagdid.o(i.DiagDid_Init)
 <LI><a href="#[1c]">DiagDid_Read_F102</a> from diagdid.o(i.DiagDid_Read_F102) referenced from diagdid.o(i.DiagDid_Init)
 <LI><a href="#[1d]">DiagDid_Read_F103</a> from diagdid.o(i.DiagDid_Read_F103) referenced from diagdid.o(i.DiagDid_Init)
 <LI><a href="#[1e]">DiagDid_Read_F17F</a> from diagdid.o(i.DiagDid_Read_F17F) referenced from diagdid.o(i.DiagDid_Init)
 <LI><a href="#[1f]">DiagDid_Read_F180</a> from diagdid.o(i.DiagDid_Read_F180) referenced from diagdid.o(i.DiagDid_Init)
 <LI><a href="#[20]">DiagDid_Read_F184</a> from diagdid.o(i.DiagDid_Read_F184) referenced from diagdid.o(i.DiagDid_Init)
 <LI><a href="#[21]">DiagDid_Read_F186</a> from diagdid.o(i.DiagDid_Read_F186) referenced from diagdid.o(i.DiagDid_Init)
 <LI><a href="#[22]">DiagDid_Read_F187</a> from diagdid.o(i.DiagDid_Read_F187) referenced from diagdid.o(i.DiagDid_Init)
 <LI><a href="#[23]">DiagDid_Read_F189</a> from diagdid.o(i.DiagDid_Read_F189) referenced from diagdid.o(i.DiagDid_Init)
 <LI><a href="#[24]">DiagDid_Read_F18C</a> from diagdid.o(i.DiagDid_Read_F18C) referenced from diagdid.o(i.DiagDid_Init)
 <LI><a href="#[25]">DiagDid_Read_F18E</a> from diagdid.o(i.DiagDid_Read_F18E) referenced from diagdid.o(i.DiagDid_Init)
 <LI><a href="#[26]">DiagDid_Read_F190</a> from diagdid.o(i.DiagDid_Read_F190) referenced from diagdid.o(i.DiagDid_Init)
 <LI><a href="#[27]">DiagDid_Read_F193</a> from diagdid.o(i.DiagDid_Read_F193) referenced from diagdid.o(i.DiagDid_Init)
 <LI><a href="#[28]">DiagDid_Read_F195</a> from diagdid.o(i.DiagDid_Read_F195) referenced from diagdid.o(i.DiagDid_Init)
 <LI><a href="#[29]">DiagDid_Read_F199</a> from diagdid.o(i.DiagDid_Read_F199) referenced from diagdid.o(i.DiagDid_Init)
 <LI><a href="#[30]">DiagDid_Write_0110</a> from diagdid.o(i.DiagDid_Write_0110) referenced from diagdid.o(i.DiagDid_Init)
 <LI><a href="#[2e]">DiagDid_Write_F102</a> from diagdid.o(i.DiagDid_Write_F102) referenced from diagdid.o(i.DiagDid_Init)
 <LI><a href="#[2f]">DiagDid_Write_F103</a> from diagdid.o(i.DiagDid_Write_F103) referenced from diagdid.o(i.DiagDid_Init)
 <LI><a href="#[2c]">DiagDid_Write_F18C</a> from diagdid.o(i.DiagDid_Write_F18C) referenced from diagdid.o(i.DiagDid_Init)
 <LI><a href="#[2d]">DiagDid_Write_F190</a> from diagdid.o(i.DiagDid_Write_F190) referenced from diagdid.o(i.DiagDid_Init)
 <LI><a href="#[d]">DiagSid_Deal10</a> from diagsid.o(i.DiagSid_Deal10) referenced from candiag.o(i.CanDiag_Dispatcher)
 <LI><a href="#[e]">DiagSid_Deal11</a> from diagsid.o(i.DiagSid_Deal11) referenced from candiag.o(i.CanDiag_Dispatcher)
 <LI><a href="#[f]">DiagSid_Deal14</a> from diagsid.o(i.DiagSid_Deal14) referenced from candiag.o(i.CanDiag_Dispatcher)
 <LI><a href="#[10]">DiagSid_Deal19</a> from diagsid.o(i.DiagSid_Deal19) referenced from candiag.o(i.CanDiag_Dispatcher)
 <LI><a href="#[11]">DiagSid_Deal22</a> from diagsid.o(i.DiagSid_Deal22) referenced from candiag.o(i.CanDiag_Dispatcher)
 <LI><a href="#[12]">DiagSid_Deal27</a> from diagsid.o(i.DiagSid_Deal27) referenced from candiag.o(i.CanDiag_Dispatcher)
 <LI><a href="#[13]">DiagSid_Deal28</a> from diagsid.o(i.DiagSid_Deal28) referenced from candiag.o(i.CanDiag_Dispatcher)
 <LI><a href="#[14]">DiagSid_Deal2E</a> from diagsid.o(i.DiagSid_Deal2E) referenced from candiag.o(i.CanDiag_Dispatcher)
 <LI><a href="#[15]">DiagSid_Deal2F</a> from diagsid.o(i.DiagSid_Deal2F) referenced from candiag.o(i.CanDiag_Dispatcher)
 <LI><a href="#[16]">DiagSid_Deal31</a> from diagsid.o(i.DiagSid_Deal31) referenced from candiag.o(i.CanDiag_Dispatcher)
 <LI><a href="#[17]">DiagSid_Deal3E</a> from diagsid.o(i.DiagSid_Deal3E) referenced from candiag.o(i.CanDiag_Dispatcher)
 <LI><a href="#[18]">DiagSid_Deal85</a> from diagsid.o(i.DiagSid_Deal85) referenced from candiag.o(i.CanDiag_Dispatcher)
 <LI><a href="#[3d]">ERM_fault_IRQHandler</a> from startup_s32k116.o(.text) referenced from startup_s32k116.o(RESET)
 <LI><a href="#[51]">FLEXIO_IRQHandler</a> from startup_s32k116.o(.text) referenced from startup_s32k116.o(RESET)
 <LI><a href="#[4a]">FTFC_IRQHandler</a> from startup_s32k116.o(.text) referenced from startup_s32k116.o(RESET)
 <LI><a href="#[44]">FTM0_Ch0_7_IRQHandler</a> from startup_s32k116.o(.text) referenced from startup_s32k116.o(RESET)
 <LI><a href="#[45]">FTM0_Fault_IRQHandler</a> from startup_s32k116.o(.text) referenced from startup_s32k116.o(RESET)
 <LI><a href="#[46]">FTM0_Ovf_Reload_IRQHandler</a> from sys.o(i.FTM0_Ovf_Reload_IRQHandler) referenced from startup_s32k116.o(RESET)
 <LI><a href="#[47]">FTM1_Ch0_7_IRQHandler</a> from startup_s32k116.o(.text) referenced from startup_s32k116.o(RESET)
 <LI><a href="#[48]">FTM1_Fault_IRQHandler</a> from startup_s32k116.o(.text) referenced from startup_s32k116.o(RESET)
 <LI><a href="#[49]">FTM1_Ovf_Reload_IRQHandler</a> from startup_s32k116.o(.text) referenced from startup_s32k116.o(RESET)
 <LI><a href="#[34]">HardFault_Handler</a> from startup_s32k116.o(.text) referenced from startup_s32k116.o(RESET)
 <LI><a href="#[50]">LPI2C0_Master_Slave_IRQHandler</a> from startup_s32k116.o(.text) referenced from startup_s32k116.o(RESET)
 <LI><a href="#[4c]">LPIT0_IRQHandler</a> from startup_s32k116.o(.text) referenced from startup_s32k116.o(RESET)
 <LI><a href="#[52]">LPSPI0_IRQHandler</a> from lpspi_irq.o(i.LPSPI0_IRQHandler) referenced from startup_s32k116.o(RESET)
 <LI><a href="#[40]">LPTMR0_IRQHandler</a> from startup_s32k116.o(.text) referenced from startup_s32k116.o(RESET)
 <LI><a href="#[57]">LPUART0_RxTx_IRQHandler</a> from lpuart.o(i.LPUART0_RxTx_IRQHandler) referenced from startup_s32k116.o(RESET)
 <LI><a href="#[56]">LPUART1_RxTx_IRQHandler</a> from startup_s32k116.o(.text) referenced from startup_s32k116.o(RESET)
 <LI><a href="#[33]">NMI_Handler</a> from startup_s32k116.o(.text) referenced from startup_s32k116.o(RESET)
 <LI><a href="#[4b]">PDB0_IRQHandler</a> from startup_s32k116.o(.text) referenced from startup_s32k116.o(RESET)
 <LI><a href="#[41]">PORT_IRQHandler</a> from sys.o(i.PORT_IRQHandler) referenced from startup_s32k116.o(RESET)
 <LI><a href="#[36]">PendSV_Handler</a> from startup_s32k116.o(.text) referenced from startup_s32k116.o(RESET)
 <LI><a href="#[4f]">RCM_IRQHandler</a> from startup_s32k116.o(.text) referenced from startup_s32k116.o(RESET)
 <LI><a href="#[3e]">RTC_IRQHandler</a> from startup_s32k116.o(.text) referenced from startup_s32k116.o(RESET)
 <LI><a href="#[3f]">RTC_Seconds_IRQHandler</a> from startup_s32k116.o(.text) referenced from startup_s32k116.o(RESET)
 <LI><a href="#[53]">Reserved27_IRQHandler</a> from startup_s32k116.o(.text) referenced from startup_s32k116.o(RESET)
 <LI><a href="#[32]">Reset_Handler</a> from startup_s32k116.o(.text) referenced from startup_s32k116.o(RESET)
 <LI><a href="#[4d]">SCG_CMU_LVD_LVWSCG_IRQHandler</a> from startup_s32k116.o(.text) referenced from startup_s32k116.o(RESET)
 <LI><a href="#[35]">SVC_Handler</a> from startup_s32k116.o(.text) referenced from startup_s32k116.o(RESET)
 <LI><a href="#[37]">SysTick_Handler</a> from sys.o(i.SysTick_Handler) referenced from startup_s32k116.o(RESET)
 <LI><a href="#[a]">SystemInit</a> from system_s32k116.o(i.SystemInit) referenced from startup_s32k116.o(.text)
 <LI><a href="#[4e]">WDOG_IRQHandler</a> from startup_s32k116.o(.text) referenced from startup_s32k116.o(RESET)
 <LI><a href="#[58]">__main</a> from __main.o(!!!main) referenced from startup_s32k116.o(.text)
 <LI><a href="#[b]">init_data_bss</a> from startup.o(i.init_data_bss) referenced from startup_s32k116.o(.text)
</UL>
<P>
<H3>
Global Symbols
</H3>
<P><STRONG><a name="[58]"></a>__main</STRONG> (Thumb, 8 bytes, Stack size 0 bytes, __main.o(!!!main))
<BR><BR>[Calls]<UL><LI><a href="#[5a]">&gt;&gt;</a>&nbsp;&nbsp;&nbsp;__rt_entry
<LI><a href="#[59]">&gt;&gt;</a>&nbsp;&nbsp;&nbsp;__scatterload
</UL>

<P><STRONG><a name="[59]"></a>__scatterload</STRONG> (Thumb, 0 bytes, Stack size unknown bytes, __scatter.o(!!!scatter))
<BR><BR>[Called By]<UL><LI><a href="#[58]">&gt;&gt;</a>&nbsp;&nbsp;&nbsp;__main
</UL>

<P><STRONG><a name="[5b]"></a>__scatterload_rt2</STRONG> (Thumb, 52 bytes, Stack size unknown bytes, __scatter.o(!!!scatter), UNUSED)
<BR><BR>[Calls]<UL><LI><a href="#[5a]">&gt;&gt;</a>&nbsp;&nbsp;&nbsp;__rt_entry
</UL>

<P><STRONG><a name="[259]"></a>__scatterload_rt2_thumb_only</STRONG> (Thumb, 0 bytes, Stack size unknown bytes, __scatter.o(!!!scatter), UNUSED)

<P><STRONG><a name="[25a]"></a>__scatterload_null</STRONG> (Thumb, 0 bytes, Stack size unknown bytes, __scatter.o(!!!scatter), UNUSED)

<P><STRONG><a name="[5c]"></a>__scatterload_copy</STRONG> (Thumb, 26 bytes, Stack size unknown bytes, __scatter_copy.o(!!handler_copy), UNUSED)
<BR><BR>[Calls]<UL><LI><a href="#[5c]">&gt;&gt;</a>&nbsp;&nbsp;&nbsp;__scatterload_copy
</UL>
<BR>[Called By]<UL><LI><a href="#[5c]">&gt;&gt;</a>&nbsp;&nbsp;&nbsp;__scatterload_copy
</UL>

<P><STRONG><a name="[25b]"></a>__scatterload_zeroinit</STRONG> (Thumb, 28 bytes, Stack size unknown bytes, __scatter_zi.o(!!handler_zi), UNUSED)

<P><STRONG><a name="[5e]"></a>__rt_lib_init</STRONG> (Thumb, 0 bytes, Stack size unknown bytes, libinit.o(.ARM.Collect$$libinit$$00000000))
<BR><BR>[Called By]<UL><LI><a href="#[5d]">&gt;&gt;</a>&nbsp;&nbsp;&nbsp;__rt_entry_li
</UL>

<P><STRONG><a name="[25c]"></a>__rt_lib_init_alloca_1</STRONG> (Thumb, 0 bytes, Stack size unknown bytes, libinit2.o(.ARM.Collect$$libinit$$0000002E))

<P><STRONG><a name="[25d]"></a>__rt_lib_init_argv_1</STRONG> (Thumb, 0 bytes, Stack size unknown bytes, libinit2.o(.ARM.Collect$$libinit$$0000002C))

<P><STRONG><a name="[25e]"></a>__rt_lib_init_atexit_1</STRONG> (Thumb, 0 bytes, Stack size unknown bytes, libinit2.o(.ARM.Collect$$libinit$$0000001B))

<P><STRONG><a name="[25f]"></a>__rt_lib_init_clock_1</STRONG> (Thumb, 0 bytes, Stack size unknown bytes, libinit2.o(.ARM.Collect$$libinit$$00000021))

<P><STRONG><a name="[260]"></a>__rt_lib_init_cpp_1</STRONG> (Thumb, 0 bytes, Stack size unknown bytes, libinit2.o(.ARM.Collect$$libinit$$00000032))

<P><STRONG><a name="[261]"></a>__rt_lib_init_exceptions_1</STRONG> (Thumb, 0 bytes, Stack size unknown bytes, libinit2.o(.ARM.Collect$$libinit$$00000030))

<P><STRONG><a name="[262]"></a>__rt_lib_init_fp_1</STRONG> (Thumb, 0 bytes, Stack size unknown bytes, libinit2.o(.ARM.Collect$$libinit$$00000002))

<P><STRONG><a name="[263]"></a>__rt_lib_init_fp_trap_1</STRONG> (Thumb, 0 bytes, Stack size unknown bytes, libinit2.o(.ARM.Collect$$libinit$$0000001F))

<P><STRONG><a name="[264]"></a>__rt_lib_init_getenv_1</STRONG> (Thumb, 0 bytes, Stack size unknown bytes, libinit2.o(.ARM.Collect$$libinit$$00000023))

<P><STRONG><a name="[265]"></a>__rt_lib_init_heap_1</STRONG> (Thumb, 0 bytes, Stack size unknown bytes, libinit2.o(.ARM.Collect$$libinit$$0000000A))

<P><STRONG><a name="[266]"></a>__rt_lib_init_lc_collate_1</STRONG> (Thumb, 0 bytes, Stack size unknown bytes, libinit2.o(.ARM.Collect$$libinit$$00000011))

<P><STRONG><a name="[267]"></a>__rt_lib_init_lc_ctype_1</STRONG> (Thumb, 0 bytes, Stack size unknown bytes, libinit2.o(.ARM.Collect$$libinit$$00000013))

<P><STRONG><a name="[268]"></a>__rt_lib_init_lc_monetary_1</STRONG> (Thumb, 0 bytes, Stack size unknown bytes, libinit2.o(.ARM.Collect$$libinit$$00000015))

<P><STRONG><a name="[269]"></a>__rt_lib_init_lc_numeric_1</STRONG> (Thumb, 0 bytes, Stack size unknown bytes, libinit2.o(.ARM.Collect$$libinit$$00000017))

<P><STRONG><a name="[26a]"></a>__rt_lib_init_lc_time_1</STRONG> (Thumb, 0 bytes, Stack size unknown bytes, libinit2.o(.ARM.Collect$$libinit$$00000019))

<P><STRONG><a name="[26b]"></a>__rt_lib_init_preinit_1</STRONG> (Thumb, 0 bytes, Stack size unknown bytes, libinit2.o(.ARM.Collect$$libinit$$00000004))

<P><STRONG><a name="[26c]"></a>__rt_lib_init_rand_1</STRONG> (Thumb, 0 bytes, Stack size unknown bytes, libinit2.o(.ARM.Collect$$libinit$$0000000E))

<P><STRONG><a name="[26d]"></a>__rt_lib_init_return</STRONG> (Thumb, 0 bytes, Stack size unknown bytes, libinit2.o(.ARM.Collect$$libinit$$00000033))

<P><STRONG><a name="[26e]"></a>__rt_lib_init_signal_1</STRONG> (Thumb, 0 bytes, Stack size unknown bytes, libinit2.o(.ARM.Collect$$libinit$$0000001D))

<P><STRONG><a name="[26f]"></a>__rt_lib_init_stdio_1</STRONG> (Thumb, 0 bytes, Stack size unknown bytes, libinit2.o(.ARM.Collect$$libinit$$00000025))

<P><STRONG><a name="[270]"></a>__rt_lib_init_user_alloc_1</STRONG> (Thumb, 0 bytes, Stack size unknown bytes, libinit2.o(.ARM.Collect$$libinit$$0000000C))

<P><STRONG><a name="[63]"></a>__rt_lib_shutdown</STRONG> (Thumb, 0 bytes, Stack size unknown bytes, libshutdown.o(.ARM.Collect$$libshutdown$$00000000))
<BR><BR>[Called By]<UL><LI><a href="#[62]">&gt;&gt;</a>&nbsp;&nbsp;&nbsp;__rt_exit_ls
</UL>

<P><STRONG><a name="[271]"></a>__rt_lib_shutdown_cpp_1</STRONG> (Thumb, 0 bytes, Stack size unknown bytes, libshutdown2.o(.ARM.Collect$$libshutdown$$00000002))

<P><STRONG><a name="[272]"></a>__rt_lib_shutdown_fp_trap_1</STRONG> (Thumb, 0 bytes, Stack size unknown bytes, libshutdown2.o(.ARM.Collect$$libshutdown$$00000007))

<P><STRONG><a name="[273]"></a>__rt_lib_shutdown_heap_1</STRONG> (Thumb, 0 bytes, Stack size unknown bytes, libshutdown2.o(.ARM.Collect$$libshutdown$$0000000F))

<P><STRONG><a name="[274]"></a>__rt_lib_shutdown_return</STRONG> (Thumb, 0 bytes, Stack size unknown bytes, libshutdown2.o(.ARM.Collect$$libshutdown$$00000010))

<P><STRONG><a name="[275]"></a>__rt_lib_shutdown_signal_1</STRONG> (Thumb, 0 bytes, Stack size unknown bytes, libshutdown2.o(.ARM.Collect$$libshutdown$$0000000A))

<P><STRONG><a name="[276]"></a>__rt_lib_shutdown_stdio_1</STRONG> (Thumb, 0 bytes, Stack size unknown bytes, libshutdown2.o(.ARM.Collect$$libshutdown$$00000004))

<P><STRONG><a name="[277]"></a>__rt_lib_shutdown_user_alloc_1</STRONG> (Thumb, 0 bytes, Stack size unknown bytes, libshutdown2.o(.ARM.Collect$$libshutdown$$0000000C))

<P><STRONG><a name="[5a]"></a>__rt_entry</STRONG> (Thumb, 0 bytes, Stack size unknown bytes, __rtentry.o(.ARM.Collect$$rtentry$$00000000))
<BR><BR>[Called By]<UL><LI><a href="#[58]">&gt;&gt;</a>&nbsp;&nbsp;&nbsp;__main
<LI><a href="#[5b]">&gt;&gt;</a>&nbsp;&nbsp;&nbsp;__scatterload_rt2
</UL>

<P><STRONG><a name="[278]"></a>__rt_entry_presh_1</STRONG> (Thumb, 0 bytes, Stack size unknown bytes, __rtentry2.o(.ARM.Collect$$rtentry$$00000002))

<P><STRONG><a name="[279]"></a>__rt_entry_sh</STRONG> (Thumb, 0 bytes, Stack size unknown bytes, __rtentry7.o(.ARM.Collect$$rtentry$$00000007))

<P><STRONG><a name="[5d]"></a>__rt_entry_li</STRONG> (Thumb, 0 bytes, Stack size unknown bytes, __rtentry2.o(.ARM.Collect$$rtentry$$0000000A))
<BR><BR>[Calls]<UL><LI><a href="#[5e]">&gt;&gt;</a>&nbsp;&nbsp;&nbsp;__rt_lib_init
</UL>

<P><STRONG><a name="[27a]"></a>__rt_entry_postsh_1</STRONG> (Thumb, 0 bytes, Stack size unknown bytes, __rtentry2.o(.ARM.Collect$$rtentry$$00000009))

<P><STRONG><a name="[5f]"></a>__rt_entry_main</STRONG> (Thumb, 0 bytes, Stack size unknown bytes, __rtentry2.o(.ARM.Collect$$rtentry$$0000000D))
<BR><BR>[Stack]<UL><LI>Max Depth = 328 + Unknown Stack Size
<LI>Call Chain = __rt_entry_main &rArr; main &rArr; SysInit &rArr; SYS_Init &rArr; CLOCK_SYS_UpdateConfiguration &rArr; CLOCK_SYS_SetConfiguration &rArr; CLOCK_DRV_Init &rArr; CLOCK_SYS_SetScgConfiguration &rArr; CLOCK_SYS_ConfigureModulesFromScg &rArr; CLOCK_SYS_TransitionSystemClock &rArr; CLOCK_SYS_SetSystemClockConfig &rArr; CLOCK_SYS_GetSrcFreq
</UL>
<BR>[Calls]<UL><LI><a href="#[60]">&gt;&gt;</a>&nbsp;&nbsp;&nbsp;main
<LI><a href="#[61]">&gt;&gt;</a>&nbsp;&nbsp;&nbsp;exit
</UL>

<P><STRONG><a name="[27b]"></a>__rt_entry_postli_1</STRONG> (Thumb, 0 bytes, Stack size unknown bytes, __rtentry2.o(.ARM.Collect$$rtentry$$0000000C))

<P><STRONG><a name="[77]"></a>__rt_exit</STRONG> (Thumb, 0 bytes, Stack size unknown bytes, rtexit.o(.ARM.Collect$$rtexit$$00000000))
<BR><BR>[Called By]<UL><LI><a href="#[61]">&gt;&gt;</a>&nbsp;&nbsp;&nbsp;exit
</UL>

<P><STRONG><a name="[62]"></a>__rt_exit_ls</STRONG> (Thumb, 0 bytes, Stack size unknown bytes, rtexit2.o(.ARM.Collect$$rtexit$$00000003))
<BR><BR>[Calls]<UL><LI><a href="#[63]">&gt;&gt;</a>&nbsp;&nbsp;&nbsp;__rt_lib_shutdown
</UL>

<P><STRONG><a name="[27c]"></a>__rt_exit_prels_1</STRONG> (Thumb, 0 bytes, Stack size unknown bytes, rtexit2.o(.ARM.Collect$$rtexit$$00000002))

<P><STRONG><a name="[64]"></a>__rt_exit_exit</STRONG> (Thumb, 0 bytes, Stack size unknown bytes, rtexit2.o(.ARM.Collect$$rtexit$$00000004))
<BR><BR>[Calls]<UL><LI><a href="#[65]">&gt;&gt;</a>&nbsp;&nbsp;&nbsp;_sys_exit
</UL>

<P><STRONG><a name="[68]"></a>__aeabi_memcpy4</STRONG> (Thumb, 56 bytes, Stack size 0 bytes, rt_memcpy.o(.emb_text))
<BR><BR>[Called By]<UL><LI><a href="#[67]">&gt;&gt;</a>&nbsp;&nbsp;&nbsp;__aeabi_memcpy
</UL>

<P><STRONG><a name="[27d]"></a>__aeabi_memcpy8</STRONG> (Thumb, 0 bytes, Stack size 0 bytes, rt_memcpy.o(.emb_text), UNUSED)

<P><STRONG><a name="[32]"></a>Reset_Handler</STRONG> (Thumb, 56 bytes, Stack size 0 bytes, startup_s32k116.o(.text))
<BR>[Address Reference Count : 1]<UL><LI> startup_s32k116.o(RESET)
</UL>
<P><STRONG><a name="[33]"></a>NMI_Handler</STRONG> (Thumb, 2 bytes, Stack size 0 bytes, startup_s32k116.o(.text))
<BR><BR>[Calls]<UL><LI><a href="#[33]">&gt;&gt;</a>&nbsp;&nbsp;&nbsp;NMI_Handler
</UL>
<BR>[Called By]<UL><LI><a href="#[33]">&gt;&gt;</a>&nbsp;&nbsp;&nbsp;NMI_Handler
</UL>
<BR>[Address Reference Count : 1]<UL><LI> startup_s32k116.o(RESET)
</UL>
<P><STRONG><a name="[34]"></a>HardFault_Handler</STRONG> (Thumb, 2 bytes, Stack size 0 bytes, startup_s32k116.o(.text))
<BR><BR>[Calls]<UL><LI><a href="#[34]">&gt;&gt;</a>&nbsp;&nbsp;&nbsp;HardFault_Handler
</UL>
<BR>[Called By]<UL><LI><a href="#[34]">&gt;&gt;</a>&nbsp;&nbsp;&nbsp;HardFault_Handler
</UL>
<BR>[Address Reference Count : 1]<UL><LI> startup_s32k116.o(RESET)
</UL>
<P><STRONG><a name="[35]"></a>SVC_Handler</STRONG> (Thumb, 2 bytes, Stack size 0 bytes, startup_s32k116.o(.text))
<BR><BR>[Calls]<UL><LI><a href="#[35]">&gt;&gt;</a>&nbsp;&nbsp;&nbsp;SVC_Handler
</UL>
<BR>[Called By]<UL><LI><a href="#[35]">&gt;&gt;</a>&nbsp;&nbsp;&nbsp;SVC_Handler
</UL>
<BR>[Address Reference Count : 1]<UL><LI> startup_s32k116.o(RESET)
</UL>
<P><STRONG><a name="[36]"></a>PendSV_Handler</STRONG> (Thumb, 2 bytes, Stack size 0 bytes, startup_s32k116.o(.text))
<BR><BR>[Calls]<UL><LI><a href="#[36]">&gt;&gt;</a>&nbsp;&nbsp;&nbsp;PendSV_Handler
</UL>
<BR>[Called By]<UL><LI><a href="#[36]">&gt;&gt;</a>&nbsp;&nbsp;&nbsp;PendSV_Handler
</UL>
<BR>[Address Reference Count : 1]<UL><LI> startup_s32k116.o(RESET)
</UL>
<P><STRONG><a name="[66]"></a>DefaultISR</STRONG> (Thumb, 2 bytes, Stack size 0 bytes, startup_s32k116.o(.text), UNUSED)
<BR><BR>[Calls]<UL><LI><a href="#[66]">&gt;&gt;</a>&nbsp;&nbsp;&nbsp;DefaultISR
</UL>
<BR>[Called By]<UL><LI><a href="#[66]">&gt;&gt;</a>&nbsp;&nbsp;&nbsp;DefaultISR
</UL>

<P><STRONG><a name="[54]"></a>ADC0_IRQHandler</STRONG> (Thumb, 0 bytes, Stack size 0 bytes, startup_s32k116.o(.text))
<BR><BR>[Calls]<UL><LI><a href="#[54]">&gt;&gt;</a>&nbsp;&nbsp;&nbsp;ADC0_IRQHandler
</UL>
<BR>[Called By]<UL><LI><a href="#[54]">&gt;&gt;</a>&nbsp;&nbsp;&nbsp;ADC0_IRQHandler
</UL>
<BR>[Address Reference Count : 1]<UL><LI> startup_s32k116.o(RESET)
</UL>
<P><STRONG><a name="[55]"></a>CMP0_IRQHandler</STRONG> (Thumb, 0 bytes, Stack size 0 bytes, startup_s32k116.o(.text))
<BR>[Address Reference Count : 1]<UL><LI> startup_s32k116.o(RESET)
</UL>
<P><STRONG><a name="[3d]"></a>ERM_fault_IRQHandler</STRONG> (Thumb, 0 bytes, Stack size 0 bytes, startup_s32k116.o(.text))
<BR>[Address Reference Count : 1]<UL><LI> startup_s32k116.o(RESET)
</UL>
<P><STRONG><a name="[51]"></a>FLEXIO_IRQHandler</STRONG> (Thumb, 0 bytes, Stack size 0 bytes, startup_s32k116.o(.text))
<BR>[Address Reference Count : 1]<UL><LI> startup_s32k116.o(RESET)
</UL>
<P><STRONG><a name="[4a]"></a>FTFC_IRQHandler</STRONG> (Thumb, 0 bytes, Stack size 0 bytes, startup_s32k116.o(.text))
<BR>[Address Reference Count : 1]<UL><LI> startup_s32k116.o(RESET)
</UL>
<P><STRONG><a name="[44]"></a>FTM0_Ch0_7_IRQHandler</STRONG> (Thumb, 0 bytes, Stack size 0 bytes, startup_s32k116.o(.text))
<BR>[Address Reference Count : 1]<UL><LI> startup_s32k116.o(RESET)
</UL>
<P><STRONG><a name="[45]"></a>FTM0_Fault_IRQHandler</STRONG> (Thumb, 0 bytes, Stack size 0 bytes, startup_s32k116.o(.text))
<BR>[Address Reference Count : 1]<UL><LI> startup_s32k116.o(RESET)
</UL>
<P><STRONG><a name="[47]"></a>FTM1_Ch0_7_IRQHandler</STRONG> (Thumb, 0 bytes, Stack size 0 bytes, startup_s32k116.o(.text))
<BR>[Address Reference Count : 1]<UL><LI> startup_s32k116.o(RESET)
</UL>
<P><STRONG><a name="[48]"></a>FTM1_Fault_IRQHandler</STRONG> (Thumb, 0 bytes, Stack size 0 bytes, startup_s32k116.o(.text))
<BR>[Address Reference Count : 1]<UL><LI> startup_s32k116.o(RESET)
</UL>
<P><STRONG><a name="[49]"></a>FTM1_Ovf_Reload_IRQHandler</STRONG> (Thumb, 0 bytes, Stack size 0 bytes, startup_s32k116.o(.text))
<BR>[Address Reference Count : 1]<UL><LI> startup_s32k116.o(RESET)
</UL>
<P><STRONG><a name="[50]"></a>LPI2C0_Master_Slave_IRQHandler</STRONG> (Thumb, 0 bytes, Stack size 0 bytes, startup_s32k116.o(.text))
<BR>[Address Reference Count : 1]<UL><LI> startup_s32k116.o(RESET)
</UL>
<P><STRONG><a name="[4c]"></a>LPIT0_IRQHandler</STRONG> (Thumb, 0 bytes, Stack size 0 bytes, startup_s32k116.o(.text))
<BR>[Address Reference Count : 1]<UL><LI> startup_s32k116.o(RESET)
</UL>
<P><STRONG><a name="[40]"></a>LPTMR0_IRQHandler</STRONG> (Thumb, 0 bytes, Stack size 0 bytes, startup_s32k116.o(.text))
<BR>[Address Reference Count : 1]<UL><LI> startup_s32k116.o(RESET)
</UL>
<P><STRONG><a name="[56]"></a>LPUART1_RxTx_IRQHandler</STRONG> (Thumb, 0 bytes, Stack size 0 bytes, startup_s32k116.o(.text))
<BR>[Address Reference Count : 1]<UL><LI> startup_s32k116.o(RESET)
</UL>
<P><STRONG><a name="[4b]"></a>PDB0_IRQHandler</STRONG> (Thumb, 0 bytes, Stack size 0 bytes, startup_s32k116.o(.text))
<BR>[Address Reference Count : 1]<UL><LI> startup_s32k116.o(RESET)
</UL>
<P><STRONG><a name="[4f]"></a>RCM_IRQHandler</STRONG> (Thumb, 0 bytes, Stack size 0 bytes, startup_s32k116.o(.text))
<BR>[Address Reference Count : 1]<UL><LI> startup_s32k116.o(RESET)
</UL>
<P><STRONG><a name="[3e]"></a>RTC_IRQHandler</STRONG> (Thumb, 0 bytes, Stack size 0 bytes, startup_s32k116.o(.text))
<BR>[Address Reference Count : 1]<UL><LI> startup_s32k116.o(RESET)
</UL>
<P><STRONG><a name="[3f]"></a>RTC_Seconds_IRQHandler</STRONG> (Thumb, 0 bytes, Stack size 0 bytes, startup_s32k116.o(.text))
<BR>[Address Reference Count : 1]<UL><LI> startup_s32k116.o(RESET)
</UL>
<P><STRONG><a name="[53]"></a>Reserved27_IRQHandler</STRONG> (Thumb, 0 bytes, Stack size 0 bytes, startup_s32k116.o(.text))
<BR>[Address Reference Count : 1]<UL><LI> startup_s32k116.o(RESET)
</UL>
<P><STRONG><a name="[4d]"></a>SCG_CMU_LVD_LVWSCG_IRQHandler</STRONG> (Thumb, 0 bytes, Stack size 0 bytes, startup_s32k116.o(.text))
<BR>[Address Reference Count : 1]<UL><LI> startup_s32k116.o(RESET)
</UL>
<P><STRONG><a name="[4e]"></a>WDOG_IRQHandler</STRONG> (Thumb, 0 bytes, Stack size 0 bytes, startup_s32k116.o(.text))
<BR>[Address Reference Count : 1]<UL><LI> startup_s32k116.o(RESET)
</UL>
<P><STRONG><a name="[67]"></a>__aeabi_memcpy</STRONG> (Thumb, 130 bytes, Stack size 24 bytes, rt_memcpy.o(.text))
<BR><BR>[Stack]<UL><LI>Max Depth = 24<LI>Call Chain = __aeabi_memcpy
</UL>
<BR>[Calls]<UL><LI><a href="#[68]">&gt;&gt;</a>&nbsp;&nbsp;&nbsp;__aeabi_memcpy4
</UL>
<BR>[Called By]<UL><LI><a href="#[1db]">&gt;&gt;</a>&nbsp;&nbsp;&nbsp;KeyTempDec
<LI><a href="#[1da]">&gt;&gt;</a>&nbsp;&nbsp;&nbsp;KeyTempAdd
<LI><a href="#[1d9]">&gt;&gt;</a>&nbsp;&nbsp;&nbsp;KeyLongPressFunc
<LI><a href="#[1d6]">&gt;&gt;</a>&nbsp;&nbsp;&nbsp;KeyCooL
<LI><a href="#[184]">&gt;&gt;</a>&nbsp;&nbsp;&nbsp;EEpromInit
<LI><a href="#[9e]">&gt;&gt;</a>&nbsp;&nbsp;&nbsp;AES_Init
</UL>

<P><STRONG><a name="[27e]"></a>__rt_memcpy</STRONG> (Thumb, 0 bytes, Stack size 24 bytes, rt_memcpy.o(.text), UNUSED)

<P><STRONG><a name="[6a]"></a>_memset_w</STRONG> (Thumb, 26 bytes, Stack size 0 bytes, rt_memclr.o(.text))
<BR><BR>[Called By]<UL><LI><a href="#[6c]">&gt;&gt;</a>&nbsp;&nbsp;&nbsp;__rt_memclr_w
<LI><a href="#[69]">&gt;&gt;</a>&nbsp;&nbsp;&nbsp;_memset
</UL>

<P><STRONG><a name="[69]"></a>_memset</STRONG> (Thumb, 30 bytes, Stack size 0 bytes, rt_memclr.o(.text))
<BR><BR>[Calls]<UL><LI><a href="#[6a]">&gt;&gt;</a>&nbsp;&nbsp;&nbsp;_memset_w
</UL>
<BR>[Called By]<UL><LI><a href="#[6b]">&gt;&gt;</a>&nbsp;&nbsp;&nbsp;__aeabi_memclr
</UL>

<P><STRONG><a name="[6b]"></a>__aeabi_memclr</STRONG> (Thumb, 4 bytes, Stack size 0 bytes, rt_memclr.o(.text))
<BR><BR>[Calls]<UL><LI><a href="#[69]">&gt;&gt;</a>&nbsp;&nbsp;&nbsp;_memset
</UL>
<BR>[Called By]<UL><LI><a href="#[ff]">&gt;&gt;</a>&nbsp;&nbsp;&nbsp;CanDiag_Init
<LI><a href="#[12e]">&gt;&gt;</a>&nbsp;&nbsp;&nbsp;CanTp_Init
</UL>

<P><STRONG><a name="[27f]"></a>__rt_memclr</STRONG> (Thumb, 0 bytes, Stack size 0 bytes, rt_memclr.o(.text), UNUSED)

<P><STRONG><a name="[280]"></a>__aeabi_memclr4</STRONG> (Thumb, 0 bytes, Stack size 0 bytes, rt_memclr.o(.text), UNUSED)

<P><STRONG><a name="[281]"></a>__aeabi_memclr8</STRONG> (Thumb, 0 bytes, Stack size 0 bytes, rt_memclr.o(.text), UNUSED)

<P><STRONG><a name="[6c]"></a>__rt_memclr_w</STRONG> (Thumb, 4 bytes, Stack size 0 bytes, rt_memclr.o(.text), UNUSED)
<BR><BR>[Calls]<UL><LI><a href="#[6a]">&gt;&gt;</a>&nbsp;&nbsp;&nbsp;_memset_w
</UL>

<P><STRONG><a name="[282]"></a>__aeabi_uidiv</STRONG> (Thumb, 0 bytes, Stack size 0 bytes, aeabi_sdivfast.o(.text), UNUSED)

<P><STRONG><a name="[7c]"></a>__aeabi_uidivmod</STRONG> (Thumb, 28 bytes, Stack size 0 bytes, aeabi_sdivfast.o(.text))
<BR><BR>[Called By]<UL><LI><a href="#[7a]">&gt;&gt;</a>&nbsp;&nbsp;&nbsp;ADC_DRV_ConfigConverter
<LI><a href="#[37]">&gt;&gt;</a>&nbsp;&nbsp;&nbsp;SysTick_Handler
<LI><a href="#[214]">&gt;&gt;</a>&nbsp;&nbsp;&nbsp;SysTick_Config
<LI><a href="#[1fb]">&gt;&gt;</a>&nbsp;&nbsp;&nbsp;LPUART0_SetBaudRate
<LI><a href="#[1a3]">&gt;&gt;</a>&nbsp;&nbsp;&nbsp;FLEXCAN_GetMsgBuffRegion
<LI><a href="#[1d9]">&gt;&gt;</a>&nbsp;&nbsp;&nbsp;KeyLongPressFunc
<LI><a href="#[a8]">&gt;&gt;</a>&nbsp;&nbsp;&nbsp;BuzzerStart
<LI><a href="#[d9]">&gt;&gt;</a>&nbsp;&nbsp;&nbsp;CLOCK_SYS_GetSystemClockFreq
<LI><a href="#[de]">&gt;&gt;</a>&nbsp;&nbsp;&nbsp;CLOCK_SYS_GetSimClkOutFreq
<LI><a href="#[da]">&gt;&gt;</a>&nbsp;&nbsp;&nbsp;CLOCK_SYS_GetPeripheralClock
<LI><a href="#[1ad]">&gt;&gt;</a>&nbsp;&nbsp;&nbsp;FTM_DRV_GetFrequency
<LI><a href="#[1ac]">&gt;&gt;</a>&nbsp;&nbsp;&nbsp;FTM_DRV_ConvertFreqToPeriodTicks
<LI><a href="#[179]">&gt;&gt;</a>&nbsp;&nbsp;&nbsp;Dtc_UpdateDtcTask
<LI><a href="#[10c]">&gt;&gt;</a>&nbsp;&nbsp;&nbsp;CanApp_DealRcvMsgACU35A
</UL>

<P><STRONG><a name="[283]"></a>__aeabi_idiv</STRONG> (Thumb, 0 bytes, Stack size 8 bytes, aeabi_sdivfast.o(.text), UNUSED)

<P><STRONG><a name="[1e9]"></a>__aeabi_idivmod</STRONG> (Thumb, 460 bytes, Stack size 8 bytes, aeabi_sdivfast.o(.text))
<BR><BR>[Stack]<UL><LI>Max Depth = 8<LI>Call Chain = __aeabi_idivmod
</UL>
<BR>[Called By]<UL><LI><a href="#[219]">&gt;&gt;</a>&nbsp;&nbsp;&nbsp;SpeTask
<LI><a href="#[37]">&gt;&gt;</a>&nbsp;&nbsp;&nbsp;SysTick_Handler
<LI><a href="#[1f4]">&gt;&gt;</a>&nbsp;&nbsp;&nbsp;LPSPI_DRV_ReadRXBuffer
<LI><a href="#[1e8]">&gt;&gt;</a>&nbsp;&nbsp;&nbsp;LPSPI_DRV_FillupTxBuffer
</UL>

<P><STRONG><a name="[93]"></a>__aeabi_d2f</STRONG> (Thumb, 0 bytes, Stack size 12 bytes, d2f.o(.text))
<BR><BR>[Stack]<UL><LI>Max Depth = 12<LI>Call Chain = __aeabi_d2f
</UL>
<BR>[Called By]<UL><LI><a href="#[8d]">&gt;&gt;</a>&nbsp;&nbsp;&nbsp;ADPowerColect
<LI><a href="#[91]">&gt;&gt;</a>&nbsp;&nbsp;&nbsp;ADOzneCollect
<LI><a href="#[90]">&gt;&gt;</a>&nbsp;&nbsp;&nbsp;ADLedCollect
<LI><a href="#[8f]">&gt;&gt;</a>&nbsp;&nbsp;&nbsp;ADHeatCollCollect
<LI><a href="#[8e]">&gt;&gt;</a>&nbsp;&nbsp;&nbsp;ADDoorCollect
</UL>

<P><STRONG><a name="[284]"></a>_d2f</STRONG> (Thumb, 120 bytes, Stack size 12 bytes, d2f.o(.text), UNUSED)

<P><STRONG><a name="[b0]"></a>__aeabi_d2uiz</STRONG> (Thumb, 0 bytes, Stack size 8 bytes, dfixui.o(.text))
<BR><BR>[Stack]<UL><LI>Max Depth = 8<LI>Call Chain = __aeabi_d2uiz
</UL>
<BR>[Called By]<UL><LI><a href="#[af]">&gt;&gt;</a>&nbsp;&nbsp;&nbsp;CAN_22_2E_FillData
</UL>

<P><STRONG><a name="[285]"></a>_dfixu</STRONG> (Thumb, 68 bytes, Stack size 8 bytes, dfixui.o(.text), UNUSED)

<P><STRONG><a name="[6e]"></a>__aeabi_i2d_normalise</STRONG> (Thumb, 66 bytes, Stack size 0 bytes, dflti.o(.text))
<BR><BR>[Called By]<UL><LI><a href="#[6f]">&gt;&gt;</a>&nbsp;&nbsp;&nbsp;__aeabi_ui2d
<LI><a href="#[6d]">&gt;&gt;</a>&nbsp;&nbsp;&nbsp;__aeabi_i2d
</UL>

<P><STRONG><a name="[6d]"></a>__aeabi_i2d</STRONG> (Thumb, 16 bytes, Stack size 0 bytes, dflti.o(.text), UNUSED)
<BR><BR>[Calls]<UL><LI><a href="#[6e]">&gt;&gt;</a>&nbsp;&nbsp;&nbsp;__aeabi_i2d_normalise
</UL>

<P><STRONG><a name="[286]"></a>_dflt</STRONG> (Thumb, 0 bytes, Stack size 0 bytes, dflti.o(.text), UNUSED)

<P><STRONG><a name="[6f]"></a>__aeabi_ui2d</STRONG> (Thumb, 6 bytes, Stack size 0 bytes, dflti.o(.text))
<BR><BR>[Calls]<UL><LI><a href="#[6e]">&gt;&gt;</a>&nbsp;&nbsp;&nbsp;__aeabi_i2d_normalise
</UL>
<BR>[Called By]<UL><LI><a href="#[af]">&gt;&gt;</a>&nbsp;&nbsp;&nbsp;CAN_22_2E_FillData
<LI><a href="#[a8]">&gt;&gt;</a>&nbsp;&nbsp;&nbsp;BuzzerStart
<LI><a href="#[8d]">&gt;&gt;</a>&nbsp;&nbsp;&nbsp;ADPowerColect
<LI><a href="#[91]">&gt;&gt;</a>&nbsp;&nbsp;&nbsp;ADOzneCollect
<LI><a href="#[90]">&gt;&gt;</a>&nbsp;&nbsp;&nbsp;ADLedCollect
<LI><a href="#[8f]">&gt;&gt;</a>&nbsp;&nbsp;&nbsp;ADHeatCollCollect
<LI><a href="#[8e]">&gt;&gt;</a>&nbsp;&nbsp;&nbsp;ADDoorCollect
</UL>

<P><STRONG><a name="[287]"></a>_dfltu</STRONG> (Thumb, 0 bytes, Stack size 0 bytes, dflti.o(.text), UNUSED)

<P><STRONG><a name="[92]"></a>__aeabi_dmul</STRONG> (Thumb, 0 bytes, Stack size 56 bytes, dmul.o(.text))
<BR><BR>[Stack]<UL><LI>Max Depth = 56<LI>Call Chain = __aeabi_dmul
</UL>
<BR>[Called By]<UL><LI><a href="#[af]">&gt;&gt;</a>&nbsp;&nbsp;&nbsp;CAN_22_2E_FillData
<LI><a href="#[a8]">&gt;&gt;</a>&nbsp;&nbsp;&nbsp;BuzzerStart
<LI><a href="#[8d]">&gt;&gt;</a>&nbsp;&nbsp;&nbsp;ADPowerColect
<LI><a href="#[91]">&gt;&gt;</a>&nbsp;&nbsp;&nbsp;ADOzneCollect
<LI><a href="#[90]">&gt;&gt;</a>&nbsp;&nbsp;&nbsp;ADLedCollect
<LI><a href="#[8f]">&gt;&gt;</a>&nbsp;&nbsp;&nbsp;ADHeatCollCollect
<LI><a href="#[8e]">&gt;&gt;</a>&nbsp;&nbsp;&nbsp;ADDoorCollect
</UL>

<P><STRONG><a name="[288]"></a>_dmul</STRONG> (Thumb, 558 bytes, Stack size 56 bytes, dmul.o(.text), UNUSED)

<P><STRONG><a name="[95]"></a>__aeabi_f2d</STRONG> (Thumb, 0 bytes, Stack size 0 bytes, f2d.o(.text))
<BR><BR>[Called By]<UL><LI><a href="#[af]">&gt;&gt;</a>&nbsp;&nbsp;&nbsp;CAN_22_2E_FillData
<LI><a href="#[1cb]">&gt;&gt;</a>&nbsp;&nbsp;&nbsp;FactoryProcess
<LI><a href="#[8d]">&gt;&gt;</a>&nbsp;&nbsp;&nbsp;ADPowerColect
</UL>

<P><STRONG><a name="[289]"></a>_f2d</STRONG> (Thumb, 80 bytes, Stack size 0 bytes, f2d.o(.text), UNUSED)

<P><STRONG><a name="[1ce]"></a>__aeabi_f2uiz</STRONG> (Thumb, 0 bytes, Stack size 0 bytes, ffixui.o(.text))
<BR><BR>[Called By]<UL><LI><a href="#[1cb]">&gt;&gt;</a>&nbsp;&nbsp;&nbsp;FactoryProcess
<LI><a href="#[20c]">&gt;&gt;</a>&nbsp;&nbsp;&nbsp;ReadBusState_318
</UL>

<P><STRONG><a name="[28a]"></a>_ffixu</STRONG> (Thumb, 48 bytes, Stack size 0 bytes, ffixui.o(.text), UNUSED)

<P><STRONG><a name="[70]"></a>__fpl_dcmp_InfNaN</STRONG> (Thumb, 140 bytes, Stack size 24 bytes, dcmpin.o(.text), UNUSED)
<BR><BR>[Calls]<UL><LI><a href="#[72]">&gt;&gt;</a>&nbsp;&nbsp;&nbsp;__fpl_dcheck_NaN2
<LI><a href="#[71]">&gt;&gt;</a>&nbsp;&nbsp;&nbsp;__fpl_cmpreturn
</UL>
<BR>[Called By]<UL><LI><a href="#[251]">&gt;&gt;</a>&nbsp;&nbsp;&nbsp;_drcmple
<LI><a href="#[250]">&gt;&gt;</a>&nbsp;&nbsp;&nbsp;_dcmple
</UL>

<P><STRONG><a name="[73]"></a>__fpl_fcmp_InfNaN</STRONG> (Thumb, 96 bytes, Stack size 8 bytes, fcmpin.o(.text), UNUSED)
<BR><BR>[Calls]<UL><LI><a href="#[74]">&gt;&gt;</a>&nbsp;&nbsp;&nbsp;__fpl_fcheck_NaN2
<LI><a href="#[71]">&gt;&gt;</a>&nbsp;&nbsp;&nbsp;__fpl_cmpreturn
</UL>
<BR>[Called By]<UL><LI><a href="#[256]">&gt;&gt;</a>&nbsp;&nbsp;&nbsp;_frcmple
<LI><a href="#[255]">&gt;&gt;</a>&nbsp;&nbsp;&nbsp;_fcmple
<LI><a href="#[254]">&gt;&gt;</a>&nbsp;&nbsp;&nbsp;_fcmpeq
</UL>

<P><STRONG><a name="[71]"></a>__fpl_cmpreturn</STRONG> (Thumb, 46 bytes, Stack size 0 bytes, cmpret.o(.text), UNUSED)
<BR><BR>[Called By]<UL><LI><a href="#[75]">&gt;&gt;</a>&nbsp;&nbsp;&nbsp;__fpl_return_NaN
<LI><a href="#[73]">&gt;&gt;</a>&nbsp;&nbsp;&nbsp;__fpl_fcmp_InfNaN
<LI><a href="#[70]">&gt;&gt;</a>&nbsp;&nbsp;&nbsp;__fpl_dcmp_InfNaN
</UL>

<P><STRONG><a name="[72]"></a>__fpl_dcheck_NaN2</STRONG> (Thumb, 14 bytes, Stack size 8 bytes, dnan2.o(.text), UNUSED)
<BR><BR>[Calls]<UL><LI><a href="#[75]">&gt;&gt;</a>&nbsp;&nbsp;&nbsp;__fpl_return_NaN
</UL>
<BR>[Called By]<UL><LI><a href="#[70]">&gt;&gt;</a>&nbsp;&nbsp;&nbsp;__fpl_dcmp_InfNaN
</UL>

<P><STRONG><a name="[74]"></a>__fpl_fcheck_NaN2</STRONG> (Thumb, 10 bytes, Stack size 8 bytes, fnan2.o(.text), UNUSED)
<BR><BR>[Calls]<UL><LI><a href="#[75]">&gt;&gt;</a>&nbsp;&nbsp;&nbsp;__fpl_return_NaN
</UL>
<BR>[Called By]<UL><LI><a href="#[73]">&gt;&gt;</a>&nbsp;&nbsp;&nbsp;__fpl_fcmp_InfNaN
</UL>

<P><STRONG><a name="[61]"></a>exit</STRONG> (Thumb, 16 bytes, Stack size 8 bytes, exit.o(.text))
<BR><BR>[Stack]<UL><LI>Max Depth = 8 + Unknown Stack Size
<LI>Call Chain = exit
</UL>
<BR>[Calls]<UL><LI><a href="#[77]">&gt;&gt;</a>&nbsp;&nbsp;&nbsp;__rt_exit
<LI><a href="#[76]">&gt;&gt;</a>&nbsp;&nbsp;&nbsp;_call_atexit_fns (Weak Reference)
</UL>
<BR>[Called By]<UL><LI><a href="#[5f]">&gt;&gt;</a>&nbsp;&nbsp;&nbsp;__rt_entry_main
</UL>

<P><STRONG><a name="[75]"></a>__fpl_return_NaN</STRONG> (Thumb, 94 bytes, Stack size 8 bytes, retnan.o(.text), UNUSED)
<BR><BR>[Calls]<UL><LI><a href="#[71]">&gt;&gt;</a>&nbsp;&nbsp;&nbsp;__fpl_cmpreturn
</UL>
<BR>[Called By]<UL><LI><a href="#[74]">&gt;&gt;</a>&nbsp;&nbsp;&nbsp;__fpl_fcheck_NaN2
<LI><a href="#[72]">&gt;&gt;</a>&nbsp;&nbsp;&nbsp;__fpl_dcheck_NaN2
</UL>

<P><STRONG><a name="[65]"></a>_sys_exit</STRONG> (Thumb, 8 bytes, Stack size 0 bytes, sys_exit.o(.text))
<BR><BR>[Called By]<UL><LI><a href="#[64]">&gt;&gt;</a>&nbsp;&nbsp;&nbsp;__rt_exit_exit
</UL>

<P><STRONG><a name="[28b]"></a>__I$use$semihosting</STRONG> (Thumb, 0 bytes, Stack size 0 bytes, use_no_semi.o(.text), UNUSED)

<P><STRONG><a name="[28c]"></a>__use_no_semihosting_swi</STRONG> (Thumb, 2 bytes, Stack size 0 bytes, use_no_semi.o(.text), UNUSED)

<P><STRONG><a name="[28d]"></a>__decompress</STRONG> (Thumb, 0 bytes, Stack size unknown bytes, __dczerorl2.o(.text), UNUSED)

<P><STRONG><a name="[28e]"></a>__decompress1</STRONG> (Thumb, 86 bytes, Stack size unknown bytes, __dczerorl2.o(.text), UNUSED)

<P><STRONG><a name="[28f]"></a>__semihosting_library_function</STRONG> (Thumb, 0 bytes, Stack size unknown bytes, indicate_semi.o(.text), UNUSED)

<P><STRONG><a name="[78]"></a>ADC_DRV_ConfigChan</STRONG> (Thumb, 28 bytes, Stack size 24 bytes, adc_driver.o(i.ADC_DRV_ConfigChan))
<BR><BR>[Stack]<UL><LI>Max Depth = 68<LI>Call Chain = ADC_DRV_ConfigChan &rArr; ADC_SetInputChannel
</UL>
<BR>[Calls]<UL><LI><a href="#[79]">&gt;&gt;</a>&nbsp;&nbsp;&nbsp;ADC_SetInputChannel
</UL>
<BR>[Called By]<UL><LI><a href="#[89]">&gt;&gt;</a>&nbsp;&nbsp;&nbsp;ADC_Init
<LI><a href="#[86]">&gt;&gt;</a>&nbsp;&nbsp;&nbsp;ADC_GetADC0Task
</UL>

<P><STRONG><a name="[7a]"></a>ADC_DRV_ConfigConverter</STRONG> (Thumb, 220 bytes, Stack size 32 bytes, adc_driver.o(i.ADC_DRV_ConfigConverter))
<BR><BR>[Stack]<UL><LI>Max Depth = 136<LI>Call Chain = ADC_DRV_ConfigConverter &rArr; CLOCK_SYS_GetFreq &rArr; CLOCK_DRV_GetFreq &rArr; CLOCK_SYS_GetPccClockFreq &rArr; CLOCK_SYS_GetPeripheralClock &rArr; CLOCK_SYS_GetSysAsyncFreq
</UL>
<BR>[Calls]<UL><LI><a href="#[7b]">&gt;&gt;</a>&nbsp;&nbsp;&nbsp;CLOCK_SYS_GetFreq
<LI><a href="#[81]">&gt;&gt;</a>&nbsp;&nbsp;&nbsp;ADC_SetTriggerSelect
<LI><a href="#[7f]">&gt;&gt;</a>&nbsp;&nbsp;&nbsp;ADC_SetTriggerMode
<LI><a href="#[82]">&gt;&gt;</a>&nbsp;&nbsp;&nbsp;ADC_SetSupplyMonitoringEnableFlag
<LI><a href="#[7e]">&gt;&gt;</a>&nbsp;&nbsp;&nbsp;ADC_SetSampleTime
<LI><a href="#[80]">&gt;&gt;</a>&nbsp;&nbsp;&nbsp;ADC_SetPretriggerSelect
<LI><a href="#[7d]">&gt;&gt;</a>&nbsp;&nbsp;&nbsp;ADC_SetClockDivide
<LI><a href="#[7c]">&gt;&gt;</a>&nbsp;&nbsp;&nbsp;__aeabi_uidivmod
</UL>
<BR>[Called By]<UL><LI><a href="#[89]">&gt;&gt;</a>&nbsp;&nbsp;&nbsp;ADC_Init
</UL>

<P><STRONG><a name="[83]"></a>ADC_DRV_ConfigHwAverage</STRONG> (Thumb, 30 bytes, Stack size 16 bytes, adc_driver.o(i.ADC_DRV_ConfigHwAverage))
<BR><BR>[Stack]<UL><LI>Max Depth = 24<LI>Call Chain = ADC_DRV_ConfigHwAverage &rArr; ADC_SetHwAverageEnableFlag
</UL>
<BR>[Calls]<UL><LI><a href="#[85]">&gt;&gt;</a>&nbsp;&nbsp;&nbsp;ADC_SetHwAverageMode
<LI><a href="#[84]">&gt;&gt;</a>&nbsp;&nbsp;&nbsp;ADC_SetHwAverageEnableFlag
</UL>
<BR>[Called By]<UL><LI><a href="#[89]">&gt;&gt;</a>&nbsp;&nbsp;&nbsp;ADC_Init
</UL>

<P><STRONG><a name="[88]"></a>ADC_DRV_GetChanResult</STRONG> (Thumb, 26 bytes, Stack size 16 bytes, adc_driver.o(i.ADC_DRV_GetChanResult))
<BR><BR>[Stack]<UL><LI>Max Depth = 16<LI>Call Chain = ADC_DRV_GetChanResult
</UL>
<BR>[Called By]<UL><LI><a href="#[86]">&gt;&gt;</a>&nbsp;&nbsp;&nbsp;ADC_GetADC0Task
</UL>

<P><STRONG><a name="[87]"></a>ADC_DRV_WaitConvDone</STRONG> (Thumb, 36 bytes, Stack size 0 bytes, adc_driver.o(i.ADC_DRV_WaitConvDone))
<BR><BR>[Called By]<UL><LI><a href="#[86]">&gt;&gt;</a>&nbsp;&nbsp;&nbsp;ADC_GetADC0Task
</UL>

<P><STRONG><a name="[86]"></a>ADC_GetADC0Task</STRONG> (Thumb, 130 bytes, Stack size 8 bytes, adc.o(i.ADC_GetADC0Task))
<BR><BR>[Stack]<UL><LI>Max Depth = 76<LI>Call Chain = ADC_GetADC0Task &rArr; ADC_DRV_ConfigChan &rArr; ADC_SetInputChannel
</UL>
<BR>[Calls]<UL><LI><a href="#[87]">&gt;&gt;</a>&nbsp;&nbsp;&nbsp;ADC_DRV_WaitConvDone
<LI><a href="#[88]">&gt;&gt;</a>&nbsp;&nbsp;&nbsp;ADC_DRV_GetChanResult
<LI><a href="#[78]">&gt;&gt;</a>&nbsp;&nbsp;&nbsp;ADC_DRV_ConfigChan
</UL>
<BR>[Called By]<UL><LI><a href="#[220]">&gt;&gt;</a>&nbsp;&nbsp;&nbsp;SysMonitor
</UL>

<P><STRONG><a name="[89]"></a>ADC_Init</STRONG> (Thumb, 50 bytes, Stack size 8 bytes, adc.o(i.ADC_Init))
<BR><BR>[Stack]<UL><LI>Max Depth = 144<LI>Call Chain = ADC_Init &rArr; ADC_DRV_ConfigConverter &rArr; CLOCK_SYS_GetFreq &rArr; CLOCK_DRV_GetFreq &rArr; CLOCK_SYS_GetPccClockFreq &rArr; CLOCK_SYS_GetPeripheralClock &rArr; CLOCK_SYS_GetSysAsyncFreq
</UL>
<BR>[Calls]<UL><LI><a href="#[83]">&gt;&gt;</a>&nbsp;&nbsp;&nbsp;ADC_DRV_ConfigHwAverage
<LI><a href="#[7a]">&gt;&gt;</a>&nbsp;&nbsp;&nbsp;ADC_DRV_ConfigConverter
<LI><a href="#[78]">&gt;&gt;</a>&nbsp;&nbsp;&nbsp;ADC_DRV_ConfigChan
</UL>
<BR>[Called By]<UL><LI><a href="#[21b]">&gt;&gt;</a>&nbsp;&nbsp;&nbsp;SysInit
</UL>

<P><STRONG><a name="[8a]"></a>ADCollectProcess</STRONG> (Thumb, 88 bytes, Stack size 8 bytes, bsp_adcollect.o(i.ADCollectProcess))
<BR><BR>[Stack]<UL><LI>Max Depth = 88<LI>Call Chain = ADCollectProcess &rArr; ADPowerColect &rArr; __aeabi_dmul
</UL>
<BR>[Calls]<UL><LI><a href="#[8b]">&gt;&gt;</a>&nbsp;&nbsp;&nbsp;adc_get_average
<LI><a href="#[8c]">&gt;&gt;</a>&nbsp;&nbsp;&nbsp;GetavergeADValue
<LI><a href="#[8d]">&gt;&gt;</a>&nbsp;&nbsp;&nbsp;ADPowerColect
<LI><a href="#[91]">&gt;&gt;</a>&nbsp;&nbsp;&nbsp;ADOzneCollect
<LI><a href="#[90]">&gt;&gt;</a>&nbsp;&nbsp;&nbsp;ADLedCollect
<LI><a href="#[8f]">&gt;&gt;</a>&nbsp;&nbsp;&nbsp;ADHeatCollCollect
<LI><a href="#[8e]">&gt;&gt;</a>&nbsp;&nbsp;&nbsp;ADDoorCollect
</UL>
<BR>[Called By]<UL><LI><a href="#[249]">&gt;&gt;</a>&nbsp;&nbsp;&nbsp;sysRuning
</UL>

<P><STRONG><a name="[8e]"></a>ADDoorCollect</STRONG> (Thumb, 110 bytes, Stack size 24 bytes, bsp_adcollect.o(i.ADDoorCollect))
<BR><BR>[Stack]<UL><LI>Max Depth = 80<LI>Call Chain = ADDoorCollect &rArr; __aeabi_dmul
</UL>
<BR>[Calls]<UL><LI><a href="#[94]">&gt;&gt;</a>&nbsp;&nbsp;&nbsp;__aeabi_fsub
<LI><a href="#[92]">&gt;&gt;</a>&nbsp;&nbsp;&nbsp;__aeabi_dmul
<LI><a href="#[6f]">&gt;&gt;</a>&nbsp;&nbsp;&nbsp;__aeabi_ui2d
<LI><a href="#[93]">&gt;&gt;</a>&nbsp;&nbsp;&nbsp;__aeabi_d2f
</UL>
<BR>[Called By]<UL><LI><a href="#[8a]">&gt;&gt;</a>&nbsp;&nbsp;&nbsp;ADCollectProcess
</UL>

<P><STRONG><a name="[8f]"></a>ADHeatCollCollect</STRONG> (Thumb, 122 bytes, Stack size 24 bytes, bsp_adcollect.o(i.ADHeatCollCollect))
<BR><BR>[Stack]<UL><LI>Max Depth = 80<LI>Call Chain = ADHeatCollCollect &rArr; __aeabi_dmul
</UL>
<BR>[Calls]<UL><LI><a href="#[92]">&gt;&gt;</a>&nbsp;&nbsp;&nbsp;__aeabi_dmul
<LI><a href="#[6f]">&gt;&gt;</a>&nbsp;&nbsp;&nbsp;__aeabi_ui2d
<LI><a href="#[93]">&gt;&gt;</a>&nbsp;&nbsp;&nbsp;__aeabi_d2f
</UL>
<BR>[Called By]<UL><LI><a href="#[8a]">&gt;&gt;</a>&nbsp;&nbsp;&nbsp;ADCollectProcess
</UL>

<P><STRONG><a name="[90]"></a>ADLedCollect</STRONG> (Thumb, 32 bytes, Stack size 24 bytes, bsp_adcollect.o(i.ADLedCollect))
<BR><BR>[Stack]<UL><LI>Max Depth = 80<LI>Call Chain = ADLedCollect &rArr; __aeabi_dmul
</UL>
<BR>[Calls]<UL><LI><a href="#[92]">&gt;&gt;</a>&nbsp;&nbsp;&nbsp;__aeabi_dmul
<LI><a href="#[6f]">&gt;&gt;</a>&nbsp;&nbsp;&nbsp;__aeabi_ui2d
<LI><a href="#[93]">&gt;&gt;</a>&nbsp;&nbsp;&nbsp;__aeabi_d2f
</UL>
<BR>[Called By]<UL><LI><a href="#[8a]">&gt;&gt;</a>&nbsp;&nbsp;&nbsp;ADCollectProcess
</UL>

<P><STRONG><a name="[91]"></a>ADOzneCollect</STRONG> (Thumb, 32 bytes, Stack size 24 bytes, bsp_adcollect.o(i.ADOzneCollect))
<BR><BR>[Stack]<UL><LI>Max Depth = 80<LI>Call Chain = ADOzneCollect &rArr; __aeabi_dmul
</UL>
<BR>[Calls]<UL><LI><a href="#[92]">&gt;&gt;</a>&nbsp;&nbsp;&nbsp;__aeabi_dmul
<LI><a href="#[6f]">&gt;&gt;</a>&nbsp;&nbsp;&nbsp;__aeabi_ui2d
<LI><a href="#[93]">&gt;&gt;</a>&nbsp;&nbsp;&nbsp;__aeabi_d2f
</UL>
<BR>[Called By]<UL><LI><a href="#[8a]">&gt;&gt;</a>&nbsp;&nbsp;&nbsp;ADCollectProcess
</UL>

<P><STRONG><a name="[8d]"></a>ADPowerColect</STRONG> (Thumb, 166 bytes, Stack size 24 bytes, bsp_adcollect.o(i.ADPowerColect))
<BR><BR>[Stack]<UL><LI>Max Depth = 80<LI>Call Chain = ADPowerColect &rArr; __aeabi_dmul
</UL>
<BR>[Calls]<UL><LI><a href="#[97]">&gt;&gt;</a>&nbsp;&nbsp;&nbsp;__aeabi_cfrcmple
<LI><a href="#[95]">&gt;&gt;</a>&nbsp;&nbsp;&nbsp;__aeabi_f2d
<LI><a href="#[98]">&gt;&gt;</a>&nbsp;&nbsp;&nbsp;__aeabi_cdrcmple
<LI><a href="#[92]">&gt;&gt;</a>&nbsp;&nbsp;&nbsp;__aeabi_dmul
<LI><a href="#[96]">&gt;&gt;</a>&nbsp;&nbsp;&nbsp;__aeabi_cdcmple
<LI><a href="#[6f]">&gt;&gt;</a>&nbsp;&nbsp;&nbsp;__aeabi_ui2d
<LI><a href="#[93]">&gt;&gt;</a>&nbsp;&nbsp;&nbsp;__aeabi_d2f
</UL>
<BR>[Called By]<UL><LI><a href="#[8a]">&gt;&gt;</a>&nbsp;&nbsp;&nbsp;ADCollectProcess
</UL>

<P><STRONG><a name="[99]"></a>AES_Cipher</STRONG> (Thumb, 120 bytes, Stack size 40 bytes, aes.o(i.AES_Cipher))
<BR><BR>[Stack]<UL><LI>Max Depth = 88<LI>Call Chain = AES_Cipher &rArr; MixColumns &rArr; FFmul
</UL>
<BR>[Calls]<UL><LI><a href="#[9b]">&gt;&gt;</a>&nbsp;&nbsp;&nbsp;SubBytes
<LI><a href="#[9c]">&gt;&gt;</a>&nbsp;&nbsp;&nbsp;ShiftRows
<LI><a href="#[9d]">&gt;&gt;</a>&nbsp;&nbsp;&nbsp;MixColumns
<LI><a href="#[9a]">&gt;&gt;</a>&nbsp;&nbsp;&nbsp;AddRoundKey
</UL>
<BR>[Called By]<UL><LI><a href="#[170]">&gt;&gt;</a>&nbsp;&nbsp;&nbsp;Seed2Key
</UL>

<P><STRONG><a name="[9e]"></a>AES_Init</STRONG> (Thumb, 38 bytes, Stack size 16 bytes, aes.o(i.AES_Init))
<BR><BR>[Stack]<UL><LI>Max Depth = 56<LI>Call Chain = AES_Init &rArr; KeyExpansion
</UL>
<BR>[Calls]<UL><LI><a href="#[67]">&gt;&gt;</a>&nbsp;&nbsp;&nbsp;__aeabi_memcpy
<LI><a href="#[9f]">&gt;&gt;</a>&nbsp;&nbsp;&nbsp;KeyExpansion
</UL>
<BR>[Called By]<UL><LI><a href="#[170]">&gt;&gt;</a>&nbsp;&nbsp;&nbsp;Seed2Key
</UL>

<P><STRONG><a name="[a0]"></a>AuxHeatProcess</STRONG> (Thumb, 326 bytes, Stack size 8 bytes, sysrun.o(i.AuxHeatProcess))
<BR><BR>[Stack]<UL><LI>Max Depth = 20<LI>Call Chain = AuxHeatProcess &rArr; PINS_DRV_WritePin
</UL>
<BR>[Calls]<UL><LI><a href="#[a1]">&gt;&gt;</a>&nbsp;&nbsp;&nbsp;PINS_DRV_WritePin
</UL>
<BR>[Called By]<UL><LI><a href="#[249]">&gt;&gt;</a>&nbsp;&nbsp;&nbsp;sysRuning
</UL>

<P><STRONG><a name="[a2]"></a>BSP_EEPROM_Initialize</STRONG> (Thumb, 12 bytes, Stack size 8 bytes, bsp_eeprom.o(i.BSP_EEPROM_Initialize))
<BR><BR>[Stack]<UL><LI>Max Depth = 124<LI>Call Chain = BSP_EEPROM_Initialize &rArr; ReadTempEeprom &rArr; EEpromInit &rArr; WriteTempEeprom &rArr; __RTE_AppEepromWrite &rArr; __DiagTask_EEPWrite &rArr; CarSign_WriteToEep &rArr; EepApp_LoadWrtMsg &rArr; EepAll_LoadWrtMsg &rArr; EepAll_WrtMsg &rArr; EepAll_WrtMsgCopyToBuf
</UL>
<BR>[Calls]<UL><LI><a href="#[a3]">&gt;&gt;</a>&nbsp;&nbsp;&nbsp;ReadTempEeprom
<LI><a href="#[a4]">&gt;&gt;</a>&nbsp;&nbsp;&nbsp;ReadBingXangState
</UL>
<BR>[Called By]<UL><LI><a href="#[21b]">&gt;&gt;</a>&nbsp;&nbsp;&nbsp;SysInit
<LI><a href="#[20c]">&gt;&gt;</a>&nbsp;&nbsp;&nbsp;ReadBusState_318
</UL>

<P><STRONG><a name="[a5]"></a>BSP_UART_Init</STRONG> (Thumb, 8 bytes, Stack size 8 bytes, bsp_uart.o(i.BSP_UART_Init))
<BR><BR>[Stack]<UL><LI>Max Depth = 160<LI>Call Chain = BSP_UART_Init &rArr; LPUART0_InitReg &rArr; LPUART0_SetBaudRate &rArr; CLOCK_SYS_GetFreq &rArr; CLOCK_DRV_GetFreq &rArr; CLOCK_SYS_GetPccClockFreq &rArr; CLOCK_SYS_GetPeripheralClock &rArr; CLOCK_SYS_GetSysAsyncFreq
</UL>
<BR>[Calls]<UL><LI><a href="#[a6]">&gt;&gt;</a>&nbsp;&nbsp;&nbsp;LPUART0_InitReg
</UL>
<BR>[Called By]<UL><LI><a href="#[21b]">&gt;&gt;</a>&nbsp;&nbsp;&nbsp;SysInit
</UL>

<P><STRONG><a name="[a7]"></a>BuzzerProcess</STRONG> (Thumb, 622 bytes, Stack size 8 bytes, buzzer.o(i.BuzzerProcess))
<BR><BR>[Stack]<UL><LI>Max Depth = 112<LI>Call Chain = BuzzerProcess &rArr; BuzzerStart &rArr; __aeabi_dmul
</UL>
<BR>[Calls]<UL><LI><a href="#[a8]">&gt;&gt;</a>&nbsp;&nbsp;&nbsp;BuzzerStart
</UL>
<BR>[Called By]<UL><LI><a href="#[249]">&gt;&gt;</a>&nbsp;&nbsp;&nbsp;sysRuning
</UL>

<P><STRONG><a name="[a8]"></a>BuzzerStart</STRONG> (Thumb, 384 bytes, Stack size 48 bytes, buzzer.o(i.BuzzerStart))
<BR><BR>[Stack]<UL><LI>Max Depth = 104<LI>Call Chain = BuzzerStart &rArr; __aeabi_dmul
</UL>
<BR>[Calls]<UL><LI><a href="#[a1]">&gt;&gt;</a>&nbsp;&nbsp;&nbsp;PINS_DRV_WritePin
<LI><a href="#[a9]">&gt;&gt;</a>&nbsp;&nbsp;&nbsp;__aeabi_cfcmpeq
<LI><a href="#[92]">&gt;&gt;</a>&nbsp;&nbsp;&nbsp;__aeabi_dmul
<LI><a href="#[96]">&gt;&gt;</a>&nbsp;&nbsp;&nbsp;__aeabi_cdcmple
<LI><a href="#[6f]">&gt;&gt;</a>&nbsp;&nbsp;&nbsp;__aeabi_ui2d
<LI><a href="#[7c]">&gt;&gt;</a>&nbsp;&nbsp;&nbsp;__aeabi_uidivmod
</UL>
<BR>[Called By]<UL><LI><a href="#[a7]">&gt;&gt;</a>&nbsp;&nbsp;&nbsp;BuzzerProcess
</UL>

<P><STRONG><a name="[43]"></a>CAN0_ORed_0_31_MB_IRQHandler</STRONG> (Thumb, 98 bytes, Stack size 24 bytes, flexcan.o(i.CAN0_ORed_0_31_MB_IRQHandler))
<BR><BR>[Stack]<UL><LI>Max Depth = 40<LI>Call Chain = CAN0_ORed_0_31_MB_IRQHandler &rArr; FLEXCAN_UpdateMbInfo
</UL>
<BR>[Calls]<UL><LI><a href="#[ab]">&gt;&gt;</a>&nbsp;&nbsp;&nbsp;FLEXCAN_UpdateMbInfo
<LI><a href="#[ad]">&gt;&gt;</a>&nbsp;&nbsp;&nbsp;FLEXCAN_MbUnLock
<LI><a href="#[aa]">&gt;&gt;</a>&nbsp;&nbsp;&nbsp;FLEXCAN_MbLock
<LI><a href="#[ac]">&gt;&gt;</a>&nbsp;&nbsp;&nbsp;CAN_RcvMsg
</UL>
<BR>[Address Reference Count : 1]<UL><LI> startup_s32k116.o(RESET)
</UL>
<P><STRONG><a name="[42]"></a>CAN0_ORed_Err_Wakeup_IRQHandler</STRONG> (Thumb, 64 bytes, Stack size 8 bytes, flexcan.o(i.CAN0_ORed_Err_Wakeup_IRQHandler))
<BR><BR>[Stack]<UL><LI>Max Depth = 144<LI>Call Chain = CAN0_ORed_Err_Wakeup_IRQHandler &rArr; CanNm2_BusOffEntry &rArr; FLEXCAN0_InitReg &rArr; FLEXCAN_SetMaxMsgBuffNum &rArr; FLEXCAN_GetMsgBuffRegion &rArr; FLEXCAN_GetPayloadSize
</UL>
<BR>[Calls]<UL><LI><a href="#[ae]">&gt;&gt;</a>&nbsp;&nbsp;&nbsp;CanNm2_BusOffEntry
</UL>
<BR>[Address Reference Count : 1]<UL><LI> startup_s32k116.o(RESET)
</UL>
<P><STRONG><a name="[af]"></a>CAN_22_2E_FillData</STRONG> (Thumb, 1154 bytes, Stack size 48 bytes, sysrun.o(i.CAN_22_2E_FillData))
<BR><BR>[Stack]<UL><LI>Max Depth = 104<LI>Call Chain = CAN_22_2E_FillData &rArr; __aeabi_dmul
</UL>
<BR>[Calls]<UL><LI><a href="#[b1]">&gt;&gt;</a>&nbsp;&nbsp;&nbsp;__RTE_SetDidVIBData
<LI><a href="#[97]">&gt;&gt;</a>&nbsp;&nbsp;&nbsp;__aeabi_cfrcmple
<LI><a href="#[b2]">&gt;&gt;</a>&nbsp;&nbsp;&nbsp;__aeabi_cfcmple
<LI><a href="#[a9]">&gt;&gt;</a>&nbsp;&nbsp;&nbsp;__aeabi_cfcmpeq
<LI><a href="#[95]">&gt;&gt;</a>&nbsp;&nbsp;&nbsp;__aeabi_f2d
<LI><a href="#[92]">&gt;&gt;</a>&nbsp;&nbsp;&nbsp;__aeabi_dmul
<LI><a href="#[96]">&gt;&gt;</a>&nbsp;&nbsp;&nbsp;__aeabi_cdcmple
<LI><a href="#[6f]">&gt;&gt;</a>&nbsp;&nbsp;&nbsp;__aeabi_ui2d
<LI><a href="#[b0]">&gt;&gt;</a>&nbsp;&nbsp;&nbsp;__aeabi_d2uiz
</UL>
<BR>[Called By]<UL><LI><a href="#[220]">&gt;&gt;</a>&nbsp;&nbsp;&nbsp;SysMonitor
</UL>

<P><STRONG><a name="[b3]"></a>CAN_Init</STRONG> (Thumb, 8 bytes, Stack size 8 bytes, can.o(i.CAN_Init))
<BR><BR>[Stack]<UL><LI>Max Depth = 128<LI>Call Chain = CAN_Init &rArr; FLEXCAN0_InitReg &rArr; FLEXCAN_SetMaxMsgBuffNum &rArr; FLEXCAN_GetMsgBuffRegion &rArr; FLEXCAN_GetPayloadSize
</UL>
<BR>[Calls]<UL><LI><a href="#[b4]">&gt;&gt;</a>&nbsp;&nbsp;&nbsp;FLEXCAN0_InitReg
</UL>
<BR>[Called By]<UL><LI><a href="#[f9]">&gt;&gt;</a>&nbsp;&nbsp;&nbsp;CanAll_Init
</UL>

<P><STRONG><a name="[ac]"></a>CAN_RcvMsg</STRONG> (Thumb, 214 bytes, Stack size 16 bytes, can.o(i.CAN_RcvMsg))
<BR><BR>[Stack]<UL><LI>Max Depth = 16<LI>Call Chain = CAN_RcvMsg
</UL>
<BR>[Calls]<UL><LI><a href="#[b5]">&gt;&gt;</a>&nbsp;&nbsp;&nbsp;CarSign_SleepBusAllowSet
</UL>
<BR>[Called By]<UL><LI><a href="#[43]">&gt;&gt;</a>&nbsp;&nbsp;&nbsp;CAN0_ORed_0_31_MB_IRQHandler
</UL>

<P><STRONG><a name="[b6]"></a>CAN_SenMsg</STRONG> (Thumb, 30 bytes, Stack size 16 bytes, can.o(i.CAN_SenMsg))
<BR><BR>[Stack]<UL><LI>Max Depth = 72<LI>Call Chain = CAN_SenMsg &rArr; FLEXCAN_TxData &rArr; FLEXCAN_UpdateMbInfo
</UL>
<BR>[Calls]<UL><LI><a href="#[b7]">&gt;&gt;</a>&nbsp;&nbsp;&nbsp;FLEXCAN_TxData
</UL>
<BR>[Called By]<UL><LI><a href="#[103]">&gt;&gt;</a>&nbsp;&nbsp;&nbsp;CanAll_SenMsg
<LI><a href="#[129]">&gt;&gt;</a>&nbsp;&nbsp;&nbsp;CanDiag_NegResponse
</UL>

<P><STRONG><a name="[b8]"></a>CDCProcess</STRONG> (Thumb, 1524 bytes, Stack size 24 bytes, cdcmessage.o(i.CDCProcess))
<BR><BR>[Stack]<UL><LI>Max Depth = 148<LI>Call Chain = CDCProcess &rArr; KeyPower &rArr; ReadTempEeprom &rArr; EEpromInit &rArr; WriteTempEeprom &rArr; __RTE_AppEepromWrite &rArr; __DiagTask_EEPWrite &rArr; CarSign_WriteToEep &rArr; EepApp_LoadWrtMsg &rArr; EepAll_LoadWrtMsg &rArr; EepAll_WrtMsg &rArr; EepAll_WrtMsgCopyToBuf
</UL>
<BR>[Calls]<UL><LI><a href="#[be]">&gt;&gt;</a>&nbsp;&nbsp;&nbsp;__RTE_SendAppMsg
<LI><a href="#[b9]">&gt;&gt;</a>&nbsp;&nbsp;&nbsp;__RTE_RcvCDCMsgSt
<LI><a href="#[ba]">&gt;&gt;</a>&nbsp;&nbsp;&nbsp;__RTE_ClrRcvCDCMsgSt
<LI><a href="#[bd]">&gt;&gt;</a>&nbsp;&nbsp;&nbsp;Updata_TCL_TEL_CanMessage
<LI><a href="#[bb]">&gt;&gt;</a>&nbsp;&nbsp;&nbsp;ClearDelayCnt
<LI><a href="#[bc]">&gt;&gt;</a>&nbsp;&nbsp;&nbsp;KeyPower
</UL>
<BR>[Called By]<UL><LI><a href="#[249]">&gt;&gt;</a>&nbsp;&nbsp;&nbsp;sysRuning
</UL>

<P><STRONG><a name="[bf]"></a>CLOCK_DRV_GetFreq</STRONG> (Thumb, 60 bytes, Stack size 16 bytes, clock_s32k1xx.o(i.CLOCK_DRV_GetFreq))
<BR><BR>[Stack]<UL><LI>Max Depth = 88<LI>Call Chain = CLOCK_DRV_GetFreq &rArr; CLOCK_SYS_GetPccClockFreq &rArr; CLOCK_SYS_GetPeripheralClock &rArr; CLOCK_SYS_GetSysAsyncFreq
</UL>
<BR>[Calls]<UL><LI><a href="#[c1]">&gt;&gt;</a>&nbsp;&nbsp;&nbsp;CLOCK_SYS_GetSimClockFreq
<LI><a href="#[c0]">&gt;&gt;</a>&nbsp;&nbsp;&nbsp;CLOCK_SYS_GetScgClockFreq
<LI><a href="#[c2]">&gt;&gt;</a>&nbsp;&nbsp;&nbsp;CLOCK_SYS_GetPccClockFreq
</UL>
<BR>[Called By]<UL><LI><a href="#[7b]">&gt;&gt;</a>&nbsp;&nbsp;&nbsp;CLOCK_SYS_GetFreq
</UL>

<P><STRONG><a name="[c3]"></a>CLOCK_DRV_Init</STRONG> (Thumb, 62 bytes, Stack size 136 bytes, clock_s32k1xx.o(i.CLOCK_DRV_Init))
<BR><BR>[Stack]<UL><LI>Max Depth = 272<LI>Call Chain = CLOCK_DRV_Init &rArr; CLOCK_SYS_SetScgConfiguration &rArr; CLOCK_SYS_ConfigureModulesFromScg &rArr; CLOCK_SYS_TransitionSystemClock &rArr; CLOCK_SYS_SetSystemClockConfig &rArr; CLOCK_SYS_GetSrcFreq
</UL>
<BR>[Calls]<UL><LI><a href="#[c7]">&gt;&gt;</a>&nbsp;&nbsp;&nbsp;CLOCK_SYS_SetSimConfiguration
<LI><a href="#[c5]">&gt;&gt;</a>&nbsp;&nbsp;&nbsp;CLOCK_SYS_SetScgConfiguration
<LI><a href="#[c8]">&gt;&gt;</a>&nbsp;&nbsp;&nbsp;CLOCK_SYS_SetPmcConfiguration
<LI><a href="#[c6]">&gt;&gt;</a>&nbsp;&nbsp;&nbsp;CLOCK_SYS_SetPccConfiguration
<LI><a href="#[c4]">&gt;&gt;</a>&nbsp;&nbsp;&nbsp;CLOCK_SYS_GetDefaultConfiguration
</UL>
<BR>[Called By]<UL><LI><a href="#[e4]">&gt;&gt;</a>&nbsp;&nbsp;&nbsp;CLOCK_SYS_SetConfiguration
</UL>

<P><STRONG><a name="[7b]"></a>CLOCK_SYS_GetFreq</STRONG> (Thumb, 16 bytes, Stack size 16 bytes, clock_s32k1xx.o(i.CLOCK_SYS_GetFreq))
<BR><BR>[Stack]<UL><LI>Max Depth = 104<LI>Call Chain = CLOCK_SYS_GetFreq &rArr; CLOCK_DRV_GetFreq &rArr; CLOCK_SYS_GetPccClockFreq &rArr; CLOCK_SYS_GetPeripheralClock &rArr; CLOCK_SYS_GetSysAsyncFreq
</UL>
<BR>[Calls]<UL><LI><a href="#[bf]">&gt;&gt;</a>&nbsp;&nbsp;&nbsp;CLOCK_DRV_GetFreq
</UL>
<BR>[Called By]<UL><LI><a href="#[7a]">&gt;&gt;</a>&nbsp;&nbsp;&nbsp;ADC_DRV_ConfigConverter
<LI><a href="#[214]">&gt;&gt;</a>&nbsp;&nbsp;&nbsp;SysTick_Config
<LI><a href="#[1fb]">&gt;&gt;</a>&nbsp;&nbsp;&nbsp;LPUART0_SetBaudRate
<LI><a href="#[a6]">&gt;&gt;</a>&nbsp;&nbsp;&nbsp;LPUART0_InitReg
<LI><a href="#[1ad]">&gt;&gt;</a>&nbsp;&nbsp;&nbsp;FTM_DRV_GetFrequency
</UL>

<P><STRONG><a name="[213]"></a>CLOCK_SYS_Init</STRONG> (Thumb, 20 bytes, Stack size 8 bytes, clock_s32k1xx.o(i.CLOCK_SYS_Init))
<BR><BR>[Stack]<UL><LI>Max Depth = 8<LI>Call Chain = CLOCK_SYS_Init
</UL>
<BR>[Called By]<UL><LI><a href="#[212]">&gt;&gt;</a>&nbsp;&nbsp;&nbsp;SYS_Init
</UL>

<P><STRONG><a name="[e4]"></a>CLOCK_SYS_SetConfiguration</STRONG> (Thumb, 12 bytes, Stack size 8 bytes, clock_s32k1xx.o(i.CLOCK_SYS_SetConfiguration))
<BR><BR>[Stack]<UL><LI>Max Depth = 280<LI>Call Chain = CLOCK_SYS_SetConfiguration &rArr; CLOCK_DRV_Init &rArr; CLOCK_SYS_SetScgConfiguration &rArr; CLOCK_SYS_ConfigureModulesFromScg &rArr; CLOCK_SYS_TransitionSystemClock &rArr; CLOCK_SYS_SetSystemClockConfig &rArr; CLOCK_SYS_GetSrcFreq
</UL>
<BR>[Calls]<UL><LI><a href="#[c3]">&gt;&gt;</a>&nbsp;&nbsp;&nbsp;CLOCK_DRV_Init
</UL>
<BR>[Called By]<UL><LI><a href="#[f0]">&gt;&gt;</a>&nbsp;&nbsp;&nbsp;CLOCK_SYS_UpdateConfiguration
</UL>

<P><STRONG><a name="[f0]"></a>CLOCK_SYS_UpdateConfiguration</STRONG> (Thumb, 272 bytes, Stack size 32 bytes, clock_s32k1xx.o(i.CLOCK_SYS_UpdateConfiguration))
<BR><BR>[Stack]<UL><LI>Max Depth = 312<LI>Call Chain = CLOCK_SYS_UpdateConfiguration &rArr; CLOCK_SYS_SetConfiguration &rArr; CLOCK_DRV_Init &rArr; CLOCK_SYS_SetScgConfiguration &rArr; CLOCK_SYS_ConfigureModulesFromScg &rArr; CLOCK_SYS_TransitionSystemClock &rArr; CLOCK_SYS_SetSystemClockConfig &rArr; CLOCK_SYS_GetSrcFreq
</UL>
<BR>[Calls]<UL><LI><a href="#[f2]">&gt;&gt;</a>&nbsp;&nbsp;&nbsp;INT_SYS_EnableIRQGlobal
<LI><a href="#[f1]">&gt;&gt;</a>&nbsp;&nbsp;&nbsp;INT_SYS_DisableIRQGlobal
<LI><a href="#[e4]">&gt;&gt;</a>&nbsp;&nbsp;&nbsp;CLOCK_SYS_SetConfiguration
</UL>
<BR>[Called By]<UL><LI><a href="#[212]">&gt;&gt;</a>&nbsp;&nbsp;&nbsp;SYS_Init
</UL>

<P><STRONG><a name="[101]"></a>CanAll_CancelSenMsg</STRONG> (Thumb, 92 bytes, Stack size 4 bytes, canall.o(i.CanAll_CancelSenMsg))
<BR><BR>[Stack]<UL><LI>Max Depth = 4<LI>Call Chain = CanAll_CancelSenMsg
</UL>
<BR>[Called By]<UL><LI><a href="#[ae]">&gt;&gt;</a>&nbsp;&nbsp;&nbsp;CanNm2_BusOffEntry
<LI><a href="#[100]">&gt;&gt;</a>&nbsp;&nbsp;&nbsp;CanAll_OffLine
</UL>

<P><STRONG><a name="[11c]"></a>CanAll_ClrMsgData</STRONG> (Thumb, 16 bytes, Stack size 0 bytes, canall.o(i.CanAll_ClrMsgData))
<BR><BR>[Called By]<UL><LI><a href="#[108]">&gt;&gt;</a>&nbsp;&nbsp;&nbsp;CanApp_TxStartVIB383
</UL>

<P><STRONG><a name="[23e]"></a>CanAll_CopyDataToMsg</STRONG> (Thumb, 20 bytes, Stack size 4 bytes, canall.o(i.CanAll_CopyDataToMsg))
<BR><BR>[Stack]<UL><LI>Max Depth = 4<LI>Call Chain = CanAll_CopyDataToMsg
</UL>
<BR>[Called By]<UL><LI><a href="#[23d]">&gt;&gt;</a>&nbsp;&nbsp;&nbsp;__DiagTask_UpdatePriodicMsg
</UL>

<P><STRONG><a name="[f3]"></a>CanAll_DealRcvBuf</STRONG> (Thumb, 162 bytes, Stack size 24 bytes, canall.o(i.CanAll_DealRcvBuf))
<BR><BR>[Stack]<UL><LI>Max Depth = 80<LI>Call Chain = CanAll_DealRcvBuf &rArr; CanApp_DealRcvMsg &rArr; CanApp_DealRcvMsgBCM318 &rArr; CanApp_RxConfirmBCM318 &rArr; CanApp_RxTimeOutFlagClr &rArr; CanApp_RxTimeOutReload
</UL>
<BR>[Calls]<UL><LI><a href="#[f5]">&gt;&gt;</a>&nbsp;&nbsp;&nbsp;INT_SYS_EnableIRQ
<LI><a href="#[f4]">&gt;&gt;</a>&nbsp;&nbsp;&nbsp;INT_SYS_DisableIRQ
<LI><a href="#[f7]">&gt;&gt;</a>&nbsp;&nbsp;&nbsp;CanDiag_DealRcvMsg
<LI><a href="#[f8]">&gt;&gt;</a>&nbsp;&nbsp;&nbsp;CanApp_DealRcvMsg
<LI><a href="#[f6]">&gt;&gt;</a>&nbsp;&nbsp;&nbsp;CanAll_MsgCopyToMsg
</UL>
<BR>[Called By]<UL><LI><a href="#[221]">&gt;&gt;</a>&nbsp;&nbsp;&nbsp;__DiagTask_HandleTask
</UL>

<P><STRONG><a name="[f9]"></a>CanAll_Init</STRONG> (Thumb, 144 bytes, Stack size 8 bytes, canall.o(i.CanAll_Init))
<BR><BR>[Stack]<UL><LI>Max Depth = 148<LI>Call Chain = CanAll_Init &rArr; CanDiag_Init &rArr; CanDiag_FactoryModeCheck &rArr; DiagDid_ReadFromEep &rArr; CanDiag_ReadFromEep &rArr; EEPROM_Read
</UL>
<BR>[Calls]<UL><LI><a href="#[b3]">&gt;&gt;</a>&nbsp;&nbsp;&nbsp;CAN_Init
<LI><a href="#[fa]">&gt;&gt;</a>&nbsp;&nbsp;&nbsp;PINS_DRV_ClearPins
<LI><a href="#[fe]">&gt;&gt;</a>&nbsp;&nbsp;&nbsp;CanNm2_Init
<LI><a href="#[ff]">&gt;&gt;</a>&nbsp;&nbsp;&nbsp;CanDiag_Init
<LI><a href="#[fd]">&gt;&gt;</a>&nbsp;&nbsp;&nbsp;CanApp_Init
<LI><a href="#[fc]">&gt;&gt;</a>&nbsp;&nbsp;&nbsp;CanAll_InitMsg
<LI><a href="#[fb]">&gt;&gt;</a>&nbsp;&nbsp;&nbsp;CanAll_InitBuf
</UL>
<BR>[Called By]<UL><LI><a href="#[21c]">&gt;&gt;</a>&nbsp;&nbsp;&nbsp;__DiagTask_Init
</UL>

<P><STRONG><a name="[f6]"></a>CanAll_MsgCopyToMsg</STRONG> (Thumb, 34 bytes, Stack size 4 bytes, canall.o(i.CanAll_MsgCopyToMsg))
<BR><BR>[Stack]<UL><LI>Max Depth = 4<LI>Call Chain = CanAll_MsgCopyToMsg
</UL>
<BR>[Called By]<UL><LI><a href="#[f3]">&gt;&gt;</a>&nbsp;&nbsp;&nbsp;CanAll_DealRcvBuf
</UL>

<P><STRONG><a name="[100]"></a>CanAll_OffLine</STRONG> (Thumb, 16 bytes, Stack size 4 bytes, canall.o(i.CanAll_OffLine))
<BR><BR>[Stack]<UL><LI>Max Depth = 8<LI>Call Chain = CanAll_OffLine &rArr; CanAll_CancelSenMsg
</UL>
<BR>[Calls]<UL><LI><a href="#[101]">&gt;&gt;</a>&nbsp;&nbsp;&nbsp;CanAll_CancelSenMsg
</UL>
<BR>[Called By]<UL><LI><a href="#[17a]">&gt;&gt;</a>&nbsp;&nbsp;&nbsp;Dtc_UpdateBattFlagTask
</UL>

<P><STRONG><a name="[102]"></a>CanAll_OnLine</STRONG> (Thumb, 14 bytes, Stack size 8 bytes, canall.o(i.CanAll_OnLine))
<BR><BR>[Stack]<UL><LI>Max Depth = 8<LI>Call Chain = CanAll_OnLine
</UL>
<BR>[Calls]<UL><LI><a href="#[fe]">&gt;&gt;</a>&nbsp;&nbsp;&nbsp;CanNm2_Init
</UL>
<BR>[Called By]<UL><LI><a href="#[17a]">&gt;&gt;</a>&nbsp;&nbsp;&nbsp;Dtc_UpdateBattFlagTask
</UL>

<P><STRONG><a name="[118]"></a>CanAll_ReqSenMsg</STRONG> (Thumb, 92 bytes, Stack size 0 bytes, canall.o(i.CanAll_ReqSenMsg))
<BR><BR>[Called By]<UL><LI><a href="#[135]">&gt;&gt;</a>&nbsp;&nbsp;&nbsp;CanDiag_ReqSenMsg
<LI><a href="#[117]">&gt;&gt;</a>&nbsp;&nbsp;&nbsp;CanApp_ReqSenMsg
</UL>

<P><STRONG><a name="[103]"></a>CanAll_SenMsg</STRONG> (Thumb, 36 bytes, Stack size 8 bytes, canall.o(i.CanAll_SenMsg))
<BR><BR>[Stack]<UL><LI>Max Depth = 80<LI>Call Chain = CanAll_SenMsg &rArr; CAN_SenMsg &rArr; FLEXCAN_TxData &rArr; FLEXCAN_UpdateMbInfo
</UL>
<BR>[Calls]<UL><LI><a href="#[b6]">&gt;&gt;</a>&nbsp;&nbsp;&nbsp;CAN_SenMsg
</UL>
<BR>[Called By]<UL><LI><a href="#[107]">&gt;&gt;</a>&nbsp;&nbsp;&nbsp;CanAll_TxTask
</UL>

<P><STRONG><a name="[104]"></a>CanAll_TxConfirm</STRONG> (Thumb, 76 bytes, Stack size 16 bytes, canall.o(i.CanAll_TxConfirm))
<BR><BR>[Stack]<UL><LI>Max Depth = 40<LI>Call Chain = CanAll_TxConfirm &rArr; CanDiag_TxConfirm &rArr; CanTp_TxConfirm
</UL>
<BR>[Calls]<UL><LI><a href="#[106]">&gt;&gt;</a>&nbsp;&nbsp;&nbsp;CanDiag_TxConfirm
<LI><a href="#[105]">&gt;&gt;</a>&nbsp;&nbsp;&nbsp;CanApp_TxConfirmVIB383
</UL>
<BR>[Called By]<UL><LI><a href="#[221]">&gt;&gt;</a>&nbsp;&nbsp;&nbsp;__DiagTask_HandleTask
</UL>

<P><STRONG><a name="[107]"></a>CanAll_TxTask</STRONG> (Thumb, 126 bytes, Stack size 16 bytes, canall.o(i.CanAll_TxTask))
<BR><BR>[Stack]<UL><LI>Max Depth = 96<LI>Call Chain = CanAll_TxTask &rArr; CanAll_SenMsg &rArr; CAN_SenMsg &rArr; FLEXCAN_TxData &rArr; FLEXCAN_UpdateMbInfo
</UL>
<BR>[Calls]<UL><LI><a href="#[109]">&gt;&gt;</a>&nbsp;&nbsp;&nbsp;CanDiag_TxStart
<LI><a href="#[108]">&gt;&gt;</a>&nbsp;&nbsp;&nbsp;CanApp_TxStartVIB383
<LI><a href="#[103]">&gt;&gt;</a>&nbsp;&nbsp;&nbsp;CanAll_SenMsg
</UL>
<BR>[Called By]<UL><LI><a href="#[221]">&gt;&gt;</a>&nbsp;&nbsp;&nbsp;__DiagTask_HandleTask
</UL>

<P><STRONG><a name="[233]"></a>CanApp_5sAppPeriodMsg_Start</STRONG> (Thumb, 12 bytes, Stack size 0 bytes, canapp.o(i.CanApp_5sAppPeriodMsg_Start))
<BR><BR>[Called By]<UL><LI><a href="#[232]">&gt;&gt;</a>&nbsp;&nbsp;&nbsp;__DiagTask_5sAppMsg_Start
</UL>

<P><STRONG><a name="[f8]"></a>CanApp_DealRcvMsg</STRONG> (Thumb, 190 bytes, Stack size 8 bytes, canapp.o(i.CanApp_DealRcvMsg))
<BR><BR>[Stack]<UL><LI>Max Depth = 56<LI>Call Chain = CanApp_DealRcvMsg &rArr; CanApp_DealRcvMsgBCM318 &rArr; CanApp_RxConfirmBCM318 &rArr; CanApp_RxTimeOutFlagClr &rArr; CanApp_RxTimeOutReload
</UL>
<BR>[Calls]<UL><LI><a href="#[10a]">&gt;&gt;</a>&nbsp;&nbsp;&nbsp;CanApp_MsgCopyToMsg
<LI><a href="#[110]">&gt;&gt;</a>&nbsp;&nbsp;&nbsp;CanApp_DealRcvMsgVCU3F2
<LI><a href="#[10f]">&gt;&gt;</a>&nbsp;&nbsp;&nbsp;CanApp_DealRcvMsgTEL097
<LI><a href="#[10d]">&gt;&gt;</a>&nbsp;&nbsp;&nbsp;CanApp_DealRcvMsgICM31E
<LI><a href="#[10e]">&gt;&gt;</a>&nbsp;&nbsp;&nbsp;CanApp_DealRcvMsgCDC093
<LI><a href="#[10b]">&gt;&gt;</a>&nbsp;&nbsp;&nbsp;CanApp_DealRcvMsgBCM318
<LI><a href="#[10c]">&gt;&gt;</a>&nbsp;&nbsp;&nbsp;CanApp_DealRcvMsgACU35A
</UL>
<BR>[Called By]<UL><LI><a href="#[f3]">&gt;&gt;</a>&nbsp;&nbsp;&nbsp;CanAll_DealRcvBuf
</UL>

<P><STRONG><a name="[fd]"></a>CanApp_Init</STRONG> (Thumb, 242 bytes, Stack size 8 bytes, canapp.o(i.CanApp_Init))
<BR><BR>[Stack]<UL><LI>Max Depth = 8<LI>Call Chain = CanApp_Init
</UL>
<BR>[Called By]<UL><LI><a href="#[f9]">&gt;&gt;</a>&nbsp;&nbsp;&nbsp;CanAll_Init
</UL>

<P><STRONG><a name="[117]"></a>CanApp_ReqSenMsg</STRONG> (Thumb, 26 bytes, Stack size 8 bytes, canapp.o(i.CanApp_ReqSenMsg))
<BR><BR>[Stack]<UL><LI>Max Depth = 8<LI>Call Chain = CanApp_ReqSenMsg
</UL>
<BR>[Calls]<UL><LI><a href="#[118]">&gt;&gt;</a>&nbsp;&nbsp;&nbsp;CanAll_ReqSenMsg
</UL>
<BR>[Called By]<UL><LI><a href="#[11d]">&gt;&gt;</a>&nbsp;&nbsp;&nbsp;CanApp_TxTimeTask
</UL>

<P><STRONG><a name="[11a]"></a>CanApp_RxContinCntInc</STRONG> (Thumb, 70 bytes, Stack size 16 bytes, canapp.o(i.CanApp_RxContinCntInc))
<BR><BR>[Stack]<UL><LI>Max Depth = 16<LI>Call Chain = CanApp_RxContinCntInc
</UL>
<BR>[Called By]<UL><LI><a href="#[116]">&gt;&gt;</a>&nbsp;&nbsp;&nbsp;CanApp_RxConfirmVCU3F2
<LI><a href="#[114]">&gt;&gt;</a>&nbsp;&nbsp;&nbsp;CanApp_RxConfirmICM31E
<LI><a href="#[112]">&gt;&gt;</a>&nbsp;&nbsp;&nbsp;CanApp_RxConfirmBCM318
<LI><a href="#[111]">&gt;&gt;</a>&nbsp;&nbsp;&nbsp;CanApp_RxConfirmACU35A
</UL>

<P><STRONG><a name="[238]"></a>CanApp_RxStatTask</STRONG> (Thumb, 2 bytes, Stack size 0 bytes, canapp.o(i.CanApp_RxStatTask))
<BR><BR>[Called By]<UL><LI><a href="#[221]">&gt;&gt;</a>&nbsp;&nbsp;&nbsp;__DiagTask_HandleTask
</UL>

<P><STRONG><a name="[119]"></a>CanApp_RxTimeOutFlagClr</STRONG> (Thumb, 84 bytes, Stack size 20 bytes, canapp.o(i.CanApp_RxTimeOutFlagClr))
<BR><BR>[Stack]<UL><LI>Max Depth = 28<LI>Call Chain = CanApp_RxTimeOutFlagClr &rArr; CanApp_RxTimeOutReload
</UL>
<BR>[Calls]<UL><LI><a href="#[11b]">&gt;&gt;</a>&nbsp;&nbsp;&nbsp;CanApp_RxTimeOutReload
</UL>
<BR>[Called By]<UL><LI><a href="#[116]">&gt;&gt;</a>&nbsp;&nbsp;&nbsp;CanApp_RxConfirmVCU3F2
<LI><a href="#[114]">&gt;&gt;</a>&nbsp;&nbsp;&nbsp;CanApp_RxConfirmICM31E
<LI><a href="#[112]">&gt;&gt;</a>&nbsp;&nbsp;&nbsp;CanApp_RxConfirmBCM318
<LI><a href="#[111]">&gt;&gt;</a>&nbsp;&nbsp;&nbsp;CanApp_RxConfirmACU35A
</UL>

<P><STRONG><a name="[11b]"></a>CanApp_RxTimeOutReload</STRONG> (Thumb, 54 bytes, Stack size 8 bytes, canapp.o(i.CanApp_RxTimeOutReload))
<BR><BR>[Stack]<UL><LI>Max Depth = 8<LI>Call Chain = CanApp_RxTimeOutReload
</UL>
<BR>[Called By]<UL><LI><a href="#[119]">&gt;&gt;</a>&nbsp;&nbsp;&nbsp;CanApp_RxTimeOutFlagClr
</UL>

<P><STRONG><a name="[23b]"></a>CanApp_RxTimeTask</STRONG> (Thumb, 186 bytes, Stack size 24 bytes, canapp.o(i.CanApp_RxTimeTask))
<BR><BR>[Stack]<UL><LI>Max Depth = 24<LI>Call Chain = CanApp_RxTimeTask
</UL>
<BR>[Called By]<UL><LI><a href="#[223]">&gt;&gt;</a>&nbsp;&nbsp;&nbsp;__DiagTask_Period2msTask
</UL>

<P><STRONG><a name="[105]"></a>CanApp_TxConfirmVIB383</STRONG> (Thumb, 2 bytes, Stack size 0 bytes, canapp.o(i.CanApp_TxConfirmVIB383))
<BR><BR>[Called By]<UL><LI><a href="#[104]">&gt;&gt;</a>&nbsp;&nbsp;&nbsp;CanAll_TxConfirm
</UL>

<P><STRONG><a name="[11e]"></a>CanApp_TxCycleEnable</STRONG> (Thumb, 52 bytes, Stack size 8 bytes, canapp.o(i.CanApp_TxCycleEnable))
<BR><BR>[Stack]<UL><LI>Max Depth = 8<LI>Call Chain = CanApp_TxCycleEnable
</UL>
<BR>[Called By]<UL><LI><a href="#[11d]">&gt;&gt;</a>&nbsp;&nbsp;&nbsp;CanApp_TxTimeTask
</UL>

<P><STRONG><a name="[11f]"></a>CanApp_TxEventCntSet</STRONG> (Thumb, 50 bytes, Stack size 12 bytes, canapp.o(i.CanApp_TxEventCntSet))
<BR><BR>[Stack]<UL><LI>Max Depth = 12<LI>Call Chain = CanApp_TxEventCntSet
</UL>
<BR>[Called By]<UL><LI><a href="#[ae]">&gt;&gt;</a>&nbsp;&nbsp;&nbsp;CanNm2_BusOffEntry
<LI><a href="#[13f]">&gt;&gt;</a>&nbsp;&nbsp;&nbsp;CanNm2_BusOffDeal
<LI><a href="#[11d]">&gt;&gt;</a>&nbsp;&nbsp;&nbsp;CanApp_TxTimeTask
</UL>

<P><STRONG><a name="[139]"></a>CanApp_TxFastOnStart</STRONG> (Thumb, 48 bytes, Stack size 8 bytes, canapp.o(i.CanApp_TxFastOnStart))
<BR><BR>[Stack]<UL><LI>Max Depth = 8<LI>Call Chain = CanApp_TxFastOnStart
</UL>
<BR>[Called By]<UL><LI><a href="#[136]">&gt;&gt;</a>&nbsp;&nbsp;&nbsp;CanDiag_StatTask
</UL>

<P><STRONG><a name="[108]"></a>CanApp_TxStartVIB383</STRONG> (Thumb, 22 bytes, Stack size 8 bytes, canapp.o(i.CanApp_TxStartVIB383))
<BR><BR>[Stack]<UL><LI>Max Depth = 8<LI>Call Chain = CanApp_TxStartVIB383
</UL>
<BR>[Calls]<UL><LI><a href="#[11c]">&gt;&gt;</a>&nbsp;&nbsp;&nbsp;CanAll_ClrMsgData
</UL>
<BR>[Called By]<UL><LI><a href="#[107]">&gt;&gt;</a>&nbsp;&nbsp;&nbsp;CanAll_TxTask
</UL>

<P><STRONG><a name="[237]"></a>CanApp_TxStatTask</STRONG> (Thumb, 2 bytes, Stack size 0 bytes, canapp.o(i.CanApp_TxStatTask))
<BR><BR>[Called By]<UL><LI><a href="#[221]">&gt;&gt;</a>&nbsp;&nbsp;&nbsp;__DiagTask_HandleTask
</UL>

<P><STRONG><a name="[11d]"></a>CanApp_TxTimeTask</STRONG> (Thumb, 270 bytes, Stack size 24 bytes, canapp.o(i.CanApp_TxTimeTask))
<BR><BR>[Stack]<UL><LI>Max Depth = 36<LI>Call Chain = CanApp_TxTimeTask &rArr; CanApp_TxEventCntSet
</UL>
<BR>[Calls]<UL><LI><a href="#[11f]">&gt;&gt;</a>&nbsp;&nbsp;&nbsp;CanApp_TxEventCntSet
<LI><a href="#[11e]">&gt;&gt;</a>&nbsp;&nbsp;&nbsp;CanApp_TxCycleEnable
<LI><a href="#[117]">&gt;&gt;</a>&nbsp;&nbsp;&nbsp;CanApp_ReqSenMsg
</UL>
<BR>[Called By]<UL><LI><a href="#[223]">&gt;&gt;</a>&nbsp;&nbsp;&nbsp;__DiagTask_Period2msTask
</UL>

<P><STRONG><a name="[120]"></a>CanDiag_AccessDelayCheck</STRONG> (Thumb, 38 bytes, Stack size 8 bytes, candiag.o(i.CanDiag_AccessDelayCheck))
<BR><BR>[Stack]<UL><LI>Max Depth = 36<LI>Call Chain = CanDiag_AccessDelayCheck &rArr; CanDiag_ReadFromEep &rArr; EEPROM_Read
</UL>
<BR>[Calls]<UL><LI><a href="#[121]">&gt;&gt;</a>&nbsp;&nbsp;&nbsp;CanDiag_ReadFromEep
</UL>
<BR>[Called By]<UL><LI><a href="#[ff]">&gt;&gt;</a>&nbsp;&nbsp;&nbsp;CanDiag_Init
</UL>

<P><STRONG><a name="[122]"></a>CanDiag_AccessDelayClr</STRONG> (Thumb, 30 bytes, Stack size 8 bytes, candiag.o(i.CanDiag_AccessDelayClr))
<BR><BR>[Stack]<UL><LI>Max Depth = 36<LI>Call Chain = CanDiag_AccessDelayClr &rArr; CanDiag_WriteToEep &rArr; EEPROM_Write
</UL>
<BR>[Calls]<UL><LI><a href="#[123]">&gt;&gt;</a>&nbsp;&nbsp;&nbsp;CanDiag_WriteToEep
</UL>
<BR>[Called By]<UL><LI><a href="#[16a]">&gt;&gt;</a>&nbsp;&nbsp;&nbsp;DiagSub_Deal2702
</UL>

<P><STRONG><a name="[124]"></a>CanDiag_AccessDelaySet</STRONG> (Thumb, 30 bytes, Stack size 8 bytes, candiag.o(i.CanDiag_AccessDelaySet))
<BR><BR>[Stack]<UL><LI>Max Depth = 36<LI>Call Chain = CanDiag_AccessDelaySet &rArr; CanDiag_WriteToEep &rArr; EEPROM_Write
</UL>
<BR>[Calls]<UL><LI><a href="#[123]">&gt;&gt;</a>&nbsp;&nbsp;&nbsp;CanDiag_WriteToEep
</UL>
<BR>[Called By]<UL><LI><a href="#[16a]">&gt;&gt;</a>&nbsp;&nbsp;&nbsp;DiagSub_Deal2702
<LI><a href="#[169]">&gt;&gt;</a>&nbsp;&nbsp;&nbsp;DiagSub_Deal2701
</UL>

<P><STRONG><a name="[125]"></a>CanDiag_AccessInvalidRead</STRONG> (Thumb, 36 bytes, Stack size 16 bytes, candiag.o(i.CanDiag_AccessInvalidRead))
<BR><BR>[Stack]<UL><LI>Max Depth = 44<LI>Call Chain = CanDiag_AccessInvalidRead &rArr; CanDiag_ReadFromEep &rArr; EEPROM_Read
</UL>
<BR>[Calls]<UL><LI><a href="#[121]">&gt;&gt;</a>&nbsp;&nbsp;&nbsp;CanDiag_ReadFromEep
</UL>
<BR>[Called By]<UL><LI><a href="#[16a]">&gt;&gt;</a>&nbsp;&nbsp;&nbsp;DiagSub_Deal2702
<LI><a href="#[169]">&gt;&gt;</a>&nbsp;&nbsp;&nbsp;DiagSub_Deal2701
<LI><a href="#[13c]">&gt;&gt;</a>&nbsp;&nbsp;&nbsp;CanDiag_TimeTask
</UL>

<P><STRONG><a name="[126]"></a>CanDiag_AccessInvalidWrite</STRONG> (Thumb, 32 bytes, Stack size 8 bytes, candiag.o(i.CanDiag_AccessInvalidWrite))
<BR><BR>[Stack]<UL><LI>Max Depth = 36<LI>Call Chain = CanDiag_AccessInvalidWrite &rArr; CanDiag_WriteToEep &rArr; EEPROM_Write
</UL>
<BR>[Calls]<UL><LI><a href="#[123]">&gt;&gt;</a>&nbsp;&nbsp;&nbsp;CanDiag_WriteToEep
</UL>
<BR>[Called By]<UL><LI><a href="#[16a]">&gt;&gt;</a>&nbsp;&nbsp;&nbsp;DiagSub_Deal2702
<LI><a href="#[169]">&gt;&gt;</a>&nbsp;&nbsp;&nbsp;DiagSub_Deal2701
<LI><a href="#[13c]">&gt;&gt;</a>&nbsp;&nbsp;&nbsp;CanDiag_TimeTask
</UL>

<P><STRONG><a name="[f7]"></a>CanDiag_DealRcvMsg</STRONG> (Thumb, 70 bytes, Stack size 16 bytes, candiag.o(i.CanDiag_DealRcvMsg))
<BR><BR>[Stack]<UL><LI>Max Depth = 52<LI>Call Chain = CanDiag_DealRcvMsg &rArr; CanTp_DealRcvMsg &rArr; CanTp_TxConfirm
</UL>
<BR>[Calls]<UL><LI><a href="#[127]">&gt;&gt;</a>&nbsp;&nbsp;&nbsp;CanTp_DealRcvMsg
</UL>
<BR>[Called By]<UL><LI><a href="#[f3]">&gt;&gt;</a>&nbsp;&nbsp;&nbsp;CanAll_DealRcvBuf
</UL>

<P><STRONG><a name="[128]"></a>CanDiag_Dispatcher</STRONG> (Thumb, 170 bytes, Stack size 8 bytes, candiag.o(i.CanDiag_Dispatcher))
<BR><BR>[Stack]<UL><LI>Max Depth = 112<LI>Call Chain = CanDiag_Dispatcher &rArr; CanDiag_NegResponse &rArr; CAN_SenMsg &rArr; FLEXCAN_TxData &rArr; FLEXCAN_UpdateMbInfo
</UL>
<BR>[Calls]<UL><LI><a href="#[129]">&gt;&gt;</a>&nbsp;&nbsp;&nbsp;CanDiag_NegResponse
</UL>
<BR>[Called By]<UL><LI><a href="#[142]">&gt;&gt;</a>&nbsp;&nbsp;&nbsp;CanTp_DealPhyTask
<LI><a href="#[141]">&gt;&gt;</a>&nbsp;&nbsp;&nbsp;CanTp_DealFunTask
</UL>

<P><STRONG><a name="[12a]"></a>CanDiag_FactoryModeCTRL</STRONG> (Thumb, 32 bytes, Stack size 4 bytes, candiag.o(i.CanDiag_FactoryModeCTRL))
<BR><BR>[Stack]<UL><LI>Max Depth = 4<LI>Call Chain = CanDiag_FactoryModeCTRL
</UL>
<BR>[Calls]<UL><LI><a href="#[12b]">&gt;&gt;</a>&nbsp;&nbsp;&nbsp;CanDiag_SecurityGet
</UL>
<BR>[Called By]<UL><LI><a href="#[223]">&gt;&gt;</a>&nbsp;&nbsp;&nbsp;__DiagTask_Period2msTask
</UL>

<P><STRONG><a name="[12c]"></a>CanDiag_FactoryModeCheck</STRONG> (Thumb, 34 bytes, Stack size 8 bytes, candiag.o(i.CanDiag_FactoryModeCheck))
<BR><BR>[Stack]<UL><LI>Max Depth = 124<LI>Call Chain = CanDiag_FactoryModeCheck &rArr; DiagDid_ReadFromEep &rArr; CanDiag_ReadFromEep &rArr; EEPROM_Read
</UL>
<BR>[Calls]<UL><LI><a href="#[12d]">&gt;&gt;</a>&nbsp;&nbsp;&nbsp;DiagDid_ReadFromEep
</UL>
<BR>[Called By]<UL><LI><a href="#[ff]">&gt;&gt;</a>&nbsp;&nbsp;&nbsp;CanDiag_Init
</UL>

<P><STRONG><a name="[ff]"></a>CanDiag_Init</STRONG> (Thumb, 118 bytes, Stack size 16 bytes, candiag.o(i.CanDiag_Init))
<BR><BR>[Stack]<UL><LI>Max Depth = 140<LI>Call Chain = CanDiag_Init &rArr; CanDiag_FactoryModeCheck &rArr; DiagDid_ReadFromEep &rArr; CanDiag_ReadFromEep &rArr; EEPROM_Read
</UL>
<BR>[Calls]<UL><LI><a href="#[6b]">&gt;&gt;</a>&nbsp;&nbsp;&nbsp;__aeabi_memclr
<LI><a href="#[12f]">&gt;&gt;</a>&nbsp;&nbsp;&nbsp;DiagDid_Init
<LI><a href="#[12e]">&gt;&gt;</a>&nbsp;&nbsp;&nbsp;CanTp_Init
<LI><a href="#[12c]">&gt;&gt;</a>&nbsp;&nbsp;&nbsp;CanDiag_FactoryModeCheck
<LI><a href="#[120]">&gt;&gt;</a>&nbsp;&nbsp;&nbsp;CanDiag_AccessDelayCheck
</UL>
<BR>[Called By]<UL><LI><a href="#[f9]">&gt;&gt;</a>&nbsp;&nbsp;&nbsp;CanAll_Init
<LI><a href="#[d]">&gt;&gt;</a>&nbsp;&nbsp;&nbsp;DiagSid_Deal10
<LI><a href="#[13c]">&gt;&gt;</a>&nbsp;&nbsp;&nbsp;CanDiag_TimeTask
</UL>

<P><STRONG><a name="[129]"></a>CanDiag_NegResponse</STRONG> (Thumb, 136 bytes, Stack size 32 bytes, candiag.o(i.CanDiag_NegResponse))
<BR><BR>[Stack]<UL><LI>Max Depth = 104<LI>Call Chain = CanDiag_NegResponse &rArr; CAN_SenMsg &rArr; FLEXCAN_TxData &rArr; FLEXCAN_UpdateMbInfo
</UL>
<BR>[Calls]<UL><LI><a href="#[b6]">&gt;&gt;</a>&nbsp;&nbsp;&nbsp;CAN_SenMsg
<LI><a href="#[130]">&gt;&gt;</a>&nbsp;&nbsp;&nbsp;CanTp_DealSenBuf
</UL>
<BR>[Called By]<UL><LI><a href="#[18]">&gt;&gt;</a>&nbsp;&nbsp;&nbsp;DiagSid_Deal85
<LI><a href="#[17]">&gt;&gt;</a>&nbsp;&nbsp;&nbsp;DiagSid_Deal3E
<LI><a href="#[16]">&gt;&gt;</a>&nbsp;&nbsp;&nbsp;DiagSid_Deal31
<LI><a href="#[15]">&gt;&gt;</a>&nbsp;&nbsp;&nbsp;DiagSid_Deal2F
<LI><a href="#[14]">&gt;&gt;</a>&nbsp;&nbsp;&nbsp;DiagSid_Deal2E
<LI><a href="#[13]">&gt;&gt;</a>&nbsp;&nbsp;&nbsp;DiagSid_Deal28
<LI><a href="#[12]">&gt;&gt;</a>&nbsp;&nbsp;&nbsp;DiagSid_Deal27
<LI><a href="#[11]">&gt;&gt;</a>&nbsp;&nbsp;&nbsp;DiagSid_Deal22
<LI><a href="#[10]">&gt;&gt;</a>&nbsp;&nbsp;&nbsp;DiagSid_Deal19
<LI><a href="#[f]">&gt;&gt;</a>&nbsp;&nbsp;&nbsp;DiagSid_Deal14
<LI><a href="#[e]">&gt;&gt;</a>&nbsp;&nbsp;&nbsp;DiagSid_Deal11
<LI><a href="#[d]">&gt;&gt;</a>&nbsp;&nbsp;&nbsp;DiagSid_Deal10
<LI><a href="#[128]">&gt;&gt;</a>&nbsp;&nbsp;&nbsp;CanDiag_Dispatcher
</UL>

<P><STRONG><a name="[131]"></a>CanDiag_PosResponse</STRONG> (Thumb, 12 bytes, Stack size 8 bytes, candiag.o(i.CanDiag_PosResponse))
<BR><BR>[Stack]<UL><LI>Max Depth = 24<LI>Call Chain = CanDiag_PosResponse &rArr; CanTp_DealSenBuf &rArr; CanTp_DealSenBufSF
</UL>
<BR>[Calls]<UL><LI><a href="#[130]">&gt;&gt;</a>&nbsp;&nbsp;&nbsp;CanTp_DealSenBuf
</UL>
<BR>[Called By]<UL><LI><a href="#[18]">&gt;&gt;</a>&nbsp;&nbsp;&nbsp;DiagSid_Deal85
<LI><a href="#[17]">&gt;&gt;</a>&nbsp;&nbsp;&nbsp;DiagSid_Deal3E
<LI><a href="#[16]">&gt;&gt;</a>&nbsp;&nbsp;&nbsp;DiagSid_Deal31
<LI><a href="#[15]">&gt;&gt;</a>&nbsp;&nbsp;&nbsp;DiagSid_Deal2F
<LI><a href="#[14]">&gt;&gt;</a>&nbsp;&nbsp;&nbsp;DiagSid_Deal2E
<LI><a href="#[13]">&gt;&gt;</a>&nbsp;&nbsp;&nbsp;DiagSid_Deal28
<LI><a href="#[12]">&gt;&gt;</a>&nbsp;&nbsp;&nbsp;DiagSid_Deal27
<LI><a href="#[11]">&gt;&gt;</a>&nbsp;&nbsp;&nbsp;DiagSid_Deal22
<LI><a href="#[10]">&gt;&gt;</a>&nbsp;&nbsp;&nbsp;DiagSid_Deal19
<LI><a href="#[e]">&gt;&gt;</a>&nbsp;&nbsp;&nbsp;DiagSid_Deal11
<LI><a href="#[d]">&gt;&gt;</a>&nbsp;&nbsp;&nbsp;DiagSid_Deal10
<LI><a href="#[136]">&gt;&gt;</a>&nbsp;&nbsp;&nbsp;CanDiag_StatTask
</UL>

<P><STRONG><a name="[132]"></a>CanDiag_ProgReqSet</STRONG> (Thumb, 32 bytes, Stack size 8 bytes, candiag.o(i.CanDiag_ProgReqSet))
<BR><BR>[Stack]<UL><LI>Max Depth = 36<LI>Call Chain = CanDiag_ProgReqSet &rArr; CanDiag_WriteToEep &rArr; EEPROM_Write
</UL>
<BR>[Calls]<UL><LI><a href="#[123]">&gt;&gt;</a>&nbsp;&nbsp;&nbsp;CanDiag_WriteToEep
</UL>
<BR>[Called By]<UL><LI><a href="#[d]">&gt;&gt;</a>&nbsp;&nbsp;&nbsp;DiagSid_Deal10
</UL>

<P><STRONG><a name="[138]"></a>CanDiag_ReadEepTask</STRONG> (Thumb, 2 bytes, Stack size 0 bytes, candiag.o(i.CanDiag_ReadEepTask))
<BR><BR>[Called By]<UL><LI><a href="#[136]">&gt;&gt;</a>&nbsp;&nbsp;&nbsp;CanDiag_StatTask
</UL>

<P><STRONG><a name="[121]"></a>CanDiag_ReadFromEep</STRONG> (Thumb, 90 bytes, Stack size 16 bytes, candiag.o(i.CanDiag_ReadFromEep))
<BR><BR>[Stack]<UL><LI>Max Depth = 28<LI>Call Chain = CanDiag_ReadFromEep &rArr; EEPROM_Read
</UL>
<BR>[Calls]<UL><LI><a href="#[133]">&gt;&gt;</a>&nbsp;&nbsp;&nbsp;EEPROM_Read
<LI><a href="#[134]">&gt;&gt;</a>&nbsp;&nbsp;&nbsp;ChckDataIsSpecify
</UL>
<BR>[Called By]<UL><LI><a href="#[12d]">&gt;&gt;</a>&nbsp;&nbsp;&nbsp;DiagDid_ReadFromEep
<LI><a href="#[125]">&gt;&gt;</a>&nbsp;&nbsp;&nbsp;CanDiag_AccessInvalidRead
<LI><a href="#[120]">&gt;&gt;</a>&nbsp;&nbsp;&nbsp;CanDiag_AccessDelayCheck
</UL>

<P><STRONG><a name="[135]"></a>CanDiag_ReqSenMsg</STRONG> (Thumb, 86 bytes, Stack size 8 bytes, candiag.o(i.CanDiag_ReqSenMsg))
<BR><BR>[Stack]<UL><LI>Max Depth = 8<LI>Call Chain = CanDiag_ReqSenMsg
</UL>
<BR>[Calls]<UL><LI><a href="#[118]">&gt;&gt;</a>&nbsp;&nbsp;&nbsp;CanAll_ReqSenMsg
</UL>
<BR>[Called By]<UL><LI><a href="#[142]">&gt;&gt;</a>&nbsp;&nbsp;&nbsp;CanTp_DealPhyTask
</UL>

<P><STRONG><a name="[12b]"></a>CanDiag_SecurityGet</STRONG> (Thumb, 6 bytes, Stack size 0 bytes, candiag.o(i.CanDiag_SecurityGet))
<BR><BR>[Called By]<UL><LI><a href="#[169]">&gt;&gt;</a>&nbsp;&nbsp;&nbsp;DiagSub_Deal2701
[...]
<LI><a href="#[11a]">&gt;&gt;</a>&nbsp;&nbsp;&nbsp;CanApp_RxContinCntInc
</UL>
<BR>[Called By]<UL><LI><a href="#[10c]">&gt;&gt;</a>&nbsp;&nbsp;&nbsp;CanApp_DealRcvMsgACU35A
</UL>

<P><STRONG><a name="[112]"></a>CanApp_RxConfirmBCM318</STRONG> (Thumb, 18 bytes, Stack size 4 bytes, canapp.o(i.CanApp_RxConfirmBCM318))
<BR><BR>[Stack]<UL><LI>Max Depth = 32<LI>Call Chain = CanApp_RxConfirmBCM318 &rArr; CanApp_RxTimeOutFlagClr &rArr; CanApp_RxTimeOutReload
</UL>
<BR>[Calls]<UL><LI><a href="#[119]">&gt;&gt;</a>&nbsp;&nbsp;&nbsp;CanApp_RxTimeOutFlagClr
<LI><a href="#[11a]">&gt;&gt;</a>&nbsp;&nbsp;&nbsp;CanApp_RxContinCntInc
</UL>
<BR>[Called By]<UL><LI><a href="#[10b]">&gt;&gt;</a>&nbsp;&nbsp;&nbsp;CanApp_DealRcvMsgBCM318
</UL>

<P><STRONG><a name="[113]"></a>CanApp_RxConfirmCDC093</STRONG> (Thumb, 16 bytes, Stack size 0 bytes, canapp.o(i.CanApp_RxConfirmCDC093))
<BR><BR>[Called By]<UL><LI><a href="#[10e]">&gt;&gt;</a>&nbsp;&nbsp;&nbsp;CanApp_DealRcvMsgCDC093
</UL>

<P><STRONG><a name="[114]"></a>CanApp_RxConfirmICM31E</STRONG> (Thumb, 18 bytes, Stack size 4 bytes, canapp.o(i.CanApp_RxConfirmICM31E))
<BR><BR>[Stack]<UL><LI>Max Depth = 32<LI>Call Chain = CanApp_RxConfirmICM31E &rArr; CanApp_RxTimeOutFlagClr &rArr; CanApp_RxTimeOutReload
</UL>
<BR>[Calls]<UL><LI><a href="#[119]">&gt;&gt;</a>&nbsp;&nbsp;&nbsp;CanApp_RxTimeOutFlagClr
<LI><a href="#[11a]">&gt;&gt;</a>&nbsp;&nbsp;&nbsp;CanApp_RxContinCntInc
</UL>
<BR>[Called By]<UL><LI><a href="#[10d]">&gt;&gt;</a>&nbsp;&nbsp;&nbsp;CanApp_DealRcvMsgICM31E
</UL>

<P><STRONG><a name="[115]"></a>CanApp_RxConfirmTEL097</STRONG> (Thumb, 16 bytes, Stack size 0 bytes, canapp.o(i.CanApp_RxConfirmTEL097))
<BR><BR>[Called By]<UL><LI><a href="#[10f]">&gt;&gt;</a>&nbsp;&nbsp;&nbsp;CanApp_DealRcvMsgTEL097
</UL>

<P><STRONG><a name="[116]"></a>CanApp_RxConfirmVCU3F2</STRONG> (Thumb, 18 bytes, Stack size 4 bytes, canapp.o(i.CanApp_RxConfirmVCU3F2))
<BR><BR>[Stack]<UL><LI>Max Depth = 32<LI>Call Chain = CanApp_RxConfirmVCU3F2 &rArr; CanApp_RxTimeOutFlagClr &rArr; CanApp_RxTimeOutReload
</UL>
<BR>[Calls]<UL><LI><a href="#[119]">&gt;&gt;</a>&nbsp;&nbsp;&nbsp;CanApp_RxTimeOutFlagClr
<LI><a href="#[11a]">&gt;&gt;</a>&nbsp;&nbsp;&nbsp;CanApp_RxContinCntInc
</UL>
<BR>[Called By]<UL><LI><a href="#[110]">&gt;&gt;</a>&nbsp;&nbsp;&nbsp;CanApp_DealRcvMsgVCU3F2
</UL>

<P><STRONG><a name="[7]"></a>CanApp_RxTimeOutACU35A</STRONG> (Thumb, 2 bytes, Stack size 0 bytes, canapp.o(i.CanApp_RxTimeOutACU35A))
<BR>[Address Reference Count : 1]<UL><LI> canapp.o(.constdata)
</UL>
<P><STRONG><a name="[6]"></a>CanApp_RxTimeOutBCM318</STRONG> (Thumb, 2 bytes, Stack size 0 bytes, canapp.o(i.CanApp_RxTimeOutBCM318))
<BR>[Address Reference Count : 1]<UL><LI> canapp.o(.constdata)
</UL>
<P><STRONG><a name="[8]"></a>CanApp_RxTimeOutICM31E</STRONG> (Thumb, 2 bytes, Stack size 0 bytes, canapp.o(i.CanApp_RxTimeOutICM31E))
<BR>[Address Reference Count : 1]<UL><LI> canapp.o(.constdata)
</UL>
<P><STRONG><a name="[9]"></a>CanApp_RxTimeOutVCU3F2</STRONG> (Thumb, 12 bytes, Stack size 0 bytes, canapp.o(i.CanApp_RxTimeOutVCU3F2))
<BR>[Address Reference Count : 1]<UL><LI> canapp.o(.constdata)
</UL>
<P><STRONG><a name="[141]"></a>CanTp_DealFunTask</STRONG> (Thumb, 48 bytes, Stack size 8 bytes, cantp.o(i.CanTp_DealFunTask))
<BR><BR>[Stack]<UL><LI>Max Depth = 120<LI>Call Chain = CanTp_DealFunTask &rArr; CanDiag_Dispatcher &rArr; CanDiag_NegResponse &rArr; CAN_SenMsg &rArr; FLEXCAN_TxData &rArr; FLEXCAN_UpdateMbInfo
</UL>
<BR>[Calls]<UL><LI><a href="#[128]">&gt;&gt;</a>&nbsp;&nbsp;&nbsp;CanDiag_Dispatcher
</UL>
<BR>[Called By]<UL><LI><a href="#[145]">&gt;&gt;</a>&nbsp;&nbsp;&nbsp;CanTp_StatTask
</UL>

<P><STRONG><a name="[142]"></a>CanTp_DealPhyTask</STRONG> (Thumb, 388 bytes, Stack size 16 bytes, cantp.o(i.CanTp_DealPhyTask))
<BR><BR>[Stack]<UL><LI>Max Depth = 128<LI>Call Chain = CanTp_DealPhyTask &rArr; CanDiag_Dispatcher &rArr; CanDiag_NegResponse &rArr; CAN_SenMsg &rArr; FLEXCAN_TxData &rArr; FLEXCAN_UpdateMbInfo
</UL>
<BR>[Calls]<UL><LI><a href="#[135]">&gt;&gt;</a>&nbsp;&nbsp;&nbsp;CanDiag_ReqSenMsg
<LI><a href="#[128]">&gt;&gt;</a>&nbsp;&nbsp;&nbsp;CanDiag_Dispatcher
</UL>
<BR>[Called By]<UL><LI><a href="#[145]">&gt;&gt;</a>&nbsp;&nbsp;&nbsp;CanTp_StatTask
</UL>

<P><STRONG><a name="[144]"></a>CanTp_DealSenBufMF</STRONG> (Thumb, 102 bytes, Stack size 8 bytes, cantp.o(i.CanTp_DealSenBufMF))
<BR><BR>[Stack]<UL><LI>Max Depth = 8<LI>Call Chain = CanTp_DealSenBufMF
</UL>
<BR>[Called By]<UL><LI><a href="#[130]">&gt;&gt;</a>&nbsp;&nbsp;&nbsp;CanTp_DealSenBuf
</UL>

<P><STRONG><a name="[143]"></a>CanTp_DealSenBufSF</STRONG> (Thumb, 52 bytes, Stack size 8 bytes, cantp.o(i.CanTp_DealSenBufSF))
<BR><BR>[Stack]<UL><LI>Max Depth = 8<LI>Call Chain = CanTp_DealSenBufSF
</UL>
<BR>[Called By]<UL><LI><a href="#[130]">&gt;&gt;</a>&nbsp;&nbsp;&nbsp;CanTp_DealSenBuf
</UL>

<P><STRONG><a name="[18c]"></a>EepAll_InitRadMsg</STRONG> (Thumb, 14 bytes, Stack size 0 bytes, eepall.o(i.EepAll_InitRadMsg))
<BR><BR>[Called By]<UL><LI><a href="#[189]">&gt;&gt;</a>&nbsp;&nbsp;&nbsp;EepAll_Init
</UL>

<P><STRONG><a name="[18a]"></a>EepAll_InitWrtBuf</STRONG> (Thumb, 40 bytes, Stack size 16 bytes, eepall.o(i.EepAll_InitWrtBuf))
<BR><BR>[Stack]<UL><LI>Max Depth = 16<LI>Call Chain = EepAll_InitWrtBuf
</UL>
<BR>[Calls]<UL><LI><a href="#[18b]">&gt;&gt;</a>&nbsp;&nbsp;&nbsp;EepAll_InitWrtMsg
</UL>
<BR>[Called By]<UL><LI><a href="#[189]">&gt;&gt;</a>&nbsp;&nbsp;&nbsp;EepAll_Init
</UL>

<P><STRONG><a name="[18b]"></a>EepAll_InitWrtMsg</STRONG> (Thumb, 30 bytes, Stack size 0 bytes, eepall.o(i.EepAll_InitWrtMsg))
<BR><BR>[Called By]<UL><LI><a href="#[18a]">&gt;&gt;</a>&nbsp;&nbsp;&nbsp;EepAll_InitWrtBuf
<LI><a href="#[189]">&gt;&gt;</a>&nbsp;&nbsp;&nbsp;EepAll_Init
</UL>

<P><STRONG><a name="[18e]"></a>EepAll_RadMsg</STRONG> (Thumb, 42 bytes, Stack size 8 bytes, eepall.o(i.EepAll_RadMsg))
<BR><BR>[Stack]<UL><LI>Max Depth = 20<LI>Call Chain = EepAll_RadMsg &rArr; EEPROM_Read
</UL>
<BR>[Calls]<UL><LI><a href="#[133]">&gt;&gt;</a>&nbsp;&nbsp;&nbsp;EEPROM_Read
</UL>
<BR>[Called By]<UL><LI><a href="#[18d]">&gt;&gt;</a>&nbsp;&nbsp;&nbsp;EepAll_LoadRadMsg
</UL>

<P><STRONG><a name="[190]"></a>EepAll_WrtMsg</STRONG> (Thumb, 38 bytes, Stack size 8 bytes, eepall.o(i.EepAll_WrtMsg))
<BR><BR>[Stack]<UL><LI>Max Depth = 20<LI>Call Chain = EepAll_WrtMsg &rArr; EepAll_WrtMsgCopyToBuf
</UL>
<BR>[Calls]<UL><LI><a href="#[191]">&gt;&gt;</a>&nbsp;&nbsp;&nbsp;EepAll_WrtMsgCopyToBuf
</UL>
<BR>[Called By]<UL><LI><a href="#[18f]">&gt;&gt;</a>&nbsp;&nbsp;&nbsp;EepAll_LoadWrtMsg
</UL>

<P><STRONG><a name="[191]"></a>EepAll_WrtMsgCopyToBuf</STRONG> (Thumb, 104 bytes, Stack size 12 bytes, eepall.o(i.EepAll_WrtMsgCopyToBuf))
<BR><BR>[Stack]<UL><LI>Max Depth = 12<LI>Call Chain = EepAll_WrtMsgCopyToBuf
</UL>
<BR>[Called By]<UL><LI><a href="#[190]">&gt;&gt;</a>&nbsp;&nbsp;&nbsp;EepAll_WrtMsg
</UL>

<P><STRONG><a name="[31]"></a>DiagDid_IOCtrl_LampCtrl</STRONG> (Thumb, 52 bytes, Stack size 8 bytes, diagdid.o(i.DiagDid_IOCtrl_LampCtrl))
<BR><BR>[Stack]<UL><LI>Max Depth = 8<LI>Call Chain = DiagDid_IOCtrl_LampCtrl
</UL>
<BR>[Calls]<UL><LI><a href="#[15d]">&gt;&gt;</a>&nbsp;&nbsp;&nbsp;CarSign_ModeTesterStop
<LI><a href="#[15e]">&gt;&gt;</a>&nbsp;&nbsp;&nbsp;CarSign_ModeTesterStart
</UL>
<BR>[Address Reference Count : 1]<UL><LI> diagdid.o(i.DiagDid_Init)
</UL>
<P><STRONG><a name="[19]"></a>DiagDid_Read_0110</STRONG> (Thumb, 14 bytes, Stack size 0 bytes, diagdid.o(i.DiagDid_Read_0110))
<BR>[Address Reference Count : 1]<UL><LI> diagdid.o(i.DiagDid_Init)
</UL>
<P><STRONG><a name="[1a]"></a>DiagDid_Read_0200</STRONG> (Thumb, 48 bytes, Stack size 16 bytes, diagdid.o(i.DiagDid_Read_0200))
<BR><BR>[Stack]<UL><LI>Max Depth = 132<LI>Call Chain = DiagDid_Read_0200 &rArr; DiagDid_ReadFromEep &rArr; CanDiag_ReadFromEep &rArr; EEPROM_Read
</UL>
<BR>[Calls]<UL><LI><a href="#[12d]">&gt;&gt;</a>&nbsp;&nbsp;&nbsp;DiagDid_ReadFromEep
</UL>
<BR>[Address Reference Count : 1]<UL><LI> diagdid.o(i.DiagDid_Init)
</UL>
<P><STRONG><a name="[1b]"></a>DiagDid_Read_0201</STRONG> (Thumb, 48 bytes, Stack size 16 bytes, diagdid.o(i.DiagDid_Read_0201))
<BR><BR>[Stack]<UL><LI>Max Depth = 132<LI>Call Chain = DiagDid_Read_0201 &rArr; DiagDid_ReadFromEep &rArr; CanDiag_ReadFromEep &rArr; EEPROM_Read
</UL>
<BR>[Calls]<UL><LI><a href="#[12d]">&gt;&gt;</a>&nbsp;&nbsp;&nbsp;DiagDid_ReadFromEep
</UL>
<BR>[Address Reference Count : 1]<UL><LI> diagdid.o(i.DiagDid_Init)
</UL>
<P><STRONG><a name="[2a]"></a>DiagDid_Read_1000</STRONG> (Thumb, 20 bytes, Stack size 0 bytes, diagdid.o(i.DiagDid_Read_1000))
<BR>[Address Reference Count : 1]<UL><LI> diagdid.o(i.DiagDid_Init)
</UL>
<P><STRONG><a name="[2b]"></a>DiagDid_Read_1002</STRONG> (Thumb, 24 bytes, Stack size 0 bytes, diagdid.o(i.DiagDid_Read_1002))
<BR>[Address Reference Count : 1]<UL><LI> diagdid.o(i.DiagDid_Init)
</UL>
<P><STRONG><a name="[1c]"></a>DiagDid_Read_F102</STRONG> (Thumb, 40 bytes, Stack size 16 bytes, diagdid.o(i.DiagDid_Read_F102))
<BR><BR>[Stack]<UL><LI>Max Depth = 132<LI>Call Chain = DiagDid_Read_F102 &rArr; DiagDid_ReadFromEep &rArr; CanDiag_ReadFromEep &rArr; EEPROM_Read
</UL>
<BR>[Calls]<UL><LI><a href="#[160]">&gt;&gt;</a>&nbsp;&nbsp;&nbsp;GetDataFromRom
<LI><a href="#[12d]">&gt;&gt;</a>&nbsp;&nbsp;&nbsp;DiagDid_ReadFromEep
</UL>
<BR>[Address Reference Count : 1]<UL><LI> diagdid.o(i.DiagDid_Init)
</UL>
<P><STRONG><a name="[1d]"></a>DiagDid_Read_F103</STRONG> (Thumb, 40 bytes, Stack size 16 bytes, diagdid.o(i.DiagDid_Read_F103))
<BR><BR>[Stack]<UL><LI>Max Depth = 132<LI>Call Chain = DiagDid_Read_F103 &rArr; DiagDid_ReadFromEep &rArr; CanDiag_ReadFromEep &rArr; EEPROM_Read
</UL>
<BR>[Calls]<UL><LI><a href="#[160]">&gt;&gt;</a>&nbsp;&nbsp;&nbsp;GetDataFromRom
<LI><a href="#[12d]">&gt;&gt;</a>&nbsp;&nbsp;&nbsp;DiagDid_ReadFromEep
</UL>
<BR>[Address Reference Count : 1]<UL><LI> diagdid.o(i.DiagDid_Init)
</UL>
<P><STRONG><a name="[1e]"></a>DiagDid_Read_F17F</STRONG> (Thumb, 18 bytes, Stack size 4 bytes, diagdid.o(i.DiagDid_Read_F17F))
<BR><BR>[Stack]<UL><LI>Max Depth = 8<LI>Call Chain = DiagDid_Read_F17F &rArr; GetDataFromRom
</UL>
<BR>[Calls]<UL><LI><a href="#[160]">&gt;&gt;</a>&nbsp;&nbsp;&nbsp;GetDataFromRom
</UL>
<BR>[Address Reference Count : 1]<UL><LI> diagdid.o(i.DiagDid_Init)
</UL>
<P><STRONG><a name="[1f]"></a>DiagDid_Read_F180</STRONG> (Thumb, 16 bytes, Stack size 4 bytes, diagdid.o(i.DiagDid_Read_F180))
<BR><BR>[Stack]<UL><LI>Max Depth = 8<LI>Call Chain = DiagDid_Read_F180 &rArr; GetDataFromRom
</UL>
<BR>[Calls]<UL><LI><a href="#[160]">&gt;&gt;</a>&nbsp;&nbsp;&nbsp;GetDataFromRom
</UL>
<BR>[Address Reference Count : 1]<UL><LI> diagdid.o(i.DiagDid_Init)
</UL>
<P><STRONG><a name="[20]"></a>DiagDid_Read_F184</STRONG> (Thumb, 40 bytes, Stack size 16 bytes, diagdid.o(i.DiagDid_Read_F184))
<BR><BR>[Stack]<UL><LI>Max Depth = 132<LI>Call Chain = DiagDid_Read_F184 &rArr; DiagDid_ReadFromEep &rArr; CanDiag_ReadFromEep &rArr; EEPROM_Read
</UL>
<BR>[Calls]<UL><LI><a href="#[160]">&gt;&gt;</a>&nbsp;&nbsp;&nbsp;GetDataFromRom
<LI><a href="#[12d]">&gt;&gt;</a>&nbsp;&nbsp;&nbsp;DiagDid_ReadFromEep
</UL>
<BR>[Address Reference Count : 1]<UL><LI> diagdid.o(i.DiagDid_Init)
</UL>
<P><STRONG><a name="[21]"></a>DiagDid_Read_F186</STRONG> (Thumb, 14 bytes, Stack size 0 bytes, diagdid.o(i.DiagDid_Read_F186))
<BR>[Address Reference Count : 1]<UL><LI> diagdid.o(i.DiagDid_Init)
</UL>
<P><STRONG><a name="[22]"></a>DiagDid_Read_F187</STRONG> (Thumb, 16 bytes, Stack size 4 bytes, diagdid.o(i.DiagDid_Read_F187))
<BR><BR>[Stack]<UL><LI>Max Depth = 8<LI>Call Chain = DiagDid_Read_F187 &rArr; GetDataFromRom
</UL>
<BR>[Calls]<UL><LI><a href="#[160]">&gt;&gt;</a>&nbsp;&nbsp;&nbsp;GetDataFromRom
</UL>
<BR>[Address Reference Count : 1]<UL><LI> diagdid.o(i.DiagDid_Init)
</UL>
<P><STRONG><a name="[23]"></a>DiagDid_Read_F189</STRONG> (Thumb, 18 bytes, Stack size 4 bytes, diagdid.o(i.DiagDid_Read_F189))
<BR><BR>[Stack]<UL><LI>Max Depth = 8<LI>Call Chain = DiagDid_Read_F189 &rArr; GetDataFromRom
</UL>
<BR>[Calls]<UL><LI><a href="#[160]">&gt;&gt;</a>&nbsp;&nbsp;&nbsp;GetDataFromRom
</UL>
<BR>[Address Reference Count : 1]<UL><LI> diagdid.o(i.DiagDid_Init)
</UL>
<P><STRONG><a name="[24]"></a>DiagDid_Read_F18C</STRONG> (Thumb, 40 bytes, Stack size 16 bytes, diagdid.o(i.DiagDid_Read_F18C))
<BR><BR>[Stack]<UL><LI>Max Depth = 132<LI>Call Chain = DiagDid_Read_F18C &rArr; DiagDid_ReadFromEep &rArr; CanDiag_ReadFromEep &rArr; EEPROM_Read
</UL>
<BR>[Calls]<UL><LI><a href="#[160]">&gt;&gt;</a>&nbsp;&nbsp;&nbsp;GetDataFromRom
<LI><a href="#[12d]">&gt;&gt;</a>&nbsp;&nbsp;&nbsp;DiagDid_ReadFromEep
</UL>
<BR>[Address Reference Count : 1]<UL><LI> diagdid.o(i.DiagDid_Init)
</UL>
<P><STRONG><a name="[25]"></a>DiagDid_Read_F18E</STRONG> (Thumb, 16 bytes, Stack size 4 bytes, diagdid.o(i.DiagDid_Read_F18E))
<BR><BR>[Stack]<UL><LI>Max Depth = 8<LI>Call Chain = DiagDid_Read_F18E &rArr; GetDataFromRom
</UL>
<BR>[Calls]<UL><LI><a href="#[160]">&gt;&gt;</a>&nbsp;&nbsp;&nbsp;GetDataFromRom
</UL>
<BR>[Address Reference Count : 1]<UL><LI> diagdid.o(i.DiagDid_Init)
</UL>
<P><STRONG><a name="[26]"></a>DiagDid_Read_F190</STRONG> (Thumb, 40 bytes, Stack size 16 bytes, diagdid.o(i.DiagDid_Read_F190))
<BR><BR>[Stack]<UL><LI>Max Depth = 132<LI>Call Chain = DiagDid_Read_F190 &rArr; DiagDid_ReadFromEep &rArr; CanDiag_ReadFromEep &rArr; EEPROM_Read
</UL>
<BR>[Calls]<UL><LI><a href="#[160]">&gt;&gt;</a>&nbsp;&nbsp;&nbsp;GetDataFromRom
<LI><a href="#[12d]">&gt;&gt;</a>&nbsp;&nbsp;&nbsp;DiagDid_ReadFromEep
</UL>
<BR>[Address Reference Count : 1]<UL><LI> diagdid.o(i.DiagDid_Init)
</UL>
<P><STRONG><a name="[27]"></a>DiagDid_Read_F193</STRONG> (Thumb, 16 bytes, Stack size 4 bytes, diagdid.o(i.DiagDid_Read_F193))
<BR><BR>[Stack]<UL><LI>Max Depth = 8<LI>Call Chain = DiagDid_Read_F193 &rArr; GetDataFromRom
</UL>
<BR>[Calls]<UL><LI><a href="#[160]">&gt;&gt;</a>&nbsp;&nbsp;&nbsp;GetDataFromRom
</UL>
<BR>[Address Reference Count : 1]<UL><LI> diagdid.o(i.DiagDid_Init)
</UL>
<P><STRONG><a name="[28]"></a>DiagDid_Read_F195</STRONG> (Thumb, 16 bytes, Stack size 4 bytes, diagdid.o(i.DiagDid_Read_F195))
<BR><BR>[Stack]<UL><LI>Max Depth = 8<LI>Call Chain = DiagDid_Read_F195 &rArr; GetDataFromRom
</UL>
<BR>[Calls]<UL><LI><a href="#[160]">&gt;&gt;</a>&nbsp;&nbsp;&nbsp;GetDataFromRom
</UL>
<BR>[Address Reference Count : 1]<UL><LI> diagdid.o(i.DiagDid_Init)
</UL>
<P><STRONG><a name="[29]"></a>DiagDid_Read_F199</STRONG> (Thumb, 40 bytes, Stack size 16 bytes, diagdid.o(i.DiagDid_Read_F199))
<BR><BR>[Stack]<UL><LI>Max Depth = 132<LI>Call Chain = DiagDid_Read_F199 &rArr; DiagDid_ReadFromEep &rArr; CanDiag_ReadFromEep &rArr; EEPROM_Read
</UL>
<BR>[Calls]<UL><LI><a href="#[160]">&gt;&gt;</a>&nbsp;&nbsp;&nbsp;GetDataFromRom
<LI><a href="#[12d]">&gt;&gt;</a>&nbsp;&nbsp;&nbsp;DiagDid_ReadFromEep
</UL>
<BR>[Address Reference Count : 1]<UL><LI> diagdid.o(i.DiagDid_Init)
</UL>
<P><STRONG><a name="[30]"></a>DiagDid_Write_0110</STRONG> (Thumb, 78 bytes, Stack size 16 bytes, diagdid.o(i.DiagDid_Write_0110))
<BR><BR>[Stack]<UL><LI>Max Depth = 116<LI>Call Chain = DiagDid_Write_0110 &rArr; DiagDid_WriteToEep &rArr; CanDiag_WriteToEep &rArr; EEPROM_Write
</UL>
<BR>[Calls]<UL><LI><a href="#[161]">&gt;&gt;</a>&nbsp;&nbsp;&nbsp;DiagDid_WriteToEep
<LI><a href="#[12b]">&gt;&gt;</a>&nbsp;&nbsp;&nbsp;CanDiag_SecurityGet
</UL>
<BR>[Address Reference Count : 1]<UL><LI> diagdid.o(i.DiagDid_Init)
</UL>
<P><STRONG><a name="[2e]"></a>DiagDid_Write_F102</STRONG> (Thumb, 62 bytes, Stack size 8 bytes, diagdid.o(i.DiagDid_Write_F102))
<BR><BR>[Stack]<UL><LI>Max Depth = 108<LI>Call Chain = DiagDid_Write_F102 &rArr; DiagDid_WriteToEep &rArr; CanDiag_WriteToEep &rArr; EEPROM_Write
</UL>
<BR>[Calls]<UL><LI><a href="#[161]">&gt;&gt;</a>&nbsp;&nbsp;&nbsp;DiagDid_WriteToEep
<LI><a href="#[12b]">&gt;&gt;</a>&nbsp;&nbsp;&nbsp;CanDiag_SecurityGet
</UL>
<BR>[Address Reference Count : 1]<UL><LI> diagdid.o(i.DiagDid_Init)
</UL>
<P><STRONG><a name="[2f]"></a>DiagDid_Write_F103</STRONG> (Thumb, 62 bytes, Stack size 8 bytes, diagdid.o(i.DiagDid_Write_F103))
<BR><BR>[Stack]<UL><LI>Max Depth = 108<LI>Call Chain = DiagDid_Write_F103 &rArr; DiagDid_WriteToEep &rArr; CanDiag_WriteToEep &rArr; EEPROM_Write
</UL>
<BR>[Calls]<UL><LI><a href="#[161]">&gt;&gt;</a>&nbsp;&nbsp;&nbsp;DiagDid_WriteToEep
<LI><a href="#[12b]">&gt;&gt;</a>&nbsp;&nbsp;&nbsp;CanDiag_SecurityGet
</UL>
<BR>[Address Reference Count : 1]<UL><LI> diagdid.o(i.DiagDid_Init)
</UL>
<P><STRONG><a name="[2c]"></a>DiagDid_Write_F18C</STRONG> (Thumb, 84 bytes, Stack size 16 bytes, diagdid.o(i.DiagDid_Write_F18C))
<BR><BR>[Stack]<UL><LI>Max Depth = 132<LI>Call Chain = DiagDid_Write_F18C &rArr; DiagDid_ReadFromEep &rArr; CanDiag_ReadFromEep &rArr; EEPROM_Read
</UL>
<BR>[Calls]<UL><LI><a href="#[161]">&gt;&gt;</a>&nbsp;&nbsp;&nbsp;DiagDid_WriteToEep
<LI><a href="#[12d]">&gt;&gt;</a>&nbsp;&nbsp;&nbsp;DiagDid_ReadFromEep
<LI><a href="#[12b]">&gt;&gt;</a>&nbsp;&nbsp;&nbsp;CanDiag_SecurityGet
</UL>
<BR>[Address Reference Count : 1]<UL><LI> diagdid.o(i.DiagDid_Init)
</UL>
<P><STRONG><a name="[2d]"></a>DiagDid_Write_F190</STRONG> (Thumb, 62 bytes, Stack size 8 bytes, diagdid.o(i.DiagDid_Write_F190))
<BR><BR>[Stack]<UL><LI>Max Depth = 108<LI>Call Chain = DiagDid_Write_F190 &rArr; DiagDid_WriteToEep &rArr; CanDiag_WriteToEep &rArr; EEPROM_Write
</UL>
<BR>[Calls]<UL><LI><a href="#[161]">&gt;&gt;</a>&nbsp;&nbsp;&nbsp;DiagDid_WriteToEep
<LI><a href="#[12b]">&gt;&gt;</a>&nbsp;&nbsp;&nbsp;CanDiag_SecurityGet
</UL>
<BR>[Address Reference Count : 1]<UL><LI> diagdid.o(i.DiagDid_Init)
</UL>
<P><STRONG><a name="[16f]"></a>CalculateRandom</STRONG> (Thumb, 36 bytes, Stack size 0 bytes, diagsub.o(i.CalculateRandom))
<BR><BR>[Called By]<UL><LI><a href="#[169]">&gt;&gt;</a>&nbsp;&nbsp;&nbsp;DiagSub_Deal2701
</UL>

<P><STRONG><a name="[9a]"></a>AddRoundKey</STRONG> (Thumb, 36 bytes, Stack size 12 bytes, aes.o(i.AddRoundKey))
<BR><BR>[Stack]<UL><LI>Max Depth = 12<LI>Call Chain = AddRoundKey
</UL>
<BR>[Called By]<UL><LI><a href="#[99]">&gt;&gt;</a>&nbsp;&nbsp;&nbsp;AES_Cipher
</UL>

<P><STRONG><a name="[206]"></a>FFmul</STRONG> (Thumb, 66 bytes, Stack size 16 bytes, aes.o(i.FFmul))
<BR><BR>[Stack]<UL><LI>Max Depth = 16<LI>Call Chain = FFmul
</UL>
<BR>[Called By]<UL><LI><a href="#[9d]">&gt;&gt;</a>&nbsp;&nbsp;&nbsp;MixColumns
</UL>

<P><STRONG><a name="[9f]"></a>KeyExpansion</STRONG> (Thumb, 210 bytes, Stack size 40 bytes, aes.o(i.KeyExpansion))
<BR><BR>[Stack]<UL><LI>Max Depth = 40<LI>Call Chain = KeyExpansion
</UL>
<BR>[Called By]<UL><LI><a href="#[9e]">&gt;&gt;</a>&nbsp;&nbsp;&nbsp;AES_Init
</UL>

<P><STRONG><a name="[9d]"></a>MixColumns</STRONG> (Thumb, 134 bytes, Stack size 32 bytes, aes.o(i.MixColumns))
<BR><BR>[Stack]<UL><LI>Max Depth = 48<LI>Call Chain = MixColumns &rArr; FFmul
</UL>
<BR>[Calls]<UL><LI><a href="#[206]">&gt;&gt;</a>&nbsp;&nbsp;&nbsp;FFmul
</UL>
<BR>[Called By]<UL><LI><a href="#[99]">&gt;&gt;</a>&nbsp;&nbsp;&nbsp;AES_Cipher
</UL>

<P><STRONG><a name="[9c]"></a>ShiftRows</STRONG> (Thumb, 58 bytes, Stack size 16 bytes, aes.o(i.ShiftRows))
<BR><BR>[Stack]<UL><LI>Max Depth = 16<LI>Call Chain = ShiftRows
</UL>
<BR>[Called By]<UL><LI><a href="#[99]">&gt;&gt;</a>&nbsp;&nbsp;&nbsp;AES_Cipher
</UL>

<P><STRONG><a name="[9b]"></a>SubBytes</STRONG> (Thumb, 34 bytes, Stack size 8 bytes, aes.o(i.SubBytes))
<BR><BR>[Stack]<UL><LI>Max Depth = 8<LI>Call Chain = SubBytes
</UL>
<BR>[Called By]<UL><LI><a href="#[99]">&gt;&gt;</a>&nbsp;&nbsp;&nbsp;AES_Cipher
</UL>

<P><STRONG><a name="[258]"></a>_fadd1</STRONG> (Thumb, 0 bytes, Stack size unknown bytes, faddsub.o(x$fpl$fadd), UNUSED)
<BR><BR>[Called By]<UL><LI><a href="#[257]">&gt;&gt;</a>&nbsp;&nbsp;&nbsp;_fsub
</UL>

<P><STRONG><a name="[253]"></a>_fsub1</STRONG> (Thumb, 0 bytes, Stack size unknown bytes, faddsub.o(x$fpl$fsub), UNUSED)
<BR><BR>[Called By]<UL><LI><a href="#[252]">&gt;&gt;</a>&nbsp;&nbsp;&nbsp;_fadd
</UL>
<P>
<H3>
Undefined Global Symbols
</H3>
<P><STRONG><a name="[76]"></a>_call_atexit_fns</STRONG> (ARM, 0 bytes, Stack size 0 bytes, UNDEFINED)
<BR><BR>[Called By]<UL><LI><a href="#[61]">&gt;&gt;</a>&nbsp;&nbsp;&nbsp;exit
</UL>
<HR></body></html>
